 addon

 Timestamp is 5bad7630 (Fri Sep 28 02:30:40 2018)

 Preferred load address is 0000000180000000

 Start         Length     Name                   Class
 0001:00000000 00021ab0H .text$mn                CODE
 0001:00021ab0 00000020H .text$mn$00             CODE
 0001:00021ad0 00000470H .text$x                 CODE
 0002:00000000 000002d8H .idata$5                DATA
 0002:000002d8 00000010H .00cfg                  DATA
 0002:000002e8 00000008H .CRT$XCA                DATA
 0002:000002f0 00000008H .CRT$XCU                DATA
 0002:000002f8 00000008H .CRT$XCZ                DATA
 0002:00000300 00000008H .CRT$XIA                DATA
 0002:00000308 00000018H .CRT$XIC                DATA
 0002:00000320 00000008H .CRT$XIZ                DATA
 0002:00000328 00000008H .CRT$XPA                DATA
 0002:00000330 00000010H .CRT$XPX                DATA
 0002:00000340 00000008H .CRT$XPXA               DATA
 0002:00000348 00000008H .CRT$XPZ                DATA
 0002:00000350 00000008H .CRT$XTA                DATA
 0002:00000358 00000008H .CRT$XTZ                DATA
 0002:00000360 00000000H .gfids$y                DATA
 0002:00000360 0000b6b0H .rdata                  DATA
 0002:0000ba10 0000037cH .rdata$r                DATA
 0002:0000bd8c 00000334H .rdata$zzzdbg           DATA
 0002:0000c0c0 00000008H .rtc$IAA                DATA
 0002:0000c0c8 00000008H .rtc$IZZ                DATA
 0002:0000c0d0 00000008H .rtc$TAA                DATA
 0002:0000c0d8 00000008H .rtc$TZZ                DATA
 0002:0000c0e0 00001a30H .xdata                  DATA
 0002:0000db10 000001e0H .xdata$x                DATA
 0002:0000dcf0 00000050H .edata                  DATA
 0002:0000dd40 00000028H .idata$2                DATA
 0002:0000dd68 00000018H .idata$3                DATA
 0002:0000dd80 000002d8H .idata$4                DATA
 0002:0000e058 00000962H .idata$6                DATA
 0003:00000000 00000a80H .data                   DATA
 0003:00000a80 00000120H .data$r                 DATA
 0003:00000ba0 00001200H .bss                    DATA
 0004:00000000 00001aacH .pdata                  DATA
 0005:00000000 00000060H .rsrc$01                DATA
 0005:00000060 00000180H .rsrc$02                DATA

  Address         Publics by Value              Rva+Base               Lib:Object

 0000:00000000       __hybrid_code_map_count    0000000000000000     <absolute>
 0000:00000000       __hybrid_code_map          0000000000000000     <absolute>
 0000:00000000       __guard_iat_count          0000000000000000     <absolute>
 0000:00000000       __guard_longjmp_count      0000000000000000     <absolute>
 0000:00000000       __guard_longjmp_table      0000000000000000     <absolute>
 0000:00000000       __volatile_metadata        0000000000000000     <absolute>
 0000:00000000       __guard_iat_table          0000000000000000     <absolute>
 0000:00000000       __guard_fids_count         0000000000000000     <absolute>
 0000:00000000       ___safe_se_handler_count   0000000000000000     <absolute>
 0000:00000000       __enclave_config           0000000000000000     <absolute>
 0000:00000000       ___safe_se_handler_table   0000000000000000     <absolute>
 0000:00000000       __guard_fids_table         0000000000000000     <absolute>
 0000:00000000       __hybrid_auxiliary_iat     0000000000000000     <absolute>
 0000:00000000       __dynamic_value_reloc_table 0000000000000000     <absolute>
 0000:00000100       __guard_flags              0000000000000100     <absolute>
 0000:00000000       __ImageBase                0000000180000000     <linker-defined>
 0001:00000000       __local_stdio_printf_options 0000000180001000 f i main.obj
 0001:00000010       __local_stdio_scanf_options 0000000180001010 f i main.obj
 0001:00000020       sscanf                     0000000180001020 f i main.obj
 0001:000001b0       ?mods_apply_m@@YAHIIPEAUbeatmap_stats@@I@Z 00000001800011b0 f   main.obj
 0001:00000450       ?mods_apply@@YAXIPEAUbeatmap_stats@@I@Z 0000000180001450 f   main.obj
 0001:000009d0       ?p_init@@YAHPEAUparser@@@Z 00000001800019d0 f   main.obj
 0001:000027d0       ?p_map@@YAHPEAUparser@@PEAUbeatmap@@PEAU_iobuf@@@Z 00000001800037d0 f   main.obj
 0001:000041c0       ?ppv2p@@YAHPEAUpp_calc@@PEAUpp_params@@@Z 00000001800051c0 f   main.obj
 0001:000042f0       ?info@demo@@YAHPEBDZZ      00000001800052f0 f   main.obj
 0001:00004350       ?Method@demo@@YAXAEBV?$FunctionCallbackInfo@VValue@v8@@@v8@@@Z 0000000180005350 f   main.obj
 0001:00004a30       ?Initialize@demo@@YAXV?$Local@VObject@v8@@@v8@@@Z 0000000180005a30 f   main.obj
 0001:00004b00       ?assign@?$basic_string@DU?$char_traits@D@std@@V?$allocator@D@2@@std@@QEAAAEAV12@QEBD_K@Z 0000000180005b00 f i main.obj
 0001:00004c50       ?_Xlen@?$basic_string@DU?$char_traits@D@std@@V?$allocator@D@2@@std@@SAXXZ 0000000180005c50 f i main.obj
 0001:00004c64       ??0bad_alloc@std@@QEAA@AEBV01@@Z 0000000180005c64 f i libcpmt:xthrow.obj
 0001:00004ca4       ??0bad_alloc@std@@QEAA@XZ  0000000180005ca4 f i libcpmt:xthrow.obj
 0001:00004cc4       ??0exception@std@@QEAA@AEBV01@@Z 0000000180005cc4 f i libcpmt:xthrow.obj
 0001:00004cfc       ??0length_error@std@@QEAA@AEBV01@@Z 0000000180005cfc f i libcpmt:xthrow.obj
 0001:00004d3c       ??0length_error@std@@QEAA@PEBD@Z 0000000180005d3c f i libcpmt:xthrow.obj
 0001:00004d88       ??0logic_error@std@@QEAA@AEBV01@@Z 0000000180005d88 f i libcpmt:xthrow.obj
 0001:00004dc8       ??1bad_array_new_length@std@@UEAA@XZ 0000000180005dc8 f i LIBCMT:throw_bad_alloc.obj
 0001:00004dc8       ??1length_error@std@@UEAA@XZ 0000000180005dc8 f i libcpmt:xthrow.obj
 0001:00004dc8       ??1bad_alloc@std@@UEAA@XZ  0000000180005dc8 f i libcpmt:xthrow.obj
 0001:00004dc8       ??1bad_exception@std@@UEAA@XZ 0000000180005dc8 f i libvcruntime:frame.obj
 0001:00004ddc       ??_Elength_error@std@@UEAAPEAXI@Z 0000000180005ddc f i libcpmt:xthrow.obj
 0001:00004ddc       ??_Ebad_exception@std@@UEAAPEAXI@Z 0000000180005ddc f i libvcruntime:frame.obj
 0001:00004ddc       ??_Gbad_alloc@std@@UEAAPEAXI@Z 0000000180005ddc f i libcpmt:xthrow.obj
 0001:00004ddc       ??_Gbad_exception@std@@UEAAPEAXI@Z 0000000180005ddc f i libvcruntime:frame.obj
 0001:00004ddc       ??_Glogic_error@std@@UEAAPEAXI@Z 0000000180005ddc f i libcpmt:xthrow.obj
 0001:00004ddc       ??_Glength_error@std@@UEAAPEAXI@Z 0000000180005ddc f i libcpmt:xthrow.obj
 0001:00004ddc       ??_Elogic_error@std@@UEAAPEAXI@Z 0000000180005ddc f i libcpmt:xthrow.obj
 0001:00004ddc       ??_Ebad_alloc@std@@UEAAPEAXI@Z 0000000180005ddc f i libcpmt:xthrow.obj
 0001:00004ddc       ??_Eexception@std@@UEAAPEAXI@Z 0000000180005ddc f i libcpmt:xthrow.obj
 0001:00004ddc       ??_Gbad_array_new_length@std@@UEAAPEAXI@Z 0000000180005ddc f i LIBCMT:throw_bad_alloc.obj
 0001:00004ddc       ??_Ebad_array_new_length@std@@UEAAPEAXI@Z 0000000180005ddc f i LIBCMT:throw_bad_alloc.obj
 0001:00004ddc       ??_Gexception@std@@UEAAPEAXI@Z 0000000180005ddc f i libcpmt:xthrow.obj
 0001:00004e20       ?_Xlength_error@std@@YAXPEBD@Z 0000000180005e20 f   libcpmt:xthrow.obj
 0001:00004e44       ?what@exception@std@@UEBAPEBDXZ 0000000180005e44 f i libcpmt:xthrow.obj
 0001:00004e70       __security_check_cookie    0000000180005e70 f   LIBCMT:_amdsecgs_.obj
 0001:00004e94       ??2@YAPEAX_K@Z             0000000180005e94 f   LIBCMT:new_scalar.obj
 0001:00004ed0       ??3@YAXPEAX_K@Z            0000000180005ed0 f   LIBCMT:delete_scalar_size.obj
 0001:00005208       _DllMainCRTStartup         0000000180006208 f   LIBCMT:dll_dllmain.obj
 0001:00005248       ??_Gtype_info@@UEAAPEAXI@Z 0000000180006248 f i LIBCMT:std_type_info_static.obj
 0001:00005248       ??_Etype_info@@UEAAPEAXI@Z 0000000180006248 f i LIBCMT:std_type_info_static.obj
 0001:00005274       __raise_securityfailure    0000000180006274 f   LIBCMT:gs_report.obj
 0001:000052a8       __report_gsfailure         00000001800062a8 f   LIBCMT:gs_report.obj
 0001:0000537c       __report_rangecheckfailure 000000018000637c f   LIBCMT:gs_report.obj
 0001:00005390       __report_securityfailure   0000000180006390 f   LIBCMT:gs_report.obj
 0001:00005510       ??0bad_array_new_length@std@@QEAA@AEBV01@@Z 0000000180006510 f i LIBCMT:throw_bad_alloc.obj
 0001:00005550       ??0bad_array_new_length@std@@QEAA@XZ 0000000180006550 f i LIBCMT:throw_bad_alloc.obj
 0001:00005570       ?__scrt_throw_std_bad_alloc@@YAXXZ 0000000180006570 f   LIBCMT:throw_bad_alloc.obj
 0001:00005590       ?__scrt_throw_std_bad_array_new_length@@YAXXZ 0000000180006590 f   LIBCMT:throw_bad_alloc.obj
 0001:000055b0       ??3@YAXPEAX@Z              00000001800065b0 f   LIBCMT:delete_scalar.obj
 0001:000055b8       __security_init_cookie     00000001800065b8 f   LIBCMT:gs_support.obj
 0001:00005664       DllMain                    0000000180006664 f   LIBCMT:dll_dllmain_stub.obj
 0001:00005664       _get_startup_argv_mode     0000000180006664 f   LIBCMT:argv_mode.obj
 0001:0000566c       ?__scrt_initialize_type_info@@YAXXZ 000000018000666c f   LIBCMT:tncleanup.obj
 0001:0000567c       ?__scrt_uninitialize_type_info@@YAXXZ 000000018000667c f   LIBCMT:tncleanup.obj
 0001:00005688       __scrt_initialize_default_local_stdio_options 0000000180006688 f   LIBCMT:default_local_stdio_options.obj
 0001:000056a4       __scrt_acquire_startup_lock 00000001800066a4 f   LIBCMT:utility.obj
 0001:000056e0       __scrt_dllmain_after_initialize_c 00000001800066e0 f   LIBCMT:utility.obj
 0001:00005714       __scrt_dllmain_before_initialize_c 0000000180006714 f   LIBCMT:utility.obj
 0001:0000572c       __scrt_dllmain_crt_thread_attach 000000018000672c f   LIBCMT:utility.obj
 0001:00005754       __scrt_dllmain_crt_thread_detach 0000000180006754 f   LIBCMT:utility.obj
 0001:0000576c       __scrt_dllmain_exception_filter 000000018000676c f   LIBCMT:utility.obj
 0001:000057cc       __scrt_dllmain_uninitialize_c 00000001800067cc f   LIBCMT:utility.obj
 0001:000057fc       __scrt_dllmain_uninitialize_critical 00000001800067fc f   LIBCMT:utility.obj
 0001:00005810       __scrt_initialize_crt      0000000180006810 f   LIBCMT:utility.obj
 0001:0000585c       __scrt_initialize_onexit_tables 000000018000685c f   LIBCMT:utility.obj
 0001:00005934       __scrt_is_nonwritable_in_current_image 0000000180006934 f   LIBCMT:utility.obj
 0001:000059d0       __scrt_release_startup_lock 00000001800069d0 f   LIBCMT:utility.obj
 0001:000059f4       __scrt_uninitialize_crt    00000001800069f4 f   LIBCMT:utility.obj
 0001:00005a20       __scrt_get_dyn_tls_init_callback 0000000180006a20 f   LIBCMT:dyn_tls_init.obj
 0001:00005a28       __crt_debugger_hook        0000000180006a28 f   LIBCMT:utility_desktop.obj
 0001:00005a30       __scrt_fastfail            0000000180006a30 f   LIBCMT:utility_desktop.obj
 0001:00005b7c       _RTC_Initialize            0000000180006b7c f   LIBCMT:_initsect_.obj
 0001:00005bb8       _RTC_Terminate             0000000180006bb8 f   LIBCMT:_initsect_.obj
 0001:00005bf4       _guard_check_icall_nop     0000000180006bf4 f i LIBCMT:guard_support.obj
 0001:00005bf8       __isa_available_init       0000000180006bf8 f   LIBCMT:_cpu_disp_.obj
 0001:00005db4       __scrt_is_ucrt_dll_in_use  0000000180006db4 f   LIBCMT:ucrt_detection.obj
 0001:00005dc0       __std_exception_copy       0000000180006dc0 f   libvcruntime:std_exception.obj
 0001:00005e50       __std_exception_destroy    0000000180006e50 f   libvcruntime:std_exception.obj
 0001:00005e78       _CxxThrowException         0000000180006e78 f   libvcruntime:throw.obj
 0001:00005f38       __C_specific_handler       0000000180006f38 f   libvcruntime:_riscchandler_.obj
 0001:00006144       __std_type_info_compare    0000000180007144 f   libvcruntime:std_type_info.obj
 0001:0000616c       __std_type_info_destroy_list 000000018000716c f   libvcruntime:std_type_info.obj
 0001:00006198       __vcrt_initialize          0000000180007198 f   libvcruntime:initialization.obj
 0001:000061cc       __vcrt_thread_attach       00000001800071cc f   libvcruntime:initialization.obj
 0001:000061e0       __vcrt_thread_detach       00000001800071e0 f   libvcruntime:initialization.obj
 0001:000061f4       __vcrt_uninitialize        00000001800071f4 f   libvcruntime:initialization.obj
 0001:00006214       __vcrt_uninitialize_critical 0000000180007214 f   libvcruntime:initialization.obj
 0001:00006240       memset_repmovs             0000000180007240 f   libvcruntime:memset.obj
 0001:00006260       memset                     0000000180007260 f   libvcruntime:memset.obj
 0001:00006400       _NLG_Notify                0000000180007400 f   libvcruntime:_notify_.obj
 0001:00006420       __NLG_Dispatch2            0000000180007420 f   libvcruntime:_notify_.obj
 0001:00006430       __NLG_Return2              0000000180007430 f   libvcruntime:_notify_.obj
 0001:00006434       __except_validate_context_record 0000000180007434 f   libvcruntime:jbcxrval.obj
 0001:0000646c       __DestructExceptionObject  000000018000746c f   libvcruntime:ehhelpers.obj
 0001:000064e0       ?_CallMemberFunction0@@YAXQEAX0@Z 00000001800074e0 f i libvcruntime:ehhelpers.obj
 0001:000064e4       _IsExceptionObjectToBeDestroyed 00000001800074e4 f   libvcruntime:ehhelpers.obj
 0001:00006514       __AdjustPointer            0000000180007514 f   libvcruntime:ehhelpers.obj
 0001:00006538       __FrameUnwindFilter        0000000180007538 f   libvcruntime:ehhelpers.obj
 0001:00006584       __vcrt_freefls             0000000180007584 f   libvcruntime:per_thread_data.obj
 0001:000065a4       __vcrt_freeptd             00000001800075a4 f   libvcruntime:per_thread_data.obj
 0001:000065f4       __vcrt_getptd              00000001800075f4 f   libvcruntime:per_thread_data.obj
 0001:00006610       __vcrt_getptd_noexit       0000000180007610 f   libvcruntime:per_thread_data.obj
 0001:000066dc       __vcrt_initialize_ptd      00000001800076dc f   libvcruntime:per_thread_data.obj
 0001:00006730       __vcrt_uninitialize_ptd    0000000180007730 f   libvcruntime:per_thread_data.obj
 0001:00006754       __vcrt_initialize_locks    0000000180007754 f   libvcruntime:locks.obj
 0001:0000679c       __vcrt_uninitialize_locks  000000018000779c f   libvcruntime:locks.obj
 0001:000069ac       __vcrt_FlsAlloc            00000001800079ac f   libvcruntime:winapi_downlevel.obj
 0001:000069f4       __vcrt_FlsFree             00000001800079f4 f   libvcruntime:winapi_downlevel.obj
 0001:00006a3c       __vcrt_FlsGetValue         0000000180007a3c f   libvcruntime:winapi_downlevel.obj
 0001:00006a84       __vcrt_FlsSetValue         0000000180007a84 f   libvcruntime:winapi_downlevel.obj
 0001:00006ad8       __vcrt_InitializeCriticalSectionEx 0000000180007ad8 f   libvcruntime:winapi_downlevel.obj
 0001:00006b3c       __vcrt_initialize_winapi_thunks 0000000180007b3c f   libvcruntime:winapi_downlevel.obj
 0001:00006b6c       __vcrt_uninitialize_winapi_thunks 0000000180007b6c f   libvcruntime:winapi_downlevel.obj
 0001:00006bac       __vcrt_initialize_pure_virtual_call_handler 0000000180007bac f   libvcruntime:purevirt_data.obj
 0001:00006bbc       ??$_CallSETranslator@V__FrameHandler3@@@@YAHPEAUEHExceptionRecord@@PEA_KPEAU_CONTEXT@@PEAU_xDISPATCHER_CONTEXT@@PEBU_s_FuncInfo@@K1@Z 0000000180007bbc f i libvcruntime:risctrnsctrl.obj
 0001:00006c10       ?CatchTryBlock@__FrameHandler3@@SAPEBU_s_TryBlockMapEntry@@PEBU_s_FuncInfo@@H@Z 0000000180007c10 f   libvcruntime:risctrnsctrl.obj
 0001:00006c68       ?ExecutionInCatch@__FrameHandler3@@SA_NPEAU_xDISPATCHER_CONTEXT@@PEBU_s_FuncInfo@@@Z 0000000180007c68 f   libvcruntime:risctrnsctrl.obj
 0001:00006c94       ?FrameUnwindToEmptyState@__FrameHandler3@@SAXPEA_KPEAU_xDISPATCHER_CONTEXT@@PEBU_s_FuncInfo@@@Z 0000000180007c94 f   libvcruntime:risctrnsctrl.obj
 0001:00006cf8       ?GetEstablisherFrame@__FrameHandler3@@SAPEA_KPEA_KPEAU_xDISPATCHER_CONTEXT@@PEBU_s_FuncInfo@@0@Z 0000000180007cf8 f   libvcruntime:risctrnsctrl.obj
 0001:00006dc4       ?GetRangeOfTrysToCheck@__FrameHandler3@@SA?AU?$pair@Viterator@TryBlockMap@__FrameHandler3@@V123@@std@@AEAVTryBlockMap@1@HH@Z 0000000180007dc4 f   libvcruntime:risctrnsctrl.obj
 0001:00006f20       ?UnwindNestedFrames@__FrameHandler3@@SAXPEA_KPEAUEHExceptionRecord@@PEAU_CONTEXT@@0PEAXPEBU_s_FuncInfo@@HHPEBU_s_HandlerType@@PEAU_xDISPATCHER_CONTEXT@@E@Z 0000000180007f20 f   libvcruntime:risctrnsctrl.obj
 0001:00007044       _CreateFrameInfo           0000000180008044 f   libvcruntime:risctrnsctrl.obj
 0001:00007080       _FindAndUnlinkFrame        0000000180008080 f   libvcruntime:risctrnsctrl.obj
 0001:000070d4       _GetImageBase              00000001800080d4 f   libvcruntime:risctrnsctrl.obj
 0001:000070e8       _GetThrowImageBase         00000001800080e8 f   libvcruntime:risctrnsctrl.obj
 0001:000070fc       _SetImageBase              00000001800080fc f   libvcruntime:risctrnsctrl.obj
 0001:00007114       _SetThrowImageBase         0000000180008114 f   libvcruntime:risctrnsctrl.obj
 0001:0000712c       __CxxFrameHandler3         000000018000812c f   libvcruntime:risctrnsctrl.obj
 0001:000071c0       memcpy_repmovs             00000001800081c0 f   libvcruntime:memcpy.obj
 0001:000071e0       memmove                    00000001800081e0 f   libvcruntime:memcpy.obj
 0001:000071e0       memcpy                     00000001800081e0 f   libvcruntime:memcpy.obj
 0001:00007618       ?GetCurrentState@__FrameHandler3@@SAHPEA_KPEAU_xDISPATCHER_CONTEXT@@PEBU_s_FuncInfo@@@Z 0000000180008618 f   libvcruntime:ehstate.obj
 0001:00007640       ?GetUnwindTryBlock@__FrameHandler3@@SAHPEA_KPEAU_xDISPATCHER_CONTEXT@@PEBU_s_FuncInfo@@@Z 0000000180008640 f   libvcruntime:ehstate.obj
 0001:0000766c       ?SetState@__FrameHandler3@@SAXPEA_KPEBU_s_FuncInfo@@H@Z 000000018000866c f   libvcruntime:ehstate.obj
 0001:00007678       ?SetUnwindTryBlock@__FrameHandler3@@SAXPEA_KPEAU_xDISPATCHER_CONTEXT@@PEBU_s_FuncInfo@@H@Z 0000000180008678 f   libvcruntime:ehstate.obj
 0001:000076b4       ?StateFromControlPc@__FrameHandler3@@SAHPEBU_s_FuncInfo@@PEAU_xDISPATCHER_CONTEXT@@@Z 00000001800086b4 f   libvcruntime:ehstate.obj
 0001:000076bc       ?StateFromIp@__FrameHandler3@@SAHPEBU_s_FuncInfo@@PEAU_xDISPATCHER_CONTEXT@@_K@Z 00000001800086bc f   libvcruntime:ehstate.obj
 0001:00008148       ??$TypeMatchHelper@$$CBU_s_HandlerType@@@@YAHPEBU_s_HandlerType@@PEBU_s_CatchableType@@PEBU_s_ThrowInfo@@@Z 0000000180009148 f i libvcruntime:frame.obj
 0001:0000828c       ??$__InternalCxxFrameHandler@V__FrameHandler3@@@@YA?AW4_EXCEPTION_DISPOSITION@@PEAUEHExceptionRecord@@PEA_KPEAU_CONTEXT@@PEAU_xDISPATCHER_CONTEXT@@PEBU_s_FuncInfo@@H1E@Z 000000018000928c f i libvcruntime:frame.obj
 0001:000084d4       ??0bad_exception@std@@QEAA@AEBV01@@Z 00000001800094d4 f i libvcruntime:frame.obj
 0001:00008514       ??0bad_exception@std@@QEAA@XZ 0000000180009514 f i libvcruntime:frame.obj
 0001:00008534       ?CxxCallCatchBlock@__FrameHandler3@@SAPEAXPEAU_EXCEPTION_RECORD@@@Z 0000000180009534 f   libvcruntime:frame.obj
 0001:000087a8       ?FrameUnwindToState@__FrameHandler3@@SAXPEA_KPEAU_xDISPATCHER_CONTEXT@@PEBU_s_FuncInfo@@H@Z 00000001800097a8 f   libvcruntime:frame.obj
 0001:0000893c       ?GetHandlerSearchState@__FrameHandler3@@SAHPEA_KPEAU_xDISPATCHER_CONTEXT@@PEBU_s_FuncInfo@@@Z 000000018000993c f i libvcruntime:frame.obj
 0001:00008b40       ?_CallMemberFunction1@@YAXQEAX00@Z 0000000180009b40 f i libvcruntime:frame.obj
 0001:00008b4c       ?_CallMemberFunction2@@YAXQEAX00H@Z 0000000180009b4c f i libvcruntime:frame.obj
 0001:00008b70       _CallSettingFrame          0000000180009b70 f   libvcruntime:handlers.obj
 0001:00008bc0       _CallSettingFrameEncoded   0000000180009bc0 f   libvcruntime:handlers.obj
 0001:00008d88       _wfopen                    0000000180009d88 f   libucrt:fopen.obj
 0001:00008d94       fopen                      0000000180009d94 f   libucrt:fopen.obj
 0001:00008da0       __acrt_initialize_stdio    0000000180009da0 f   libucrt:_file.obj
 0001:00008ec0       __acrt_iob_func            0000000180009ec0 f   libucrt:_file.obj
 0001:00008ed4       __acrt_uninitialize_stdio  0000000180009ed4 f   libucrt:_file.obj
 0001:00008f30       _lock_file                 0000000180009f30 f   libucrt:_file.obj
 0001:00008f3c       _unlock_file               0000000180009f3c f   libucrt:_file.obj
 0001:00008f48       _fclose_nolock             0000000180009f48 f   libucrt:fclose.obj
 0001:00008fcc       fclose                     0000000180009fcc f   libucrt:fclose.obj
 0001:00009030       realloc                    000000018000a030 f   libucrt:realloc.obj
 0001:00009078       ??$ensure_buffer_is_big_enough@D@formatting_buffer@__crt_stdio_output@@QEAA_N_K@Z 000000018000a078 f i libucrt:output.obj
 0001:00009120       ??$type_case_integer_parse_into_buffer@I@?$output_processor@DV?$stream_output_adapter@D@__crt_stdio_output@@V?$standard_base@DV?$stream_output_adapter@D@__crt_stdio_output@@@2@@__crt_stdio_output@@AEAAXII_N@Z 000000018000a120 f i libucrt:output.obj
 0001:000091b0       ??$type_case_integer_parse_into_buffer@_K@?$output_processor@DV?$stream_output_adapter@D@__crt_stdio_output@@V?$standard_base@DV?$stream_output_adapter@D@__crt_stdio_output@@@2@@__crt_stdio_output@@AEAAX_KI_N@Z 000000018000a1b0 f i libucrt:output.obj
 0001:00009244       ??$write_multiple_characters@V?$stream_output_adapter@D@__crt_stdio_output@@D@__crt_stdio_output@@YAXAEBV?$stream_output_adapter@D@0@DHQEAH@Z 000000018000a244 f i libucrt:output.obj
 0001:000092d0       ??0_LocaleUpdate@@QEAA@QEAU__crt_locale_pointers@@@Z 000000018000a2d0 f i libucrt:output.obj
 0001:0000936c       ??1_LocaleUpdate@@QEAA@XZ  000000018000a36c f i libucrt:output.obj
 0001:000094b0       ?crop_zeroes@__crt_stdio_output@@YAXPEADQEAU__crt_locale_pointers@@@Z 000000018000a4b0 f i libucrt:output.obj
 0001:0000951c       ?force_decimal_point@__crt_stdio_output@@YAXPEADQEAU__crt_locale_pointers@@@Z 000000018000a51c f i libucrt:output.obj
 0001:0000958c       ?parse_int_from_format_string@?$output_processor@DV?$stream_output_adapter@D@__crt_stdio_output@@V?$standard_base@DV?$stream_output_adapter@D@__crt_stdio_output@@@2@@__crt_stdio_output@@AEAA_NQEAH@Z 000000018000a58c f i libucrt:output.obj
 0001:00009630       ?process@?$output_processor@DV?$stream_output_adapter@D@__crt_stdio_output@@V?$standard_base@DV?$stream_output_adapter@D@__crt_stdio_output@@@2@@__crt_stdio_output@@QEAAHXZ 000000018000a630 f i libucrt:output.obj
 0001:00009844       ?state_case_normal@?$output_processor@DV?$stream_output_adapter@D@__crt_stdio_output@@V?$standard_base@DV?$stream_output_adapter@D@__crt_stdio_output@@@2@@__crt_stdio_output@@AEAA_NXZ 000000018000a844 f i libucrt:output.obj
 0001:000098b4       ?state_case_normal_tchar@?$output_processor@DV?$stream_output_adapter@D@__crt_stdio_output@@V?$standard_base@DV?$stream_output_adapter@D@__crt_stdio_output@@@2@@__crt_stdio_output@@AEAA_ND@Z 000000018000a8b4 f i libucrt:output.obj
 0001:00009950       ?state_case_size@?$output_processor@DV?$stream_output_adapter@D@__crt_stdio_output@@V?$standard_base@DV?$stream_output_adapter@D@__crt_stdio_output@@@2@@__crt_stdio_output@@AEAA_NXZ 000000018000a950 f i libucrt:output.obj
 0001:00009ac4       ?state_case_type@?$output_processor@DV?$stream_output_adapter@D@__crt_stdio_output@@V?$standard_base@DV?$stream_output_adapter@D@__crt_stdio_output@@@2@@__crt_stdio_output@@AEAA_NXZ 000000018000aac4 f i libucrt:output.obj
 0001:00009d54       ?type_case_Z@?$output_processor@DV?$stream_output_adapter@D@__crt_stdio_output@@V?$standard_base@DV?$stream_output_adapter@D@__crt_stdio_output@@@2@@__crt_stdio_output@@AEAA_NXZ 000000018000ad54 f i libucrt:output.obj
 0001:00009dcc       ?type_case_a@?$output_processor@DV?$stream_output_adapter@D@__crt_stdio_output@@V?$standard_base@DV?$stream_output_adapter@D@__crt_stdio_output@@@2@@__crt_stdio_output@@AEAA_NXZ 000000018000adcc f i libucrt:output.obj
 0001:00009f88       ?type_case_c_tchar@?$output_processor@DV?$stream_output_adapter@D@__crt_stdio_output@@V?$standard_base@DV?$stream_output_adapter@D@__crt_stdio_output@@@2@@__crt_stdio_output@@AEAA_ND@Z 000000018000af88 f i libucrt:output.obj
 0001:0000a04c       ?type_case_integer@?$output_processor@DV?$stream_output_adapter@D@__crt_stdio_output@@V?$standard_base@DV?$stream_output_adapter@D@__crt_stdio_output@@@2@@__crt_stdio_output@@AEAA_NI_N@Z 000000018000b04c f i libucrt:output.obj
 0001:0000a214       ?type_case_n@?$output_processor@DV?$stream_output_adapter@D@__crt_stdio_output@@V?$standard_base@DV?$stream_output_adapter@D@__crt_stdio_output@@@2@@__crt_stdio_output@@AEAA_NXZ 000000018000b214 f i libucrt:output.obj
 0001:0000a2f0       ?type_case_s@?$output_processor@DV?$stream_output_adapter@D@__crt_stdio_output@@V?$standard_base@DV?$stream_output_adapter@D@__crt_stdio_output@@@2@@__crt_stdio_output@@AEAA_NXZ 000000018000b2f0 f i libucrt:output.obj
 0001:0000a388       ?validate_stream_is_ansi_if_required@?$__acrt_stdio_char_traits@D@@SA_NQEAU_iobuf@@@Z 000000018000b388 f i libucrt:output.obj
 0001:0000a41c       ?write_stored_string_tchar@?$output_processor@DV?$stream_output_adapter@D@__crt_stdio_output@@V?$standard_base@DV?$stream_output_adapter@D@__crt_stdio_output@@@2@@__crt_stdio_output@@AEAA_ND@Z 000000018000b41c f i libucrt:output.obj
 0001:0000a540       ?write_string_impl@?$output_adapter_common@DV?$stream_output_adapter@D@__crt_stdio_output@@@__crt_stdio_output@@IEBAXQEBDHQEAHAEAV__crt_deferred_errno_cache@@@Z 000000018000b540 f i libucrt:output.obj
 0001:0000a638       __stdio_common_vfprintf    000000018000b638 f   libucrt:output.obj
 0001:0000a6d0       qsort                      000000018000b6d0 f   libucrt:qsort.obj
 0001:0000aa90       strncmp                    000000018000ba90 f   libucrt:strncmp.obj
 0001:0000abb4       _fwrite_nolock             000000018000bbb4 f   libucrt:fwrite.obj
 0001:0000ad5c       fwrite                     000000018000bd5c f   libucrt:fwrite.obj
 0001:0000ade0       __acrt_errno_from_os_error 000000018000bde0 f   libucrt:errno.obj
 0001:0000ae28       __acrt_errno_map_os_error  000000018000be28 f   libucrt:errno.obj
 0001:0000ae78       __doserrno                 000000018000be78 f   libucrt:errno.obj
 0001:0000ae98       _errno                     000000018000be98 f   libucrt:errno.obj
 0001:0000aeb8       free                       000000018000beb8 f   libucrt:free.obj
 0001:0000aecc       ??$is_overflow_condition@_K@__crt_strtox@@YA_NI_K@Z 000000018000becc f i libucrt:atox.obj
 0001:0000aefc       ??$parse_integer@KV?$c_string_character_source@D@__crt_strtox@@@__crt_strtox@@YAKQEAU__crt_locale_pointers@@V?$c_string_character_source@D@0@H_N@Z 000000018000befc f i libucrt:atox.obj
 0001:0000b238       ??$parse_integer@_KV?$c_string_character_source@D@__crt_strtox@@@__crt_strtox@@YA_KQEAU__crt_locale_pointers@@V?$c_string_character_source@D@0@H_N@Z 000000018000c238 f i libucrt:atox.obj
 0001:0000b56c       atoi                       000000018000c56c f   libucrt:atox.obj
 0001:0000b598       feof                       000000018000c598 f   libucrt:feoferr.obj
 0001:0000b5c4       _fread_nolock_s            000000018000c5c4 f   libucrt:fread.obj
 0001:0000b854       fread                      000000018000c854 f   libucrt:fread.obj
 0001:0000b874       fread_s                    000000018000c874 f   libucrt:fread.obj
 0001:0000b91c       ??$parse_floating_point@V?$input_adapter_character_source@V?$string_input_adapter@D@__crt_stdio_input@@@__crt_strtox@@M@__crt_strtox@@YA?AW4SLD_STATUS@@QEAU__crt_locale_pointers@@V?$input_adapter_character_source@V?$string_input_adapter@D@__crt_stdio_input@@@0@QEAM@Z 000000018000c91c f i libucrt:input.obj
 0001:0000b9c4       ??$parse_floating_point@V?$input_adapter_character_source@V?$string_input_adapter@D@__crt_stdio_input@@@__crt_strtox@@N@__crt_strtox@@YA?AW4SLD_STATUS@@QEAU__crt_locale_pointers@@V?$input_adapter_character_source@V?$string_input_adapter@D@__crt_stdio_input@@@0@QEAN@Z 000000018000c9c4 f i libucrt:input.obj
 0001:0000ba6c       ??$parse_floating_point_from_source@V?$input_adapter_character_source@V?$string_input_adapter@D@__crt_stdio_input@@@__crt_strtox@@@__crt_strtox@@YA?AW4floating_point_parse_result@0@QEAU__crt_locale_pointers@@AEAV?$input_adapter_character_source@V?$string_input_adapter@D@__crt_stdio_input@@@0@AEAUfloating_point_string@0@@Z 000000018000ca6c f i libucrt:input.obj
 0001:0000c340       ??$parse_floating_point_possible_infinity@DV?$input_adapter_character_source@V?$string_input_adapter@D@__crt_stdio_input@@@__crt_strtox@@_K@__crt_strtox@@YA?AW4floating_point_parse_result@0@AEADAEAV?$input_adapter_character_source@V?$string_input_adapter@D@__crt_stdio_input@@@0@_K@Z 000000018000d340 f i libucrt:input.obj
 0001:0000c58c       ??$parse_floating_point_possible_nan@DV?$input_adapter_character_source@V?$string_input_adapter@D@__crt_stdio_input@@@__crt_strtox@@_K@__crt_strtox@@YA?AW4floating_point_parse_result@0@AEADAEAV?$input_adapter_character_source@V?$string_input_adapter@D@__crt_stdio_input@@@0@_K@Z 000000018000d58c f i libucrt:input.obj
 0001:0000c8c0       ??$parse_floating_point_possible_nan_is_ind@DV?$input_adapter_character_source@V?$string_input_adapter@D@__crt_stdio_input@@@__crt_strtox@@@__crt_strtox@@YA_NAEADAEAV?$input_adapter_character_source@V?$string_input_adapter@D@__crt_stdio_input@@@0@@Z 000000018000d8c0 f i libucrt:input.obj
 0001:0000c93c       ??$parse_floating_point_possible_nan_is_snan@DV?$input_adapter_character_source@V?$string_input_adapter@D@__crt_stdio_input@@@__crt_strtox@@@__crt_strtox@@YA_NAEADAEAV?$input_adapter_character_source@V?$string_input_adapter@D@__crt_stdio_input@@@0@@Z 000000018000d93c f i libucrt:input.obj
 0001:0000c9b8       ??$parse_floating_point_write_result@M@__crt_strtox@@YA?AW4SLD_STATUS@@W4floating_point_parse_result@0@AEBUfloating_point_string@0@QEAM@Z 000000018000d9b8 f i libucrt:input.obj
 0001:0000cb28       ??$parse_floating_point_write_result@N@__crt_strtox@@YA?AW4SLD_STATUS@@W4floating_point_parse_result@0@AEBUfloating_point_string@0@QEAN@Z 000000018000db28 f i libucrt:input.obj
 0001:0000cd08       ??$parse_integer@_KV?$input_adapter_character_source@V?$string_input_adapter@D@__crt_stdio_input@@@__crt_strtox@@@__crt_strtox@@YA_KQEAU__crt_locale_pointers@@V?$input_adapter_character_source@V?$string_input_adapter@D@__crt_stdio_input@@@0@H_N@Z 000000018000dd08 f i libucrt:input.obj
 0001:0000d15c       ??$process_floating_point_specifier_t@M@?$input_processor@DV?$string_input_adapter@D@__crt_stdio_input@@@__crt_stdio_input@@AEAA_NXZ 000000018000e15c f i libucrt:input.obj
 0001:0000d200       ??$process_floating_point_specifier_t@N@?$input_processor@DV?$string_input_adapter@D@__crt_stdio_input@@@__crt_stdio_input@@AEAA_NXZ 000000018000e200 f i libucrt:input.obj
 0001:0000d2a8       ??$process_string_specifier_tchar@D@?$input_processor@DV?$string_input_adapter@D@__crt_stdio_input@@@__crt_stdio_input@@AEAA_NW4conversion_mode@1@D@Z 000000018000e2a8 f i libucrt:input.obj
 0001:0000d460       ??$process_string_specifier_tchar@_W@?$input_processor@DV?$string_input_adapter@D@__crt_stdio_input@@@__crt_stdio_input@@AEAA_NW4conversion_mode@1@_W@Z 000000018000e460 f i libucrt:input.obj
 0001:0000d658       ??$skip_whitespace@Vstring_input_adapter@__crt_stdio_input@@D@__crt_stdio_input@@YAHAEAV?$string_input_adapter@D@0@QEAU__crt_locale_pointers@@@Z 000000018000e658 f i libucrt:input.obj
 0001:0000d6f4       ?advance@?$format_string_parser@D@__crt_stdio_input@@QEAA_NXZ 000000018000e6f4 f i libucrt:input.obj
 0001:0000d8bc       ?as_double@floating_point_value@__crt_strtox@@QEBAAEANXZ 000000018000e8bc f i libucrt:input.obj
 0001:0000d8f8       ?as_float@floating_point_value@__crt_strtox@@QEBAAEAMXZ 000000018000e8f8 f i libucrt:input.obj
 0001:0000d934       ?assemble_floating_point_value@__crt_strtox@@YA?AW4SLD_STATUS@@_KH_N1AEBVfloating_point_value@1@@Z 000000018000e934 f i libucrt:input.obj
 0001:0000dce0       ?assemble_floating_point_value_from_big_integer@__crt_strtox@@YA?AW4SLD_STATUS@@AEBUbig_integer@1@I_N1AEBVfloating_point_value@1@@Z 000000018000ece0 f i libucrt:input.obj
 0001:0000de44       ?convert_decimal_string_to_floating_type_common@__crt_strtox@@YA?AW4SLD_STATUS@@AEBUfloating_point_string@1@AEBVfloating_point_value@1@@Z 000000018000ee44 f i libucrt:input.obj
 0001:0000fbc8       ?convert_hexadecimal_string_to_floating_type_common@__crt_strtox@@YA?AW4SLD_STATUS@@AEBUfloating_point_string@1@AEBVfloating_point_value@1@@Z 0000000180010bc8 f i libucrt:input.obj
 0001:0000fc80       ?divide@__crt_strtox@@YA_KAEAUbig_integer@1@AEBU21@@Z 0000000180010c80 f i libucrt:input.obj
 0001:00010110       ?length@?$format_string_parser@D@__crt_stdio_input@@QEBA_KXZ 0000000180011110 f i libucrt:input.obj
 0001:000101ac       ?process@?$input_processor@DV?$string_input_adapter@D@__crt_stdio_input@@@__crt_stdio_input@@QEAAHXZ 00000001800111ac f i libucrt:input.obj
 0001:00010298       ?process_conversion_specifier@?$input_processor@DV?$string_input_adapter@D@__crt_stdio_input@@@__crt_stdio_input@@AEAA_NXZ 0000000180011298 f i libucrt:input.obj
 0001:000103b8       ?process_floating_point_specifier@?$input_processor@DV?$string_input_adapter@D@__crt_stdio_input@@@__crt_stdio_input@@AEAA_NXZ 00000001800113b8 f i libucrt:input.obj
 0001:00010428       ?process_integer_specifier@?$input_processor@DV?$string_input_adapter@D@__crt_stdio_input@@@__crt_stdio_input@@AEAA_NI_N@Z 0000000180011428 f i libucrt:input.obj
 0001:000104e0       ?process_literal_character_tchar@?$input_processor@DV?$string_input_adapter@D@__crt_stdio_input@@@__crt_stdio_input@@AEAA_ND@Z 00000001800114e0 f i libucrt:input.obj
 0001:00010564       ?process_state@?$input_processor@DV?$string_input_adapter@D@__crt_stdio_input@@@__crt_stdio_input@@AEAA_NXZ 0000000180011564 f i libucrt:input.obj
 0001:00010620       ?process_string_specifier@?$input_processor@DV?$string_input_adapter@D@__crt_stdio_input@@@__crt_stdio_input@@AEAA_NW4conversion_mode@2@@Z 0000000180011620 f i libucrt:input.obj
 0001:000106ac       ?scan_conversion_specifier@?$format_string_parser@D@__crt_stdio_input@@AEAA_NXZ 00000001800116ac f i libucrt:input.obj
 0001:00010874       ?scan_optional_field_width@?$format_string_parser@D@__crt_stdio_input@@AEAA_NXZ 0000000180011874 f i libucrt:input.obj
 0001:0001091c       ?scan_optional_length_modifier@?$format_string_parser@D@__crt_stdio_input@@AEAAXXZ 000000018001191c f i libucrt:input.obj
 0001:00010a58       ?scan_scanset_range@?$format_string_parser@D@__crt_stdio_input@@AEAA_NXZ 0000000180011a58 f i libucrt:input.obj
 0001:00010c00       ?write_character@?$input_processor@DV?$string_input_adapter@D@__crt_stdio_input@@@__crt_stdio_input@@AEAA_NQEFA_W_KAEAPEFA_WAEA_KD@Z 0000000180011c00 f i libucrt:input.obj
 0001:00010c98       ?write_integer@?$input_processor@DV?$string_input_adapter@D@__crt_stdio_input@@@__crt_stdio_input@@AEAA_N_K@Z 0000000180011c98 f i libucrt:input.obj
 0001:00010d10       __stdio_common_vsscanf     0000000180011d10 f   libucrt:input.obj
 0001:00010ec0       __acrt_call_reportfault    0000000180011ec0 f   libucrt:invalid_parameter.obj
 0001:0001101c       __acrt_initialize_invalid_parameter_handler 000000018001201c f   libucrt:invalid_parameter.obj
 0001:00011024       _invalid_parameter         0000000180012024 f   libucrt:invalid_parameter.obj
 0001:000110d4       _invalid_parameter_noinfo  00000001800120d4 f   libucrt:invalid_parameter.obj
 0001:000110f4       _invalid_parameter_noinfo_noreturn 00000001800120f4 f   libucrt:invalid_parameter.obj
 0001:00011124       _invoke_watson             0000000180012124 f   libucrt:invalid_parameter.obj
 0001:0001116c       malloc                     000000018001216c f   libucrt:malloc.obj
 0001:00011174       __acrt_initialize_new_handler 0000000180012174 f   libucrt:new_handler.obj
 0001:0001117c       _callnewh                  000000018001217c f   libucrt:new_handler.obj
 0001:000111ac       _query_new_handler         00000001800121ac f   libucrt:new_handler.obj
 0001:000111e0       _initterm                  00000001800121e0 f   libucrt:initterm.obj
 0001:00011244       _initterm_e                0000000180012244 f   libucrt:initterm.obj
 0001:00011284       _seh_filter_dll            0000000180012284 f   libucrt:exception_filter.obj
 0001:00011298       _seh_filter_exe            0000000180012298 f   libucrt:exception_filter.obj
 0001:00011690       __acrt_initialize_thread_local_exit_callback 0000000180012690 f   libucrt:exit.obj
 0001:00011698       _cexit                     0000000180012698 f   libucrt:exit.obj
 0001:000116a8       _exit                      00000001800126a8 f   libucrt:exit.obj
 0001:000116b4       _is_c_termination_complete 00000001800126b4 f   libucrt:exit.obj
 0001:00011880       __acrt_allocate_buffer_for_argv 0000000180012880 f   libucrt:argv_parsing.obj
 0001:000118e0       _configure_narrow_argv     00000001800128e0 f   libucrt:argv_parsing.obj
 0001:00011c58       __dcrt_uninitialize_environments_nolock 0000000180012c58 f   libucrt:environment_initialization.obj
 0001:00011c90       _initialize_narrow_environment 0000000180012c90 f   libucrt:environment_initialization.obj
 0001:00011e20       _execute_onexit_table      0000000180012e20 f   libucrt:onexit.obj
 0001:00011e5c       _initialize_onexit_table   0000000180012e5c f   libucrt:onexit.obj
 0001:00011ed4       __acrt_uninitialize_command_line 0000000180012ed4 f   libucrt:argv_data.obj
 0001:00011fe0       __acrt_initialize          0000000180012fe0 f   libucrt:initialization.obj
 0001:00011ff4       __acrt_thread_attach       0000000180012ff4 f   libucrt:initialization.obj
 0001:00012008       __acrt_thread_detach       0000000180013008 f   libucrt:initialization.obj
 0001:00012018       __acrt_uninitialize        0000000180013018 f   libucrt:initialization.obj
 0001:00012050       __acrt_uninitialize_critical 0000000180013050 f   libucrt:initialization.obj
 0001:00012060       terminate                  0000000180013060 f   libucrt:terminate.obj
 0001:00012080       strcpy_s                   0000000180013080 f   libucrt:strcpy_s.obj
 0001:000120f0       abort                      00000001800130f0 f   libucrt:abort.obj
 0001:00012148       calloc                     0000000180013148 f   libucrt:calloc.obj
 0001:00012150       wcsncmp                    0000000180013150 f   libucrt:wcsncmp.obj
 0001:0001217c       ?__acrt_stdio_allocate_stream@@YA?AV__crt_stdio_stream@@XZ 000000018001317c f   libucrt:stream.obj
 0001:000121d4       ?__acrt_stdio_free_stream@@YAXV__crt_stdio_stream@@@Z 00000001800131d4 f   libucrt:stream.obj
 0001:000122dc       ??$__acrt_stdio_parse_mode@D@@YA?AU__acrt_stdio_stream_mode@@QEBD@Z 00000001800132dc f i libucrt:openfile.obj
 0001:000125a0       ??$__acrt_stdio_parse_mode@_W@@YA?AU__acrt_stdio_stream_mode@@QEB_W@Z 00000001800135a0 f i libucrt:openfile.obj
 0001:000128a4       _openfile                  00000001800138a4 f   libucrt:openfile.obj
 0001:00012940       _wopenfile                 0000000180013940 f   libucrt:openfile.obj
 0001:000129dc       _calloc_base               00000001800139dc f   libucrt:calloc_base.obj
 0001:00012a54       _free_base                 0000000180013a54 f   libucrt:free_base.obj
 0001:00012c6c       __acrt_AppPolicyGetProcessTerminationMethodInternal 0000000180013c6c f   libucrt:winapi_thunks.obj
 0001:00012cbc       __acrt_AreFileApisANSI     0000000180013cbc f   libucrt:winapi_thunks.obj
 0001:00012cf8       __acrt_FlsAlloc            0000000180013cf8 f   libucrt:winapi_thunks.obj
 0001:00012d40       __acrt_FlsFree             0000000180013d40 f   libucrt:winapi_thunks.obj
 0001:00012d88       __acrt_FlsGetValue         0000000180013d88 f   libucrt:winapi_thunks.obj
 0001:00012dd0       __acrt_FlsSetValue         0000000180013dd0 f   libucrt:winapi_thunks.obj
 0001:00012e24       __acrt_InitializeCriticalSectionEx 0000000180013e24 f   libucrt:winapi_thunks.obj
 0001:00012e88       __acrt_LCMapStringEx       0000000180013e88 f   libucrt:winapi_thunks.obj
 0001:00012f64       __acrt_LocaleNameToLCID    0000000180013f64 f   libucrt:winapi_thunks.obj
 0001:00012fb4       __acrt_initialize_winapi_thunks 0000000180013fb4 f   libucrt:winapi_thunks.obj
 0001:00012ffc       __acrt_uninitialize_winapi_thunks 0000000180013ffc f   libucrt:winapi_thunks.obj
 0001:00013040       _fcloseall                 0000000180014040 f   libucrt:closeall.obj
 0001:000132d0       __acrt_stdio_flush_nolock  00000001800142d0 f   libucrt:fflush.obj
 0001:0001334c       _fflush_nolock             000000018001434c f   libucrt:fflush.obj
 0001:00013398       _flushall                  0000000180014398 f   libucrt:fflush.obj
 0001:000133a0       __acrt_stdio_free_buffer_nolock 00000001800143a0 f   libucrt:_freebuf.obj
 0001:000135c8       __acrt_initialize_lowio    00000001800145c8 f   libucrt:ioinit.obj
 0001:00013604       __acrt_uninitialize_lowio  0000000180014604 f   libucrt:ioinit.obj
 0001:000136b8       _close                     00000001800146b8 f   libucrt:close.obj
 0001:0001375c       _close_nolock              000000018001475c f   libucrt:close.obj
 0001:00013818       _fileno                    0000000180014818 f   libucrt:fileno.obj
 0001:00013840       _realloc_base              0000000180014840 f   libucrt:realloc_base.obj
 0001:000138bc       isdigit                    00000001800148bc f i libucrt:_ctype.obj
 0001:00013934       isspace                    0000000180014934 f i libucrt:_ctype.obj
 0001:000139fc       _tolower_l                 00000001800149fc f   libucrt:tolower_toupper.obj
 0001:00013b3c       tolower                    0000000180014b3c f   libucrt:tolower_toupper.obj
 0001:00013b68       _malloc_base               0000000180014b68 f   libucrt:malloc_base.obj
 0001:00013bc8       strtol                     0000000180014bc8 f   libucrt:strtox.obj
 0001:00013bf4       strtoull                   0000000180014bf4 f   libucrt:strtox.obj
 0001:00013c20       _mbtowc_l                  0000000180014c20 f   libucrt:mbtowc.obj
 0001:00013d9c       mbtowc                     0000000180014d9c f   libucrt:mbtowc.obj
 0001:00013da4       _wctomb_s_l                0000000180014da4 f   libucrt:wctomb.obj
 0001:00013f28       wctomb_s                   0000000180014f28 f   libucrt:wctomb.obj
 0001:00013f3c       strnlen                    0000000180014f3c f   libucrt:strnlen.obj
 0001:0001408c       wcsnlen                    000000018001508c f   libucrt:strnlen.obj
 0001:000145dc       __acrt_freeptd             00000001800155dc f   libucrt:per_thread_data.obj
 0001:00014620       __acrt_getptd              0000000180015620 f   libucrt:per_thread_data.obj
 0001:000146e4       __acrt_getptd_head         00000001800156e4 f   libucrt:per_thread_data.obj
 0001:0001478c       __acrt_getptd_noexit       000000018001578c f   libucrt:per_thread_data.obj
 0001:00014844       __acrt_initialize_ptd      0000000180015844 f   libucrt:per_thread_data.obj
 0001:00014880       __acrt_uninitialize_ptd    0000000180015880 f   libucrt:per_thread_data.obj
 0001:000148a4       __acrt_update_locale_info  00000001800158a4 f   libucrt:locale_update.obj
 0001:000148d8       __acrt_update_multibyte_info 00000001800158d8 f   libucrt:locale_update.obj
 0001:000152dc       __acrt_fp_format           00000001800162dc f   libucrt:cvt.obj
 0001:00015564       _fputc_nolock              0000000180016564 f   libucrt:fputc.obj
 0001:0001557c       _get_printf_count_output   000000018001657c f   libucrt:printf_count_output.obj
 0001:00015594       __acrt_stdio_begin_temporary_buffering_nolock 0000000180016594 f   libucrt:_sftbuf.obj
 0001:00015664       __acrt_stdio_end_temporary_buffering_nolock 0000000180016664 f   libucrt:_sftbuf.obj
 0001:00015710       __acrt_set_locale_changed  0000000180016710 f   libucrt:wsetlocale.obj
 0001:0001571c       __acrt_uninitialize_locale 000000018001671c f   libucrt:wsetlocale.obj
 0001:00015cf4       _write                     0000000180016cf4 f   libucrt:write.obj
 0001:00015de0       _write_nolock              0000000180016de0 f   libucrt:write.obj
 0001:000161a0       __acrt_stdio_flush_and_write_narrow_nolock 00000001800171a0 f   libucrt:_flsbuf.obj
 0001:00016288       __pctype_func              0000000180017288 f   libucrt:ctype.obj
 0001:000162b8       iswctype                   00000001800172b8 f   libucrt:iswctype.obj
 0001:00016328       _isctype_l                 0000000180017328 f   libucrt:isctype.obj
 0001:00016a1c       _read                      0000000180017a1c f   libucrt:read.obj
 0001:00016b38       _read_nolock               0000000180017b38 f   libucrt:read.obj
 0001:00016f94       __acrt_stdio_refill_and_read_narrow_nolock 0000000180017f94 f   libucrt:_filbuf.obj
 0001:00017100       fegetround                 0000000180018100 f   libucrt:fegetround.obj
 0001:00017114       __acrt_initialize_locks    0000000180018114 f   libucrt:locks.obj
 0001:0001715c       __acrt_lock                000000018001815c f   libucrt:locks.obj
 0001:00017178       __acrt_uninitialize_locks  0000000180018178 f   libucrt:locks.obj
 0001:000171b0       __acrt_unlock              00000001800181b0 f   libucrt:locks.obj
 0001:000171cc       __acrt_get_process_end_policy 00000001800181cc f   libucrt:win_policies.obj
 0001:00017770       __acrt_expand_narrow_argv_wildcards 0000000180018770 f   libucrt:argv_wildcards.obj
 0001:00017778       __acrt_GetModuleFileNameA  0000000180018778 f   libucrt:getmodulefilenamea.obj
 0001:00017f20       __acrt_initialize_multibyte 0000000180018f20 f   libucrt:mbctype.obj
 0001:00017f80       __acrt_update_thread_multibyte_data 0000000180018f80 f   libucrt:mbctype.obj
 0001:00017f9c       _setmbcp_nolock            0000000180018f9c f   libucrt:mbctype.obj
 0001:000182cc       _ismbblead                 00000001800192cc f   libucrt:ismbbyte.obj
 0001:000182e0       __acrt_initialize_command_line 00000001800192e0 f   libucrt:argv_data.obj
 0001:00018308       __acrt_MultiByteToWideChar 0000000180019308 f   libucrt:multibytetowidechar.obj
 0001:00018364       __acrt_WideCharToMultiByte 0000000180019364 f   libucrt:widechartomultibyte.obj
 0001:000183fc       __dcrt_get_narrow_environment_from_os 00000001800193fc f   libucrt:get_environment_from_os.obj
 0001:00018500       _recalloc                  0000000180019500 f   libucrt:recalloc.obj
 0001:00018508       _recalloc_base             0000000180019508 f   libucrt:recalloc.obj
 0001:000185a0       __acrt_initialize_heap     00000001800195a0 f   libucrt:heap_handle.obj
 0001:000185bc       __acrt_uninitialize_heap   00000001800195bc f   libucrt:heap_handle.obj
 0001:000185c8       __acrt_execute_initializers 00000001800195c8 f   libucrt:shared_initialization.obj
 0001:00018648       __acrt_execute_uninitializers 0000000180019648 f   libucrt:shared_initialization.obj
 0001:000186cc       __acrt_get_sigabrt_handler 00000001800196cc f   libucrt:signal.obj
 0001:000186fc       __acrt_initialize_signal_handlers 00000001800196fc f   libucrt:signal.obj
 0001:0001871c       raise                      000000018001971c f   libucrt:signal.obj
 0001:0001899c       __acrt_has_user_matherr    000000018001999c f   libucrt:matherr.obj
 0001:000189bc       __acrt_initialize_user_matherr 00000001800199bc f   libucrt:matherr.obj
 0001:000189c4       __acrt_invoke_user_matherr 00000001800199c4 f   libucrt:matherr.obj
 0001:000189f4       _wcsnicmp                  00000001800199f4 f   libucrt:wcsnicmp.obj
 0001:00018aa0       _wcsnicmp_l                0000000180019aa0 f   libucrt:wcsnicmp.obj
 0001:00018bc8       __ascii_strnicmp           0000000180019bc8 f   libucrt:strnicmp.obj
 0001:00018c24       _strnicmp                  0000000180019c24 f   libucrt:strnicmp.obj
 0001:00018c74       _strnicmp_l                0000000180019c74 f   libucrt:strnicmp.obj
 0001:00018d50       ??$__acrt_mbs_to_wcs_cp@U__crt_win32_buffer_internal_dynamic_resizing@@@@YAHQEBDAEAV?$__crt_win32_buffer@_WU__crt_win32_buffer_internal_dynamic_resizing@@@@I@Z 0000000180019d50 f i libucrt:open.obj
 0001:00019524       _sopen_nolock              000000018001a524 f   libucrt:open.obj
 0001:0001963c       _sopen_s                   000000018001a63c f   libucrt:open.obj
 0001:00019670       _wsopen_nolock             000000018001a670 f   libucrt:open.obj
 0001:00019a58       _wsopen_s                  000000018001aa58 f   libucrt:open.obj
 0001:00019a8c       _query_new_mode            000000018001aa8c f   libucrt:new_mode.obj
 0001:00019b7c       __acrt_DownlevelLocaleNameToLCID 000000018001ab7c f   libucrt:lcidtoname_downlevel.obj
 0001:00019c3c       _commit                    000000018001ac3c f   libucrt:commit.obj
 0001:00019cd0       __acrt_lowio_create_handle_array 000000018001acd0 f   libucrt:osfinfo.obj
 0001:00019d68       __acrt_lowio_destroy_handle_array 000000018001ad68 f   libucrt:osfinfo.obj
 0001:00019db8       __acrt_lowio_ensure_fh_exists 000000018001adb8 f   libucrt:osfinfo.obj
 0001:00019e60       __acrt_lowio_lock_fh       000000018001ae60 f   libucrt:osfinfo.obj
 0001:00019e84       __acrt_lowio_set_os_handle 000000018001ae84 f   libucrt:osfinfo.obj
 0001:00019f44       __acrt_lowio_unlock_fh     000000018001af44 f   libucrt:osfinfo.obj
 0001:00019f68       _alloc_osfhnd              000000018001af68 f   libucrt:osfinfo.obj
 0001:0001a08c       _free_osfhnd               000000018001b08c f   libucrt:osfinfo.obj
 0001:0001a148       _get_osfhandle             000000018001b148 f   libucrt:osfinfo.obj
 0001:0001a1c0       _isleadbyte_l              000000018001b1c0 f i libucrt:_wctype.obj
 0001:0001a518       __acrt_LCMapStringA        000000018001b518 f   libucrt:lcmapstringa.obj
 0001:0001a5b0       ?__mbrtowc_utf8@__crt_mbstring@@YA_KPEA_WPEBD_KPEAU_Mbstatet@@@Z 000000018001b5b0 f   libucrt:mbrtowc.obj
 0001:0001a5ec       ?__mbsrtowcs_utf8@__crt_mbstring@@YA_KPEA_WPEAPEBD_KPEAU_Mbstatet@@@Z 000000018001b5ec f   libucrt:mbrtowc.obj
 0001:0001a764       __acrt_add_locale_ref      000000018001b764 f   libucrt:locale_refcounting.obj
 0001:0001a7f0       __acrt_free_locale         000000018001b7f0 f   libucrt:locale_refcounting.obj
 0001:0001a968       __acrt_locale_add_lc_time_reference 000000018001b968 f   libucrt:locale_refcounting.obj
 0001:0001a990       __acrt_locale_free_lc_time_if_unreferenced 000000018001b990 f   libucrt:locale_refcounting.obj
 0001:0001a9c8       __acrt_locale_release_lc_time_reference 000000018001b9c8 f   libucrt:locale_refcounting.obj
 0001:0001a9f0       __acrt_release_locale_ref  000000018001b9f0 f   libucrt:locale_refcounting.obj
 0001:0001aa98       __acrt_update_thread_locale_data 000000018001ba98 f   libucrt:locale_refcounting.obj
 0001:0001ab08       _updatetlocinfoEx_nolock   000000018001bb08 f   libucrt:locale_refcounting.obj
 0001:0001ab70       __acrt_fp_strflt_to_string 000000018001bb70 f   libucrt:_fptostr.obj
 0001:0001ac54       __acrt_fltout              000000018001bc54 f   libucrt:cfout.obj
 0001:0001bf2c       _isatty                    000000018001cf2c f   libucrt:isatty.obj
 0001:0001bf8c       __acrt_locale_free_monetary 000000018001cf8c f   libucrt:initmon.obj
 0001:0001c098       __acrt_locale_free_numeric 000000018001d098 f   libucrt:initnum.obj
 0001:0001c158       __acrt_locale_free_time    000000018001d158 f   libucrt:inittime.obj
 0001:0001c260       __acrt_GetStringTypeA      000000018001d260 f   libucrt:getstringtypea.obj
 0001:0001c57c       _lseeki64                  000000018001d57c f   libucrt:lseek.obj
 0001:0001c584       _lseeki64_nolock           000000018001d584 f   libucrt:lseek.obj
 0001:0001c58c       _putwch_nolock             000000018001d58c f   libucrt:putwch.obj
 0001:0001c5c8       __acrt_stdio_allocate_buffer_nolock 000000018001d5c8 f   libucrt:_getbuf.obj
 0001:0001c630       __acrt_GetStringTypeW      000000018001d630 f   libucrt:getstringtypew.obj
 0001:0001c638       __acrt_fenv_get_common_round_control 000000018001d638 f   libucrt:_fenvutils.obj
 0001:0001c644       __acrt_fenv_get_control    000000018001d644 f   libucrt:_fenvutils.obj
 0001:0001c744       __acrt_fenv_get_status     000000018001d744 f   libucrt:_fenvutils.obj
 0001:0001c79c       __acrt_fenv_set_control    000000018001d79c f   libucrt:_fenvutils.obj
 0001:0001c8e4       __acrt_fenv_set_status     000000018001d8e4 f   libucrt:_fenvutils.obj
 0001:0001c968       strncpy_s                  000000018001d968 f   libucrt:strncpy_s.obj
 0001:0001caf0       strpbrk                    000000018001daf0 f   libucrt:strpbrk.obj
 0001:0001ced0       ??$__acrt_convert_wcs_mbs@D_W$$A6A_KPEA_WPEBD_KPEAU__crt_locale_pointers@@@ZU__crt_win32_buffer_internal_dynamic_resizing@@@@YAHQEBDAEAV?$__crt_win32_buffer@_WU__crt_win32_buffer_internal_dynamic_resizing@@@@A6A_KPEA_WPEBD_KPEAU__crt_locale_pointers@@@Z5@Z 000000018001ded0 f i libucrt:findfirstfileexa.obj
 0001:0001cfd8       __acrt_FindFirstFileExA    000000018001dfd8 f   libucrt:findfirstfileexa.obj
 0001:0001d07c       ??$__acrt_convert_wcs_mbs@_WD$$A6A_KPEADPEB_W_KPEAU__crt_locale_pointers@@@ZU__crt_win32_buffer_no_resizing@@@@YAHQEB_WAEAV?$__crt_win32_buffer@DU__crt_win32_buffer_no_resizing@@@@A6A_KPEADPEB_W_KPEAU__crt_locale_pointers@@@Z5@Z 000000018001e07c f i libucrt:findnextfilea.obj
 0001:0001d148       __acrt_FindNextFileA       000000018001e148 f   libucrt:findnextfilea.obj
 0001:0001d27c       _mbsdec                    000000018001e27c f   libucrt:mbsdec.obj
 0001:0001d284       _mbsdec_l                  000000018001e284 f   libucrt:mbsdec.obj
 0001:0001d51c       _mbstowcs_l                000000018001e51c f   libucrt:mbstowcs.obj
 0001:0001d524       mbstowcs                   000000018001e524 f   libucrt:mbstowcs.obj
 0001:0001d558       _msize                     000000018001e558 f   libucrt:msize.obj
 0001:0001d560       _msize_base                000000018001e560 f   libucrt:msize.obj
 0001:0001d59c       _towlower_l                000000018001e59c f   libucrt:towlower.obj
 0001:0001d660       _get_fmode                 000000018001e660 f   libucrt:setmode.obj
 0001:0001d690       _setmode_nolock            000000018001e690 f   libucrt:setmode.obj
 0001:0001d770       _chsize_nolock             000000018001e770 f   libucrt:chsize.obj
 0001:0001d8ec       _query_app_type            000000018001e8ec f   libucrt:report_runtime_error.obj
 0001:0001d8f4       __strncnt                  000000018001e8f4 f   libucrt:strncnt.obj
 0001:0001d90c       ?__mbrtoc32_utf8@__crt_mbstring@@YA_KPEA_UPEBD_KPEAU_Mbstatet@@@Z 000000018001e90c f   libucrt:mbrtoc32.obj
 0001:0001dae8       fegetenv                   000000018001eae8 f   libucrt:fegetenv.obj
 0001:0001db08       fesetenv                   000000018001eb08 f   libucrt:fesetenv.obj
 0001:0001db58       feholdexcept               000000018001eb58 f   libucrt:feholdexcept.obj
 0001:0001dba8       ceil                       000000018001eba8 f   libucrt:ceil.obj
 0001:0001dc70       log10                      000000018001ec70 f   libucrt:log10.obj
 0001:0001e21c       __dcrt_lowio_ensure_console_output_initialized 000000018001f21c f   libucrt:initcon.obj
 0001:0001e270       __dcrt_terminate_console_output 000000018001f270 f   libucrt:initcon.obj
 0001:0001e28c       __dcrt_write_console       000000018001f28c f   libucrt:initcon.obj
 0001:0001e6b4       _wcstombs_l                000000018001f6b4 f   libucrt:wcstombs.obj
 0001:0001e6bc       __acrt_LCMapStringW        000000018001f6bc f   libucrt:lcmapstringw.obj
 0001:0001e744       _clearfp                   000000018001f744 f   libucrt:ieee.obj
 0001:0001e8d8       _handle_error              000000018001f8d8 f   libucrt:libm_error.obj
 0001:0001ea00       _handle_nan                000000018001fa00 f   libucrt:libm_error.obj
 0001:0001ea1c       _handle_nanf               000000018001fa1c f   libucrt:libm_error.obj
 0001:0001ea30       __acrt_initialize_fma3     000000018001fa30 f   libucrt:fma3_available.obj
 0001:0001eaa0       _log10_special             000000018001faa0 f   libucrt:log_special.obj
 0001:0001eac0       _log_special               000000018001fac0 f   libucrt:log_special.obj
 0001:0001eb78       ?__wcsrtombs_utf8@__crt_mbstring@@YA_KPEADPEAPEB_W_KPEAU_Mbstatet@@@Z 000000018001fb78 f   libucrt:wcrtomb.obj
 0001:0001ecb0       _get_fpsr                  000000018001fcb0 f   libucrt:fpsr.obj
 0001:0001ecc0       _set_fpsr                  000000018001fcc0 f   libucrt:fpsr.obj
 0001:0001ecca       _fclrf                     000000018001fcca f   libucrt:fpsr.obj
 0001:0001ecde       _frnd                      000000018001fcde f   libucrt:fpsr.obj
 0001:0001ed00       _raise_exc                 000000018001fd00 f   libucrt:fpexcept.obj
 0001:0001ed28       _raise_exc_ex              000000018001fd28 f   libucrt:fpexcept.obj
 0001:0001f038       _set_errno_from_matherr    0000000180020038 f   libucrt:fpexcept.obj
 0001:0001f068       _clrfp                     0000000180020068 f   libucrt:fpctrl.obj
 0001:0001f088       _ctrlfp                    0000000180020088 f   libucrt:fpctrl.obj
 0001:0001f104       _set_statfp                0000000180020104 f   libucrt:fpctrl.obj
 0001:0001f124       _statfp                    0000000180020124 f   libucrt:fpctrl.obj
 0001:0001f138       ?__c16rtomb_utf8@__crt_mbstring@@YA_KPEAD_SPEAU_Mbstatet@@@Z 0000000180020138 f   libucrt:c16rtomb.obj
 0001:0001f1e0       ?__c32rtomb_utf8@__crt_mbstring@@YA_KPEAD_UPEAU_Mbstatet@@@Z 00000001800201e0 f   libucrt:c32rtomb.obj
 0001:0001f298       c32rtomb                   0000000180020298 f   libucrt:c32rtomb.obj
 0001:0001f29d       IsProcessorFeaturePresent  000000018002029d f   kernel32:KERNEL32.dll
 0001:0001f2b0       _FindPESection             00000001800202b0 f   LIBCMT:pesect.obj
 0001:0001f300       _IsNonwritableInCurrentImage 0000000180020300 f   LIBCMT:pesect.obj
 0001:0001f350       _ValidateImageBase         0000000180020350 f   LIBCMT:pesect.obj
 0001:0001f380       __GSHandlerCheck           0000000180020380 f   LIBCMT:_gshandler_.obj
 0001:0001f3a0       __GSHandlerCheckCommon     00000001800203a0 f   LIBCMT:_gshandler_.obj
 0001:0001f410       _alloca_probe              0000000180020410 f   LIBCMT:_chkstk_.obj
 0001:0001f410       __chkstk                   0000000180020410 f   LIBCMT:_chkstk_.obj
 0001:0001f464       __GSHandlerCheck_EH        0000000180020464 f   LIBCMT:gshandlereh.obj
 0001:0001f4e4       strrchr                    00000001800204e4 f   libvcruntime:strrchr.obj
 0001:0001f640       memcmp                     0000000180020640 f   libvcruntime:memcmp.obj
 0001:0001f708       ceilf                      0000000180020708 f   libucrt:ceilf.obj
 0001:0001f798       fmod                       0000000180020798 f   libucrt:fmod.obj
 0001:0001fc70       log                        0000000180020c70 f   libucrt:log.obj
 0001:000201a0       pow                        00000001800211a0 f   libucrt:pow.obj
 0001:00021834       sqrt                       0000000180022834 f   libucrt:sqrt.obj
 0001:00021910       strcmp                     0000000180022910 f   libucrt:strcmp.obj
 0001:00021980       _pow_special               0000000180022980 f   libucrt:pow_special.obj
 0001:00021ac0       _guard_dispatch_icall_nop  0000000180022ac0 f   LIBCMT:_guard_dispatch_.obj
 0002:00000000       __imp_WriteConsoleW        0000000180023000     kernel32:KERNEL32.dll
 0002:00000008       __imp_SetEndOfFile         0000000180023008     kernel32:KERNEL32.dll
 0002:00000010       __imp_HeapSize             0000000180023010     kernel32:KERNEL32.dll
 0002:00000018       __imp_SetFilePointerEx     0000000180023018     kernel32:KERNEL32.dll
 0002:00000020       __imp_GetStringTypeW       0000000180023020     kernel32:KERNEL32.dll
 0002:00000028       __imp_SetStdHandle         0000000180023028     kernel32:KERNEL32.dll
 0002:00000030       __imp_FlushFileBuffers     0000000180023030     kernel32:KERNEL32.dll
 0002:00000038       __imp_CreateFileW          0000000180023038     kernel32:KERNEL32.dll
 0002:00000040       __imp_GetProcessHeap       0000000180023040     kernel32:KERNEL32.dll
 0002:00000048       __imp_FreeEnvironmentStringsW 0000000180023048     kernel32:KERNEL32.dll
 0002:00000050       __imp_GetEnvironmentStringsW 0000000180023050     kernel32:KERNEL32.dll
 0002:00000058       __imp_WideCharToMultiByte  0000000180023058     kernel32:KERNEL32.dll
 0002:00000060       __imp_MultiByteToWideChar  0000000180023060     kernel32:KERNEL32.dll
 0002:00000068       __imp_GetCommandLineW      0000000180023068     kernel32:KERNEL32.dll
 0002:00000070       __imp_GetCommandLineA      0000000180023070     kernel32:KERNEL32.dll
 0002:00000078       __imp_GetCPInfo            0000000180023078     kernel32:KERNEL32.dll
 0002:00000080       __imp_GetOEMCP             0000000180023080     kernel32:KERNEL32.dll
 0002:00000088       __imp_GetACP               0000000180023088     kernel32:KERNEL32.dll
 0002:00000090       __imp_IsValidCodePage      0000000180023090     kernel32:KERNEL32.dll
 0002:00000098       __imp_FindNextFileW        0000000180023098     kernel32:KERNEL32.dll
 0002:000000a0       __imp_RtlCaptureContext    00000001800230a0     kernel32:KERNEL32.dll
 0002:000000a8       __imp_RtlLookupFunctionEntry 00000001800230a8     kernel32:KERNEL32.dll
 0002:000000b0       __imp_RtlVirtualUnwind     00000001800230b0     kernel32:KERNEL32.dll
 0002:000000b8       __imp_UnhandledExceptionFilter 00000001800230b8     kernel32:KERNEL32.dll
 0002:000000c0       __imp_SetUnhandledExceptionFilter 00000001800230c0     kernel32:KERNEL32.dll
 0002:000000c8       __imp_GetCurrentProcess    00000001800230c8     kernel32:KERNEL32.dll
 0002:000000d0       __imp_TerminateProcess     00000001800230d0     kernel32:KERNEL32.dll
 0002:000000d8       __imp_IsProcessorFeaturePresent 00000001800230d8     kernel32:KERNEL32.dll
 0002:000000e0       __imp_QueryPerformanceCounter 00000001800230e0     kernel32:KERNEL32.dll
 0002:000000e8       __imp_GetCurrentProcessId  00000001800230e8     kernel32:KERNEL32.dll
 0002:000000f0       __imp_GetCurrentThreadId   00000001800230f0     kernel32:KERNEL32.dll
 0002:000000f8       __imp_GetSystemTimeAsFileTime 00000001800230f8     kernel32:KERNEL32.dll
 0002:00000100       __imp_InitializeSListHead  0000000180023100     kernel32:KERNEL32.dll
 0002:00000108       __imp_IsDebuggerPresent    0000000180023108     kernel32:KERNEL32.dll
 0002:00000110       __imp_GetStartupInfoW      0000000180023110     kernel32:KERNEL32.dll
 0002:00000118       __imp_GetModuleHandleW     0000000180023118     kernel32:KERNEL32.dll
 0002:00000120       __imp_RtlPcToFileHeader    0000000180023120     kernel32:KERNEL32.dll
 0002:00000128       __imp_RaiseException       0000000180023128     kernel32:KERNEL32.dll
 0002:00000130       __imp_RtlUnwindEx          0000000180023130     kernel32:KERNEL32.dll
 0002:00000138       __imp_InterlockedFlushSList 0000000180023138     kernel32:KERNEL32.dll
 0002:00000140       __imp_GetLastError         0000000180023140     kernel32:KERNEL32.dll
 0002:00000148       __imp_SetLastError         0000000180023148     kernel32:KERNEL32.dll
 0002:00000150       __imp_EnterCriticalSection 0000000180023150     kernel32:KERNEL32.dll
 0002:00000158       __imp_LeaveCriticalSection 0000000180023158     kernel32:KERNEL32.dll
 0002:00000160       __imp_DeleteCriticalSection 0000000180023160     kernel32:KERNEL32.dll
 0002:00000168       __imp_InitializeCriticalSectionAndSpinCount 0000000180023168     kernel32:KERNEL32.dll
 0002:00000170       __imp_TlsAlloc             0000000180023170     kernel32:KERNEL32.dll
 0002:00000178       __imp_TlsGetValue          0000000180023178     kernel32:KERNEL32.dll
 0002:00000180       __imp_TlsSetValue          0000000180023180     kernel32:KERNEL32.dll
 0002:00000188       __imp_TlsFree              0000000180023188     kernel32:KERNEL32.dll
 0002:00000190       __imp_FreeLibrary          0000000180023190     kernel32:KERNEL32.dll
 0002:00000198       __imp_GetProcAddress       0000000180023198     kernel32:KERNEL32.dll
 0002:000001a0       __imp_LoadLibraryExW       00000001800231a0     kernel32:KERNEL32.dll
 0002:000001a8       __imp_EncodePointer        00000001800231a8     kernel32:KERNEL32.dll
 0002:000001b0       __imp_ExitProcess          00000001800231b0     kernel32:KERNEL32.dll
 0002:000001b8       __imp_GetModuleHandleExW   00000001800231b8     kernel32:KERNEL32.dll
 0002:000001c0       __imp_GetModuleFileNameW   00000001800231c0     kernel32:KERNEL32.dll
 0002:000001c8       __imp_HeapAlloc            00000001800231c8     kernel32:KERNEL32.dll
 0002:000001d0       __imp_HeapFree             00000001800231d0     kernel32:KERNEL32.dll
 0002:000001d8       __imp_LCMapStringW         00000001800231d8     kernel32:KERNEL32.dll
 0002:000001e0       __imp_GetStdHandle         00000001800231e0     kernel32:KERNEL32.dll
 0002:000001e8       __imp_GetFileType          00000001800231e8     kernel32:KERNEL32.dll
 0002:000001f0       __imp_CloseHandle          00000001800231f0     kernel32:KERNEL32.dll
 0002:000001f8       __imp_HeapReAlloc          00000001800231f8     kernel32:KERNEL32.dll
 0002:00000200       __imp_WriteFile            0000000180023200     kernel32:KERNEL32.dll
 0002:00000208       __imp_GetConsoleCP         0000000180023208     kernel32:KERNEL32.dll
 0002:00000210       __imp_GetConsoleMode       0000000180023210     kernel32:KERNEL32.dll
 0002:00000218       __imp_ReadFile             0000000180023218     kernel32:KERNEL32.dll
 0002:00000220       __imp_ReadConsoleW         0000000180023220     kernel32:KERNEL32.dll
 0002:00000228       __imp_FindClose            0000000180023228     kernel32:KERNEL32.dll
 0002:00000230       __imp_FindFirstFileExW     0000000180023230     kernel32:KERNEL32.dll
 0002:00000238       \177KERNEL32_NULL_THUNK_DATA 0000000180023238     kernel32:KERNEL32.dll
 0002:00000240       __imp_?ToString@Value@v8@@QEBA?AV?$Local@VString@v8@@@2@XZ 0000000180023240     iojs:node.dll
 0002:00000248       __imp_node_module_register 0000000180023248     iojs:node.dll
 0002:00000250       __imp_?SetName@Function@v8@@QEAAXV?$Local@VString@v8@@@2@@Z 0000000180023250     iojs:node.dll
 0002:00000258       __imp_?Set@Object@v8@@QEAA_NIV?$Local@VValue@v8@@@2@@Z 0000000180023258     iojs:node.dll
 0002:00000260       __imp_?Set@Object@v8@@QEAA_NV?$Local@VValue@v8@@@2@0@Z 0000000180023260     iojs:node.dll
 0002:00000268       __imp_?New@Number@v8@@SA?AV?$Local@VNumber@v8@@@2@PEAVIsolate@2@N@Z 0000000180023268     iojs:node.dll
 0002:00000270       __imp_?NewFromUtf8@String@v8@@SA?AV?$Local@VString@v8@@@2@PEAVIsolate@2@PEBDW4NewStringType@12@H@Z 0000000180023270     iojs:node.dll
 0002:00000278       __imp_??1Utf8Value@String@v8@@QEAA@XZ 0000000180023278     iojs:node.dll
 0002:00000280       __imp_??0Value@String@v8@@QEAA@V?$Local@VValue@v8@@@2@@Z 0000000180023280     iojs:node.dll
 0002:00000288       __imp_??1Value@String@v8@@QEAA@XZ 0000000180023288     iojs:node.dll
 0002:00000290       __imp_?NumberValue@Value@v8@@QEBANXZ 0000000180023290     iojs:node.dll
 0002:00000298       __imp_?New@FunctionTemplate@v8@@SA?AV?$Local@VFunctionTemplate@v8@@@2@PEAVIsolate@2@P6AXAEBV?$FunctionCallbackInfo@VValue@v8@@@2@@ZV?$Local@VValue@v8@@@2@V?$Local@VSignature@v8@@@2@HW4ConstructorBehavior@2@@Z 0000000180023298     iojs:node.dll
 0002:000002a0       __imp_?GetFunction@FunctionTemplate@v8@@QEAA?AV?$Local@VFunction@v8@@@2@XZ 00000001800232a0     iojs:node.dll
 0002:000002a8       __imp_?New@Array@v8@@SA?AV?$Local@VArray@v8@@@2@PEAVIsolate@2@H@Z 00000001800232a8     iojs:node.dll
 0002:000002b0       __imp_??0HandleScope@v8@@QEAA@PEAVIsolate@1@@Z 00000001800232b0     iojs:node.dll
 0002:000002b8       __imp_??1HandleScope@v8@@QEAA@XZ 00000001800232b8     iojs:node.dll
 0002:000002c0       __imp_?GetCurrent@Isolate@v8@@SAPEAV12@XZ 00000001800232c0     iojs:node.dll
 0002:000002c8       __imp_??0Utf8Value@String@v8@@QEAA@V?$Local@VValue@v8@@@2@@Z 00000001800232c8     iojs:node.dll
 0002:000002d0       \177node_NULL_THUNK_DATA   00000001800232d0     iojs:node.dll
 0002:000002d8       __guard_check_icall_fptr   00000001800232d8     LIBCMT:guard_support.obj
 0002:000002e0       __guard_dispatch_icall_fptr 00000001800232e0     LIBCMT:guard_support.obj
 0002:000002e8       __xc_a                     00000001800232e8     LIBCMT:initializers.obj
 0002:000002f0       _register_addon_           00000001800232f0     main.obj
 0002:000002f8       __xc_z                     00000001800232f8     LIBCMT:initializers.obj
 0002:00000300       __xi_a                     0000000180023300     LIBCMT:initializers.obj
 0002:00000308       __acrt_stdio_initializer   0000000180023308     libucrt:stdio_initializer.obj
 0002:00000310       __acrt_multibyte_initializer 0000000180023310     libucrt:multibyte_initializer.obj
 0002:00000318       __acrt_tran_fma3_initializer 0000000180023318     libucrt:fma3_initializer.obj
 0002:00000320       __xi_z                     0000000180023320     LIBCMT:initializers.obj
 0002:00000328       __xp_a                     0000000180023328     LIBCMT:initializers.obj
 0002:00000330       __acrt_locale_terminator   0000000180023330     libucrt:locale_initializer.obj
 0002:00000338       __dcrt_console_output_terminator 0000000180023338     libucrt:console_output_initializer.obj
 0002:00000340       __acrt_stdio_terminator    0000000180023340     libucrt:stdio_initializer.obj
 0002:00000348       __xp_z                     0000000180023348     LIBCMT:initializers.obj
 0002:00000350       __xt_a                     0000000180023350     LIBCMT:initializers.obj
 0002:00000358       __xt_z                     0000000180023358     LIBCMT:initializers.obj
 0002:00000368       ??_7exception@std@@6B@     0000000180023368     libcpmt:xthrow.obj
 0002:00000378       ??_C@_0BC@EOODALEL@Unknown?5exception@ 0000000180023378     libcpmt:xthrow.obj
 0002:00000398       ??_7bad_alloc@std@@6B@     0000000180023398     libcpmt:xthrow.obj
 0002:000003a8       ??_C@_0P@GHFPNOJB@bad?5allocation@ 00000001800233a8     libcpmt:xthrow.obj
 0002:000003c0       ??_7logic_error@std@@6B@   00000001800233c0     libcpmt:xthrow.obj
 0002:000003d8       ??_7length_error@std@@6B@  00000001800233d8     libcpmt:xthrow.obj
 0002:000003e8       _pDefaultRawDllMain        00000001800233e8     LIBCMT:dll_dllmain.obj
 0002:000003e8       _pRawDllMain               00000001800233e8     LIBCMT:dll_dllmain.obj
 0002:000003f8       ??_7type_info@@6B@         00000001800233f8     LIBCMT:std_type_info_static.obj
 0002:00000418       ??_7bad_array_new_length@std@@6B@ 0000000180023418     LIBCMT:throw_bad_alloc.obj
 0002:00000428       ??_C@_0BF@KINCDENJ@bad?5array?5new?5length@ 0000000180023428     LIBCMT:throw_bad_alloc.obj
 0002:00000480       _pDestructExceptionObject  0000000180023480     libvcruntime:ehhelpers.obj
 0002:000007c8       ??_C@_08EHJDFFNH@__based?$CI@ 00000001800237c8     libvcruntime:undname.obj
 0002:000007d8       ??_C@_07KOLFKCDI@__cdecl@  00000001800237d8     libvcruntime:undname.obj
 0002:000007e0       ??_C@_08GHMPAG@__pascal@   00000001800237e0     libvcruntime:undname.obj
 0002:000007f0       ??_C@_09IFJBGAPI@__stdcall@ 00000001800237f0     libvcruntime:undname.obj
 0002:00000800       ??_C@_0L@NPHFGOKO@__thiscall@ 0000000180023800     libvcruntime:undname.obj
 0002:00000810       ??_C@_0L@JMKHOMEK@__fastcall@ 0000000180023810     libvcruntime:undname.obj
 0002:00000820       ??_C@_0N@BCKKPABJ@__vectorcall@ 0000000180023820     libvcruntime:undname.obj
 0002:00000830       ??_C@_09HIJEGCPM@__clrcall@ 0000000180023830     libvcruntime:undname.obj
 0002:0000083c       ??_C@_06GHPCKEAG@__eabi@   000000018002383c     libvcruntime:undname.obj
 0002:00000848       ??_C@_09IOPIDJLG@__swift_1@ 0000000180023848     libvcruntime:undname.obj
 0002:00000858       ??_C@_09KFNFGKHF@__swift_2@ 0000000180023858     libvcruntime:undname.obj
 0002:00000868       ??_C@_07JOMMBBKO@__ptr64@  0000000180023868     libvcruntime:undname.obj
 0002:00000870       ??_C@_0L@PILCLIHE@__restrict@ 0000000180023870     libvcruntime:undname.obj
 0002:00000880       ??_C@_0M@GFIIJFMG@__unaligned@ 0000000180023880     libvcruntime:undname.obj
 0002:00000890       ??_C@_09DHDLOLLB@restrict?$CI@ 0000000180023890     libvcruntime:undname.obj
 0002:0000089a       ??_C@_00CNPNBAHC@@         000000018002389a     libvcruntime:undname.obj
 0002:0000089c       ??_C@_04NIHEBCM@?5new@     000000018002389c     libvcruntime:undname.obj
 0002:000008a8       ??_C@_07FPCDHGMM@?5delete@ 00000001800238a8     libvcruntime:undname.obj
 0002:000008b0       ??_C@_01NEMOKFLO@?$DN@     00000001800238b0     libvcruntime:undname.obj
 0002:000008b4       ??_C@_02GPIOPFAK@?$DO?$DO@ 00000001800238b4     libvcruntime:undname.obj
 0002:000008b8       ??_C@_02FODMEDOG@?$DM?$DM@ 00000001800238b8     libvcruntime:undname.obj
 0002:000008bc       ??_C@_01DCLJPIOD@?$CB@     00000001800238bc     libvcruntime:undname.obj
 0002:000008c0       ??_C@_02EGOFBIJA@?$DN?$DN@ 00000001800238c0     libvcruntime:undname.obj
 0002:000008c4       ??_C@_02FDNJECIE@?$CB?$DN@ 00000001800238c4     libvcruntime:undname.obj
 0002:000008c8       ??_C@_02GPECMEKF@?$FL?$FN@ 00000001800238c8     libvcruntime:undname.obj
 0002:000008d0       ??_C@_08LHJFAFGD@operator@ 00000001800238d0     libvcruntime:undname.obj
 0002:000008dc       ??_C@_02HBOOOICD@?9?$DO@   00000001800238dc     libvcruntime:undname.obj
 0002:000008e0       ??_C@_01NBENCBCI@?$CK@     00000001800238e0     libvcruntime:undname.obj
 0002:000008e4       ??_C@_02ECNGHCIF@?$CL?$CL@ 00000001800238e4     libvcruntime:undname.obj
 0002:000008e8       ??_C@_02BAABKJLB@?9?9@     00000001800238e8     libvcruntime:undname.obj
 0002:000008ec       ??_C@_01JOAMLHOP@?9@       00000001800238ec     libvcruntime:undname.obj
 0002:000008f0       ??_C@_01MIFGBAGJ@?$CL@     00000001800238f0     libvcruntime:undname.obj
 0002:000008f4       ??_C@_01HNPIGOCE@?$CG@     00000001800238f4     libvcruntime:undname.obj
 0002:000008f8       ??_C@_03MNHNFDLC@?9?$DO?$CK@ 00000001800238f8     libvcruntime:undname.obj
 0002:000008fc       ??_C@_01KMDKNFGN@?1@       00000001800238fc     libvcruntime:undname.obj
 0002:00000900       ??_C@_01FGNFDNOH@?$CF@     0000000180023900     libvcruntime:undname.obj
 0002:00000904       ??_C@_01MNNFJEPP@?$DM@     0000000180023904     libvcruntime:undname.obj
 0002:00000908       ??_C@_02EHCHHCKH@?$DM?$DN@ 0000000180023908     libvcruntime:undname.obj
 0002:0000090c       ??_C@_01PPODPGHN@?$DO@     000000018002390c     libvcruntime:undname.obj
 0002:00000910       ??_C@_02EEKDKGMJ@?$DO?$DN@ 0000000180023910     libvcruntime:undname.obj
 0002:00000914       ??_C@_02HCKGKOFO@?$CI?$CJ@ 0000000180023914     libvcruntime:undname.obj
 0002:00000918       ??_C@_01PJKLJHI@?$HO@      0000000180023918     libvcruntime:undname.obj
 0002:0000091c       ??_C@_01JKBOJNNK@?$FO@     000000018002391c     libvcruntime:undname.obj
 0002:00000920       ??_C@_02PPKAJPJL@?$CG?$CG@ 0000000180023920     libvcruntime:undname.obj
 0002:00000924       ??_C@_02NONPIBCD@?$HM?$HM@ 0000000180023924     libvcruntime:undname.obj
 0002:00000928       ??_C@_02FPIMKNGF@?$CK?$DN@ 0000000180023928     libvcruntime:undname.obj
 0002:0000092c       ??_C@_02FOEOMHFC@?$CL?$DN@ 000000018002392c     libvcruntime:undname.obj
 0002:00000930       ??_C@_02FKMDLLOA@?9?$DN@   0000000180023930     libvcruntime:undname.obj
 0002:00000934       ??_C@_02FJEHGPIO@?1?$DN@   0000000180023934     libvcruntime:undname.obj
 0002:00000938       ??_C@_02FENAOKFI@?$CF?$DN@ 0000000180023938     libvcruntime:undname.obj
 0002:0000093c       ??_C@_03IKFCCPFF@?$DO?$DO?$DN@ 000000018002393c     libvcruntime:undname.obj
 0002:00000940       ??_C@_03CDNPDDLA@?$DM?$DM?$DN@ 0000000180023940     libvcruntime:undname.obj
 0002:00000944       ??_C@_02FGJGFEAB@?$CG?$DN@ 0000000180023944     libvcruntime:undname.obj
 0002:00000948       ??_C@_02DHLNPPGH@?$HM?$DN@ 0000000180023948     libvcruntime:undname.obj
 0002:0000094c       ??_C@_02MHEGNOJ@?$FO?$DN@  000000018002394c     libvcruntime:undname.obj
 0002:00000950       ??_C@_09IFPLHPGF@?$GAvftable?8@ 0000000180023950     libvcruntime:undname.obj
 0002:00000960       ??_C@_09BLBHBJP@?$GAvbtable?8@ 0000000180023960     libvcruntime:undname.obj
 0002:00000970       ??_C@_07FEEIOKP@?$GAvcall?8@ 0000000180023970     libvcruntime:undname.obj
 0002:00000978       ??_C@_08LLFFHHDJ@?$GAtypeof?8@ 0000000180023978     libvcruntime:undname.obj
 0002:00000988       ??_C@_0BF@KDPPACIK@?$GAlocal?5static?5guard?8@ 0000000180023988     libvcruntime:undname.obj
 0002:000009a0       ??_C@_08OBABFOLI@?$GAstring?8@ 00000001800239a0     libvcruntime:undname.obj
 0002:000009b0       ??_C@_0BD@JDLKDPAB@?$GAvbase?5destructor?8@ 00000001800239b0     libvcruntime:undname.obj
 0002:000009c8       ??_C@_0BN@DEGPLNFK@?$GAvector?5deleting?5destructor?8@ 00000001800239c8     libvcruntime:undname.obj
 0002:000009e8       ??_C@_0BO@OBMKPJIG@?$GAdefault?5constructor?5closure?8@ 00000001800239e8     libvcruntime:undname.obj
 0002:00000a08       ??_C@_0BN@IMDCHIKM@?$GAscalar?5deleting?5destructor?8@ 0000000180023a08     libvcruntime:undname.obj
 0002:00000a28       ??_C@_0BO@PFGOCPJJ@?$GAvector?5constructor?5iterator?8@ 0000000180023a28     libvcruntime:undname.obj
 0002:00000a48       ??_C@_0BN@LFPFMEDL@?$GAvector?5destructor?5iterator?8@ 0000000180023a48     libvcruntime:undname.obj
 0002:00000a68       ??_C@_0CE@IKBNEHA@?$GAvector?5vbase?5constructor?5itera@ 0000000180023a68     libvcruntime:undname.obj
 0002:00000a90       ??_C@_0BL@NILFHHPC@?$GAvirtual?5displacement?5map?8@ 0000000180023a90     libvcruntime:undname.obj
 0002:00000ab0       ??_C@_0CB@JONCMFFK@?$GAeh?5vector?5constructor?5iterator@ 0000000180023ab0     libvcruntime:undname.obj
 0002:00000ad8       ??_C@_0CA@GCEOPDGL@?$GAeh?5vector?5destructor?5iterator?8@ 0000000180023ad8     libvcruntime:undname.obj
 0002:00000af8       ??_C@_0CH@OOJPLCPH@?$GAeh?5vector?5vbase?5constructor?5it@ 0000000180023af8     libvcruntime:undname.obj
 0002:00000b20       ??_C@_0BL@LLKPOHJI@?$GAcopy?5constructor?5closure?8@ 0000000180023b20     libvcruntime:undname.obj
 0002:00000b40       ??_C@_0BA@KBCDOMBN@?$GAudt?5returning?8@ 0000000180023b40     libvcruntime:undname.obj
 0002:00000b50       ??_C@_03KLGMFNMG@?$GAEH@   0000000180023b50     libvcruntime:undname.obj
 0002:00000b54       ??_C@_05KHLCHHI@?$GARTTI@  0000000180023b54     libvcruntime:undname.obj
 0002:00000b60       ??_C@_0BA@KKLDJDLB@?$GAlocal?5vftable?8@ 0000000180023b60     libvcruntime:undname.obj
 0002:00000b70       ??_C@_0CE@IIHCMGGL@?$GAlocal?5vftable?5constructor?5clos@ 0000000180023b70     libvcruntime:undname.obj
 0002:00000b94       ??_C@_06FHBGPFGH@?5new?$FL?$FN@ 0000000180023b94     libvcruntime:undname.obj
 0002:00000ba0       ??_C@_09LBNFPBCA@?5delete?$FL?$FN@ 0000000180023ba0     libvcruntime:undname.obj
 0002:00000bb0       ??_C@_0P@HJKNJFNN@?$GAomni?5callsig?8@ 0000000180023bb0     libvcruntime:undname.obj
 0002:00000bc0       ??_C@_0BL@CNOONJFP@?$GAplacement?5delete?5closure?8@ 0000000180023bc0     libvcruntime:undname.obj
 0002:00000be0       ??_C@_0BN@CKNJLHMB@?$GAplacement?5delete?$FL?$FN?5closure?8@ 0000000180023be0     libvcruntime:undname.obj
 0002:00000c00       ??_C@_0CG@CFDHKGGD@?$GAmanaged?5vector?5constructor?5ite@ 0000000180023c00     libvcruntime:undname.obj
 0002:00000c28       ??_C@_0CF@IMGKMJNO@?$GAmanaged?5vector?5destructor?5iter@ 0000000180023c28     libvcruntime:undname.obj
 0002:00000c50       ??_C@_0CG@HLDDJMAG@?$GAeh?5vector?5copy?5constructor?5ite@ 0000000180023c50     libvcruntime:undname.obj
 0002:00000c78       ??_C@_0CM@FCBBDIGB@?$GAeh?5vector?5vbase?5copy?5construct@ 0000000180023c78     libvcruntime:undname.obj
 0002:00000ca8       ??_C@_0BL@CLIPGLGB@?$GAdynamic?5initializer?5for?5?8@ 0000000180023ca8     libvcruntime:undname.obj
 0002:00000cc8       ??_C@_0CB@PDBIFEP@?$GAdynamic?5atexit?5destructor?5for?5@ 0000000180023cc8     libvcruntime:undname.obj
 0002:00000cf0       ??_C@_0CD@CGAJBKEJ@?$GAvector?5copy?5constructor?5iterat@ 0000000180023cf0     libvcruntime:undname.obj
[...]
 0004:000014a0       $pdata$?configure_text_mode@@YAHHUfile_options@?A0xa9d50aae@@HAEAW4__crt_lowio_text_mode@@@Z 00000001800354a0     libucrt:open.obj
 0004:000014ac       $pdata$?decode_options@@YA?AUfile_options@?A0xa9d50aae@@HHH@Z 00000001800354ac     libucrt:open.obj
 0004:000014b8       $pdata$?truncate_ctrl_z_if_present@@YAHH@Z 00000001800354b8     libucrt:open.obj
 0004:000014c4       $pdata$_sopen_nolock       00000001800354c4     libucrt:open.obj
 0004:000014d0       $pdata$_sopen_s            00000001800354d0     libucrt:open.obj
 0004:000014dc       $pdata$_wsopen_nolock      00000001800354dc     libucrt:open.obj
 0004:000014e8       $pdata$_wsopen_s           00000001800354e8     libucrt:open.obj
 0004:000014f4       $pdata$?GetTableIndexFromLocaleName@@YAHPEB_W@Z 00000001800354f4     libucrt:lcidtoname_downlevel.obj
 0004:00001500       $pdata$__acrt_DownlevelLocaleNameToLCID 0000000180035500     libucrt:lcidtoname_downlevel.obj
 0004:0000150c       $pdata$??$?RV<lambda_a37b2b86f63e897a80ea819b0eb08c01>@@AEAV<lambda_38ce7e780aa69e748d6df282ebc68efe>@@V<lambda_99fb1378e971ab6e7edea83e3a7a83a2>@@@?$__crt_seh_guarded_call@H@@QEAAH$$QEAV<lambda_a37b2b86f63e897a80ea819b0eb08c01>@@AEAV<lambda_38ce7e780aa69e748d6df282ebc68efe>@@$$QEAV<lambda_99fb1378e971ab6e7edea83e3a7a83a2>@@@Z 000000018003550c     libucrt:commit.obj
 0004:00001518       $pdata$_commit             0000000180035518     libucrt:commit.obj
 0004:00001524       $pdata$__acrt_lowio_create_handle_array 0000000180035524     libucrt:osfinfo.obj
 0004:00001530       $pdata$__acrt_lowio_destroy_handle_array 0000000180035530     libucrt:osfinfo.obj
 0004:0000153c       $pdata$__acrt_lowio_ensure_fh_exists 000000018003553c     libucrt:osfinfo.obj
 0004:00001548       $pdata$__acrt_lowio_set_os_handle 0000000180035548     libucrt:osfinfo.obj
 0004:00001554       $pdata$_alloc_osfhnd       0000000180035554     libucrt:osfinfo.obj
 0004:00001560       $pdata$_free_osfhnd        0000000180035560     libucrt:osfinfo.obj
 0004:0000156c       $pdata$_get_osfhandle      000000018003556c     libucrt:osfinfo.obj
 0004:00001578       $pdata$_isleadbyte_l       0000000180035578     libucrt:_wctype.obj
 0004:00001584       $pdata$?__acrt_LCMapStringA_stat@@YAHPEAU__crt_locale_pointers@@PEB_WKPEBDHPEADHHH@Z 0000000180035584     libucrt:lcmapstringa.obj
 0004:00001590       $pdata$__acrt_LCMapStringA 0000000180035590     libucrt:lcmapstringa.obj
 0004:0000159c       $pdata$?__mbrtowc_utf8@__crt_mbstring@@YA_KPEA_WPEBD_KPEAU_Mbstatet@@@Z 000000018003559c     libucrt:mbrtowc.obj
 0004:000015a8       $pdata$?__mbsrtowcs_utf8@__crt_mbstring@@YA_KPEA_WPEAPEBD_KPEAU_Mbstatet@@@Z 00000001800355a8     libucrt:mbrtowc.obj
 0004:000015b4       $pdata$__acrt_free_locale  00000001800355b4     libucrt:locale_refcounting.obj
 0004:000015c0       $pdata$__acrt_locale_free_lc_time_if_unreferenced 00000001800355c0     libucrt:locale_refcounting.obj
 0004:000015cc       $pdata$__acrt_release_locale_ref 00000001800355cc     libucrt:locale_refcounting.obj
 0004:000015d8       $pdata$__acrt_update_thread_locale_data 00000001800355d8     libucrt:locale_refcounting.obj
 0004:000015e4       $pdata$_updatetlocinfoEx_nolock 00000001800355e4     libucrt:locale_refcounting.obj
 0004:000015f0       $pdata$__acrt_fp_strflt_to_string 00000001800355f0     libucrt:_fptostr.obj
 0004:000015fc       $pdata$__acrt_fltout       00000001800355fc     libucrt:cfout.obj
 0004:00001608       $pdata$_isatty             0000000180035608     libucrt:isatty.obj
 0004:00001614       $pdata$__acrt_locale_free_monetary 0000000180035614     libucrt:initmon.obj
 0004:00001620       $pdata$__acrt_locale_free_numeric 0000000180035620     libucrt:initnum.obj
 0004:0000162c       $pdata$?free_crt_array_internal@@YAXQEAPEBX_K@Z 000000018003562c     libucrt:inittime.obj
 0004:00001638       $pdata$__acrt_locale_free_time 0000000180035638     libucrt:inittime.obj
 0004:00001644       $pdata$__acrt_GetStringTypeA 0000000180035644     libucrt:getstringtypea.obj
 0004:00001650       $pdata$??$common_lseek@_J@@YA_JH_JH@Z 0000000180035650     libucrt:lseek.obj
 0004:0000165c       $pdata$??$common_lseek_nolock@_J@@YA_JH_JH@Z 000000018003565c     libucrt:lseek.obj
 0004:00001668       $pdata$_putwch_nolock      0000000180035668     libucrt:putwch.obj
 0004:00001674       $pdata$__acrt_stdio_allocate_buffer_nolock 0000000180035674     libucrt:_getbuf.obj
 0004:00001680       $pdata$__acrt_fenv_set_control 0000000180035680     libucrt:_fenvutils.obj
 0004:0000168c       $pdata$strncpy_s           000000018003568c     libucrt:strncpy_s.obj
 0004:00001698       $pdata$fallbackMethod      0000000180035698     libucrt:strpbrk.obj
 0004:000016a4       $pdata$strpbrk             00000001800356a4     libucrt:strpbrk.obj
 0004:000016b0       $pdata$??$__acrt_convert_wcs_mbs@D_W$$A6A_KPEA_WPEBD_KPEAU__crt_locale_pointers@@@ZU__crt_win32_buffer_internal_dynamic_resizing@@@@YAHQEBDAEAV?$__crt_win32_buffer@_WU__crt_win32_buffer_internal_dynamic_resizing@@@@A6A_KPEA_WPEBD_KPEAU__crt_locale_pointers@@@Z5@Z 00000001800356b0     libucrt:findfirstfileexa.obj
 0004:000016bc       $pdata$__acrt_FindFirstFileExA 00000001800356bc     libucrt:findfirstfileexa.obj
 0004:000016c8       $pdata$??$__acrt_convert_wcs_mbs@_WD$$A6A_KPEADPEB_W_KPEAU__crt_locale_pointers@@@ZU__crt_win32_buffer_no_resizing@@@@YAHQEB_WAEAV?$__crt_win32_buffer@DU__crt_win32_buffer_no_resizing@@@@A6A_KPEADPEB_W_KPEAU__crt_locale_pointers@@@Z5@Z 00000001800356c8     libucrt:findnextfilea.obj
 0004:000016d4       $pdata$__acrt_FindNextFileA 00000001800356d4     libucrt:findnextfilea.obj
 0004:000016e0       $pdata$_mbsdec_l           00000001800356e0     libucrt:mbsdec.obj
 0004:000016ec       $pdata$?_mbstowcs_l_helper@@YA_KPEA_WPEBD_KPEAU__crt_locale_pointers@@@Z 00000001800356ec     libucrt:mbstowcs.obj
 0004:000016f8       $pdata$?initialize_multibyte@@YAHXZ 00000001800356f8     libucrt:multibyte_initializer.obj
 0004:00001704       $pdata$_msize_base         0000000180035704     libucrt:msize.obj
 0004:00001710       $pdata$_towlower_l         0000000180035710     libucrt:towlower.obj
 0004:0000171c       $pdata$_get_fmode          000000018003571c     libucrt:setmode.obj
 0004:00001728       $pdata$_setmode_nolock     0000000180035728     libucrt:setmode.obj
 0004:00001734       $pdata$_chsize_nolock      0000000180035734     libucrt:chsize.obj
 0004:00001740       $pdata$?__mbrtoc32_utf8@__crt_mbstring@@YA_KPEA_UPEBD_KPEAU_Mbstatet@@@Z 0000000180035740     libucrt:mbrtoc32.obj
 0004:0000174c       $pdata$fegetenv            000000018003574c     libucrt:fegetenv.obj
 0004:00001758       $pdata$fesetenv            0000000180035758     libucrt:fesetenv.obj
 0004:00001764       $pdata$feholdexcept        0000000180035764     libucrt:feholdexcept.obj
 0004:0000177c       $pdata$__dcrt_lowio_ensure_console_output_initialized 000000018003577c     libucrt:initcon.obj
 0004:00001788       $pdata$__dcrt_terminate_console_output 0000000180035788     libucrt:initcon.obj
 0004:00001794       $pdata$__dcrt_write_console 0000000180035794     libucrt:initcon.obj
 0004:000017a0       $pdata$?_wcstombs_l_helper@@YA_KPEADPEB_W_KPEAU__crt_locale_pointers@@@Z 00000001800357a0     libucrt:wcstombs.obj
 0004:000017ac       $pdata$__acrt_LCMapStringW 00000001800357ac     libucrt:lcmapstringw.obj
 0004:000017b8       $pdata$_clearfp            00000001800357b8     libucrt:ieee.obj
 0004:000017c4       $pdata$_call_matherr       00000001800357c4     libucrt:libm_error.obj
 0004:000017d0       $pdata$_exception_enabled  00000001800357d0     libucrt:libm_error.obj
 0004:000017dc       $pdata$_handle_error       00000001800357dc     libucrt:libm_error.obj
 0004:000017e8       $pdata$__acrt_initialize_fma3 00000001800357e8     libucrt:fma3_available.obj
 0004:000017f4       $pdata$_log10_special      00000001800357f4     libucrt:log_special.obj
 0004:00001800       $pdata$_log_special        0000000180035800     libucrt:log_special.obj
 0004:0000180c       $pdata$_log_special_common 000000018003580c     libucrt:log_special.obj
 0004:00001818       $pdata$?__wcsrtombs_utf8@__crt_mbstring@@YA_KPEADPEAPEB_W_KPEAU_Mbstatet@@@Z 0000000180035818     libucrt:wcrtomb.obj
 0004:00001830       $pdata$_raise_exc          0000000180035830     libucrt:fpexcept.obj
 0004:0000183c       $pdata$_raise_exc_ex       000000018003583c     libucrt:fpexcept.obj
 0004:00001848       $pdata$_set_errno_from_matherr 0000000180035848     libucrt:fpexcept.obj
 0004:00001854       $pdata$_clrfp              0000000180035854     libucrt:fpctrl.obj
 0004:00001860       $pdata$_ctrlfp             0000000180035860     libucrt:fpctrl.obj
 0004:0000186c       $pdata$_set_statfp         000000018003586c     libucrt:fpctrl.obj
 0004:00001878       $pdata$_statfp             0000000180035878     libucrt:fpctrl.obj
 0004:00001884       $pdata$?__c16rtomb_utf8@__crt_mbstring@@YA_KPEAD_SPEAU_Mbstatet@@@Z 0000000180035884     libucrt:c16rtomb.obj
 0004:00001890       $pdata$?__c32rtomb_utf8@__crt_mbstring@@YA_KPEAD_UPEAU_Mbstatet@@@Z 0000000180035890     libucrt:c32rtomb.obj
 0004:0000189c       $pdata$_IsNonwritableInCurrentImage 000000018003589c     LIBCMT:pesect.obj
 0004:000018a8       $pdata$__GSHandlerCheck    00000001800358a8     LIBCMT:_gshandler_.obj
 0004:000018b4       $pdata$__GSHandlerCheckCommon 00000001800358b4     LIBCMT:_gshandler_.obj
 0004:000018cc       $pdata$__GSHandlerCheck_EH 00000001800358cc     LIBCMT:gshandlereh.obj
 0004:000018d8       $pdata$strrchr             00000001800358d8     libvcruntime:strrchr.obj
 0004:000018f0       $pdata$fmod                00000001800358f0     libucrt:fmod.obj
 0004:00001914       $pdata$sqrt                0000000180035914     libucrt:sqrt.obj
 0004:0000192c       $pdata$_pow_special        000000018003592c     libucrt:pow_special.obj
 0004:00001944       $pdata$?fin$0@?0??dllmain_crt_process_attach@@YAHQEAUHINSTANCE__@@QEAX@Z@4HA 0000000180035944     LIBCMT:dll_dllmain.obj
 0004:00001950       $pdata$?fin$0@?0??dllmain_crt_process_detach@@YAH_N@Z@4HA 0000000180035950     LIBCMT:dll_dllmain.obj
 0004:0000195c       $pdata$?filt$0@?0??dllmain_dispatch@@YAHQEAUHINSTANCE__@@KQEAX@Z@4HA 000000018003595c     LIBCMT:dll_dllmain.obj
 0004:00001968       $pdata$__scrt_is_nonwritable_in_current_image$filt$0 0000000180035968     LIBCMT:utility.obj
 0004:00001974       $pdata$__DestructExceptionObject$filt$0 0000000180035974     libvcruntime:ehhelpers.obj
 0004:00001980       $pdata$?filt$0@?0???$_CallSETranslator@V__FrameHandler3@@@@YAHPEAUEHExceptionRecord@@PEA_KPEAU_CONTEXT@@PEAU_xDISPATCHER_CONTEXT@@PEBU_s_FuncInfo@@K1@Z@4HA 0000000180035980     libvcruntime:risctrnsctrl.obj
 0004:0000198c       $pdata$?filt$0@?0??CxxCallCatchBlock@__FrameHandler3@@SAPEAXPEAU_EXCEPTION_RECORD@@@Z@4HA 000000018003598c     libvcruntime:frame.obj
 0004:00001998       $pdata$?fin$1@?0??CxxCallCatchBlock@__FrameHandler3@@SAPEAXPEAU_EXCEPTION_RECORD@@@Z@4HA 0000000180035998     libvcruntime:frame.obj
 0004:000019a4       $pdata$?filt$0@?0??FrameUnwindToState@__FrameHandler3@@SAXPEA_KPEAU_xDISPATCHER_CONTEXT@@PEBU_s_FuncInfo@@H@Z@4HA 00000001800359a4     libvcruntime:frame.obj
 0004:000019b0       $pdata$?fin$1@?0??FrameUnwindToState@__FrameHandler3@@SAXPEA_KPEAU_xDISPATCHER_CONTEXT@@PEBU_s_FuncInfo@@H@Z@4HA 00000001800359b0     libvcruntime:frame.obj
 0004:000019bc       $pdata$?fin$0@?0???$common_fsopen@_W@@YAPEAU_iobuf@@QEB_W0H@Z@4HA 00000001800359bc     libucrt:fopen.obj
 0004:000019bc       $pdata$?fin$0@?0???$common_fsopen@D@@YAPEAU_iobuf@@QEBD0H@Z@4HA 00000001800359bc     libucrt:fopen.obj
 0004:000019c8       $pdata$fclose$fin$0        00000001800359c8     libucrt:fclose.obj
 0004:000019d4       $pdata$?fin$0@?0???$?RV<lambda_a62c933ada0517137acf5807a1eeac1f>@@AEAV<lambda_a31071773b9a94e445cbd5d04ef99106>@@V<lambda_56065050dbf3ada7e59a83db45153de3>@@@?$__crt_seh_guarded_call@H@@QEAAH$$QEAV<lambda_a62c933ada0517137acf5807a1eeac1f>@@AEAV<lambda_a31071773b9a94e445cbd5d04ef99106>@@$$QEAV<lambda_56065050dbf3ada7e59a83db45153de3>@@@Z@4HA 00000001800359d4     libucrt:output.obj
 0004:000019d4       $pdata$?fin$0@?0???$?RV<lambda_bdbcead8b570fa3d5ec6d9679862a6e5>@@AEAV<lambda_96f4279ff90247a4c5c5d9824f56f8c1>@@V<lambda_4606be27f17b5e5579e09050fab91818>@@@?$__crt_seh_guarded_call@_K@@QEAA_K$$QEAV<lambda_bdbcead8b570fa3d5ec6d9679862a6e5>@@AEAV<lambda_96f4279ff90247a4c5c5d9824f56f8c1>@@$$QEAV<lambda_4606be27f17b5e5579e09050fab91818>@@@Z@4HA 00000001800359d4     libucrt:fwrite.obj
 0004:000019d4       $pdata$?fin$0@?0???$?RV<lambda_842d9ff0dc9ef11c61343bbaebe7f885>@@AEAV<lambda_c5860995281e5c4ce005b3de8f5874ee>@@V<lambda_d90129c13df834fdcbf8d2b88dafcf2d>@@@?$__crt_seh_guarded_call@X@@QEAAX$$QEAV<lambda_842d9ff0dc9ef11c61343bbaebe7f885>@@AEAV<lambda_c5860995281e5c4ce005b3de8f5874ee>@@$$QEAV<lambda_d90129c13df834fdcbf8d2b88dafcf2d>@@@Z@4HA 00000001800359d4     libucrt:fflush.obj
 0004:000019e0       $pdata$fread_s$fin$0       00000001800359e0     libucrt:fread.obj
 0004:000019ec       $pdata$_query_new_handler$fin$0 00000001800359ec     libucrt:new_handler.obj
 0004:000019f8       $pdata$?fin$0@?0???$?RV<lambda_0ae27a3a962d80f24befdcbee591983d>@@AEAV<lambda_8d0ee55de4b1038c4002e0adecdf1839>@@V<lambda_dc504788e8f1664fe9b84e20bfb512f2>@@@?$__crt_seh_guarded_call@X@@QEAAX$$QEAV<lambda_0ae27a3a962d80f24befdcbee591983d>@@AEAV<lambda_8d0ee55de4b1038c4002e0adecdf1839>@@$$QEAV<lambda_dc504788e8f1664fe9b84e20bfb512f2>@@@Z@4HA 00000001800359f8     libucrt:per_thread_data.obj
 0004:000019f8       $pdata$?fin$0@?0???$?RV<lambda_f2e299630e499de9f9a165e60fcd3db5>@@AEAV<lambda_2ae9d31cdba2644fcbeaf08da7c24588>@@V<lambda_40d01ff24d0e7b3814fdbdcee8eab3c7>@@@?$__crt_seh_guarded_call@X@@QEAAX$$QEAV<lambda_f2e299630e499de9f9a165e60fcd3db5>@@AEAV<lambda_2ae9d31cdba2644fcbeaf08da7c24588>@@$$QEAV<lambda_40d01ff24d0e7b3814fdbdcee8eab3c7>@@@Z@4HA 00000001800359f8     libucrt:per_thread_data.obj
 0004:000019f8       $pdata$?fin$0@?0???$?RV<lambda_2d41944a1d46af3157314b8a01080d33>@@AEAV<lambda_8f455de75cd7d7f24b4096f044d8b9e6>@@V<lambda_aa500f224e6afead328df44964fe2772>@@@?$__crt_seh_guarded_call@X@@QEAAX$$QEAV<lambda_2d41944a1d46af3157314b8a01080d33>@@AEAV<lambda_8f455de75cd7d7f24b4096f044d8b9e6>@@$$QEAV<lambda_aa500f224e6afead328df44964fe2772>@@@Z@4HA 00000001800359f8     libucrt:per_thread_data.obj
 0004:000019f8       $pdata$?fin$0@?0???$?RV<lambda_7777bce6b2f8c936911f934f8298dc43>@@AEAV<lambda_f03950bc5685219e0bcd2087efbe011e>@@V<lambda_3883c3dff614d5e0c5f61bb1ac94921c>@@@?$__crt_seh_guarded_call@H@@QEAAH$$QEAV<lambda_7777bce6b2f8c936911f934f8298dc43>@@AEAV<lambda_f03950bc5685219e0bcd2087efbe011e>@@$$QEAV<lambda_3883c3dff614d5e0c5f61bb1ac94921c>@@@Z@4HA 00000001800359f8     libucrt:onexit.obj
 0004:000019f8       $pdata$?fin$0@?0???$?RV<lambda_d80eeec6fff315bfe5c115232f3240e3>@@AEAV<lambda_6e4b09c48022b2350581041d5f6b0c4c>@@V<lambda_2358e3775559c9db80273638284d5e45>@@@?$__crt_seh_guarded_call@X@@QEAAX$$QEAV<lambda_d80eeec6fff315bfe5c115232f3240e3>@@AEAV<lambda_6e4b09c48022b2350581041d5f6b0c4c>@@$$QEAV<lambda_2358e3775559c9db80273638284d5e45>@@@Z@4HA 00000001800359f8     libucrt:exit.obj
 0004:000019f8       $pdata$?fin$0@?0???$?RV<lambda_efdfa57d1f175319df784efa44bb7b81>@@AEAV<lambda_5f0a4c1567f8adc6734073e5d1e1b35c>@@V<lambda_2e8a7d3640ea6ccb4c2413664c2db6fd>@@@?$__crt_seh_guarded_call@X@@QEAAX$$QEAV<lambda_efdfa57d1f175319df784efa44bb7b81>@@AEAV<lambda_5f0a4c1567f8adc6734073e5d1e1b35c>@@$$QEAV<lambda_2e8a7d3640ea6ccb4c2413664c2db6fd>@@@Z@4HA 00000001800359f8     libucrt:mbctype.obj
 0004:000019f8       $pdata$?fin$0@?0???$?RV<lambda_450d765d439847d4c735a33c368b5fc0>@@AEAV<lambda_44731a7d0e6d81c3e6aa82d741081786>@@V<lambda_601a2a7da3b7a96e9554ac7215c4b07c>@@@?$__crt_seh_guarded_call@P6AXH@Z@@QEAAP6AXH@Z$$QEAV<lambda_450d765d439847d4c735a33c368b5fc0>@@AEAV<lambda_44731a7d0e6d81c3e6aa82d741081786>@@$$QEAV<lambda_601a2a7da3b7a96e9554ac7215c4b07c>@@@Z@4HA 00000001800359f8     libucrt:signal.obj
 0004:000019f8       $pdata$?fin$0@?0???$?RV<lambda_aa87e3671a710a21b5dc78c0bdf72e11>@@AEAV<lambda_92619d2358a28f41a33ba319515a20b9>@@V<lambda_6992ecaafeb10aed2b74cb1fae11a551>@@@?$__crt_seh_guarded_call@X@@QEAAX$$QEAV<lambda_aa87e3671a710a21b5dc78c0bdf72e11>@@AEAV<lambda_92619d2358a28f41a33ba319515a20b9>@@$$QEAV<lambda_6992ecaafeb10aed2b74cb1fae11a551>@@@Z@4HA 00000001800359f8     libucrt:per_thread_data.obj
 0004:00001a04       $pdata$?filt$0@?0???R<lambda_6e4b09c48022b2350581041d5f6b0c4c>@@QEBA@XZ@4HA 0000000180035a04     libucrt:exit.obj
 0004:00001a10       $pdata$?fin$0@?0??__acrt_stdio_allocate_stream@@YA?AV__crt_stdio_stream@@XZ@4HA 0000000180035a10     libucrt:stream.obj
 0004:00001a10       $pdata$_fcloseall$fin$0    0000000180035a10     libucrt:closeall.obj
 0004:00001a1c       $pdata$?fin$0@?0???$?RV<lambda_886d6c58226a84441f68b9f2b8217b83>@@AEAV<lambda_ab61a845afdef5b7c387490eaf3616ee>@@V<lambda_f7f22ab5edc0698d5f6905b0d3f44752>@@@?$__crt_seh_guarded_call@X@@QEAAX$$QEAV<lambda_886d6c58226a84441f68b9f2b8217b83>@@AEAV<lambda_ab61a845afdef5b7c387490eaf3616ee>@@$$QEAV<lambda_f7f22ab5edc0698d5f6905b0d3f44752>@@@Z@4HA 0000000180035a1c     libucrt:fflush.obj
 0004:00001a28       $pdata$_alloc_osfhnd$fin$0 0000000180035a28     libucrt:osfinfo.obj
 0004:00001a28       $pdata$__acrt_initialize_lowio$fin$0 0000000180035a28     libucrt:ioinit.obj
 0004:00001a28       $pdata$__acrt_lowio_ensure_fh_exists$fin$0 0000000180035a28     libucrt:osfinfo.obj
 0004:00001a34       $pdata$?fin$0@?0???$?RV<lambda_751a882b2c74d4b022dec766aa51a29a>@@AEAV<lambda_628dfdc04ba53c8bfc02c9951375f3f5>@@V<lambda_f6c7be5f7998530c34de24c7437d6b54>@@@?$__crt_seh_guarded_call@H@@QEAAH$$QEAV<lambda_751a882b2c74d4b022dec766aa51a29a>@@AEAV<lambda_628dfdc04ba53c8bfc02c9951375f3f5>@@$$QEAV<lambda_f6c7be5f7998530c34de24c7437d6b54>@@@Z@4HA 0000000180035a34     libucrt:close.obj
 0004:00001a34       $pdata$?fin$0@?0???$?RV<lambda_a37b2b86f63e897a80ea819b0eb08c01>@@AEAV<lambda_38ce7e780aa69e748d6df282ebc68efe>@@V<lambda_99fb1378e971ab6e7edea83e3a7a83a2>@@@?$__crt_seh_guarded_call@H@@QEAAH$$QEAV<lambda_a37b2b86f63e897a80ea819b0eb08c01>@@AEAV<lambda_38ce7e780aa69e748d6df282ebc68efe>@@$$QEAV<lambda_99fb1378e971ab6e7edea83e3a7a83a2>@@@Z@4HA 0000000180035a34     libucrt:commit.obj
 0004:00001a40       $pdata$?fin$0@?0???$?RV<lambda_410d79af7f07d98d83a3f525b3859a53>@@AEAV<lambda_3e16ef9562a7dcce91392c22ab16ea36>@@V<lambda_38119f0e861e05405d8a144b9b982f0a>@@@?$__crt_seh_guarded_call@X@@QEAAX$$QEAV<lambda_410d79af7f07d98d83a3f525b3859a53>@@AEAV<lambda_3e16ef9562a7dcce91392c22ab16ea36>@@$$QEAV<lambda_38119f0e861e05405d8a144b9b982f0a>@@@Z@4HA 0000000180035a40     libucrt:wsetlocale.obj
 0004:00001a4c       $pdata$?fin$0@?0???$common_lseek@_J@@YA_JH_JH@Z@4HA 0000000180035a4c     libucrt:lseek.obj
 0004:00001a4c       $pdata$_write$fin$0        0000000180035a4c     libucrt:write.obj
 0004:00001a58       $pdata$_read$fin$0         0000000180035a58     libucrt:read.obj
 0004:00001a64       $pdata$?fin$0@?0??update_thread_multibyte_data_internal@@YAPEAU__crt_multibyte_data@@QEAU__acrt_ptd@@QEAPEAU1@@Z@4HA 0000000180035a64     libucrt:mbctype.obj
 0004:00001a70       $pdata$raise$fin$0         0000000180035a70     libucrt:signal.obj
 0004:00001a7c       $pdata$?fin$0@?0???$common_sopen_dispatch@D@@YAHQEBDHHHQEAHH@Z@4HA 0000000180035a7c     libucrt:open.obj
 0004:00001a7c       $pdata$?fin$0@?0???$common_sopen_dispatch@_W@@YAHQEB_WHHHQEAHH@Z@4HA 0000000180035a7c     libucrt:open.obj
 0004:00001a88       $pdata$__acrt_update_thread_locale_data$fin$0 0000000180035a88     libucrt:locale_refcounting.obj
 0004:00001a94       $pdata$_ctrlfp$filt$0      0000000180035a94     libucrt:fpctrl.obj
 0004:00001aa0       $pdata$_IsNonwritableInCurrentImage$filt$0 0000000180035aa0     LIBCMT:pesect.obj
 0005:00000060       $R000000                   0000000180036060     * linker generated manifest res *

 Exports

  ordinal    name

        1    _register_addon_
