 addon

 Timestamp is 5bac3217 (Thu Sep 27 03:27:51 2018)

 Preferred load address is 0000000180000000

 Start         Length     Name                   Class
 0001:00000000 00022760H .text$mn                CODE
 0001:00022760 00000020H .text$mn$00             CODE
 0001:00022780 00000470H .text$x                 CODE
 0002:00000000 000002c8H .idata$5                DATA
 0002:000002c8 00000010H .00cfg                  DATA
 0002:000002d8 00000008H .CRT$XCA                DATA
 0002:000002e0 00000008H .CRT$XCU                DATA
 0002:000002e8 00000008H .CRT$XCZ                DATA
 0002:000002f0 00000008H .CRT$XIA                DATA
 0002:000002f8 00000018H .CRT$XIC                DATA
 0002:00000310 00000008H .CRT$XIZ                DATA
 0002:00000318 00000008H .CRT$XPA                DATA
 0002:00000320 00000010H .CRT$XPX                DATA
 0002:00000330 00000008H .CRT$XPXA               DATA
 0002:00000338 00000008H .CRT$XPZ                DATA
 0002:00000340 00000008H .CRT$XTA                DATA
 0002:00000348 00000008H .CRT$XTZ                DATA
 0002:00000350 00000000H .gfids$y                DATA
 0002:00000350 0000b530H .rdata                  DATA
 0002:0000b880 0000037cH .rdata$r                DATA
 0002:0000bbfc 00000334H .rdata$zzzdbg           DATA
 0002:0000bf30 00000008H .rtc$IAA                DATA
 0002:0000bf38 00000008H .rtc$IZZ                DATA
 0002:0000bf40 00000008H .rtc$TAA                DATA
 0002:0000bf48 00000008H .rtc$TZZ                DATA
 0002:0000bf50 00001a30H .xdata                  DATA
 0002:0000d980 000001e0H .xdata$x                DATA
 0002:0000db60 00000050H .edata                  DATA
 0002:0000dbb0 00000028H .idata$2                DATA
 0002:0000dbd8 00000018H .idata$3                DATA
 0002:0000dbf0 000002c8H .idata$4                DATA
 0002:0000deb8 0000090eH .idata$6                DATA
 0003:00000000 00000a70H .data                   DATA
 0003:00000a70 00000120H .data$r                 DATA
 0003:00000b90 00001200H .bss                    DATA
 0004:00000000 00001ad0H .pdata                  DATA
 0005:00000000 00000060H .rsrc$01                DATA
 0005:00000060 00000180H .rsrc$02                DATA

  Address         Publics by Value              Rva+Base               Lib:Object

 0000:00000000       __hybrid_code_map_count    0000000000000000     <absolute>
 0000:00000000       __hybrid_code_map          0000000000000000     <absolute>
 0000:00000000       __guard_iat_count          0000000000000000     <absolute>
 0000:00000000       __guard_longjmp_count      0000000000000000     <absolute>
 0000:00000000       __guard_longjmp_table      0000000000000000     <absolute>
 0000:00000000       __volatile_metadata        0000000000000000     <absolute>
 0000:00000000       __guard_iat_table          0000000000000000     <absolute>
 0000:00000000       __guard_fids_count         0000000000000000     <absolute>
 0000:00000000       ___safe_se_handler_count   0000000000000000     <absolute>
 0000:00000000       __enclave_config           0000000000000000     <absolute>
 0000:00000000       ___safe_se_handler_table   0000000000000000     <absolute>
 0000:00000000       __guard_fids_table         0000000000000000     <absolute>
 0000:00000000       __hybrid_auxiliary_iat     0000000000000000     <absolute>
 0000:00000000       __dynamic_value_reloc_table 0000000000000000     <absolute>
 0000:00000100       __guard_flags              0000000000000100     <absolute>
 0000:00000000       __ImageBase                0000000180000000     <linker-defined>
 0001:00000000       __local_stdio_printf_options 0000000180001000 f i main.obj
 0001:00000010       __local_stdio_scanf_options 0000000180001010 f i main.obj
 0001:00000020       sprintf_s                  0000000180001020 f i main.obj
 0001:00000080       _scprintf                  0000000180001080 f i main.obj
 0001:000000e0       sscanf                     00000001800010e0 f i main.obj
 0001:00000270       ?mods_apply_m@@YAHIIPEAUbeatmap_stats@@I@Z 0000000180001270 f   main.obj
 0001:00000510       ?mods_apply@@YAXIPEAUbeatmap_stats@@I@Z 0000000180001510 f   main.obj
 0001:00000a90       ?p_init@@YAHPEAUparser@@@Z 0000000180001a90 f   main.obj
 0001:00002890       ?p_map@@YAHPEAUparser@@PEAUbeatmap@@PEAU_iobuf@@@Z 0000000180003890 f   main.obj
 0001:00004280       ?ppv2p@@YAHPEAUpp_calc@@PEAUpp_params@@@Z 0000000180005280 f   main.obj
 0001:000043b0       ?info@demo@@YAHPEBDZZ      00000001800053b0 f   main.obj
 0001:00004410       ?Method@demo@@YAXAEBV?$FunctionCallbackInfo@VValue@v8@@@v8@@@Z 0000000180005410 f   main.obj
 0001:00004f70       ?Initialize@demo@@YAXV?$Local@VObject@v8@@@v8@@@Z 0000000180005f70 f   main.obj
 0001:00005040       ??0?$basic_string@DU?$char_traits@D@std@@V?$allocator@D@2@@std@@QEAA@_KD@Z 0000000180006040 f i main.obj
 0001:000051b0       ?assign@?$basic_string@DU?$char_traits@D@std@@V?$allocator@D@2@@std@@QEAAAEAV12@QEBD_K@Z 00000001800061b0 f i main.obj
 0001:00005300       ?_Xlen@?$basic_string@DU?$char_traits@D@std@@V?$allocator@D@2@@std@@SAXXZ 0000000180006300 f i main.obj
 0001:00005314       ??0bad_alloc@std@@QEAA@AEBV01@@Z 0000000180006314 f i libcpmt:xthrow.obj
 0001:00005354       ??0bad_alloc@std@@QEAA@XZ  0000000180006354 f i libcpmt:xthrow.obj
 0001:00005374       ??0exception@std@@QEAA@AEBV01@@Z 0000000180006374 f i libcpmt:xthrow.obj
 0001:000053ac       ??0length_error@std@@QEAA@AEBV01@@Z 00000001800063ac f i libcpmt:xthrow.obj
 0001:000053ec       ??0length_error@std@@QEAA@PEBD@Z 00000001800063ec f i libcpmt:xthrow.obj
 0001:00005438       ??0logic_error@std@@QEAA@AEBV01@@Z 0000000180006438 f i libcpmt:xthrow.obj
 0001:00005478       ??1bad_exception@std@@UEAA@XZ 0000000180006478 f i libvcruntime:frame.obj
 0001:00005478       ??1bad_alloc@std@@UEAA@XZ  0000000180006478 f i libcpmt:xthrow.obj
 0001:00005478       ??1length_error@std@@UEAA@XZ 0000000180006478 f i libcpmt:xthrow.obj
 0001:00005478       ??1bad_array_new_length@std@@UEAA@XZ 0000000180006478 f i LIBCMT:throw_bad_alloc.obj
 0001:0000548c       ??_Gexception@std@@UEAAPEAXI@Z 000000018000648c f i libcpmt:xthrow.obj
 0001:0000548c       ??_Eexception@std@@UEAAPEAXI@Z 000000018000648c f i libcpmt:xthrow.obj
 0001:0000548c       ??_Elogic_error@std@@UEAAPEAXI@Z 000000018000648c f i libcpmt:xthrow.obj
 0001:0000548c       ??_Ebad_exception@std@@UEAAPEAXI@Z 000000018000648c f i libvcruntime:frame.obj
 0001:0000548c       ??_Ebad_alloc@std@@UEAAPEAXI@Z 000000018000648c f i libcpmt:xthrow.obj
 0001:0000548c       ??_Gbad_array_new_length@std@@UEAAPEAXI@Z 000000018000648c f i LIBCMT:throw_bad_alloc.obj
 0001:0000548c       ??_Glength_error@std@@UEAAPEAXI@Z 000000018000648c f i libcpmt:xthrow.obj
 0001:0000548c       ??_Elength_error@std@@UEAAPEAXI@Z 000000018000648c f i libcpmt:xthrow.obj
 0001:0000548c       ??_Gbad_exception@std@@UEAAPEAXI@Z 000000018000648c f i libvcruntime:frame.obj
 0001:0000548c       ??_Glogic_error@std@@UEAAPEAXI@Z 000000018000648c f i libcpmt:xthrow.obj
 0001:0000548c       ??_Ebad_array_new_length@std@@UEAAPEAXI@Z 000000018000648c f i LIBCMT:throw_bad_alloc.obj
 0001:0000548c       ??_Gbad_alloc@std@@UEAAPEAXI@Z 000000018000648c f i libcpmt:xthrow.obj
 0001:000054d0       ?_Xlength_error@std@@YAXPEBD@Z 00000001800064d0 f   libcpmt:xthrow.obj
 0001:000054f4       ?what@exception@std@@UEBAPEBDXZ 00000001800064f4 f i libcpmt:xthrow.obj
 0001:00005520       __security_check_cookie    0000000180006520 f   LIBCMT:_amdsecgs_.obj
 0001:00005544       ??2@YAPEAX_K@Z             0000000180006544 f   LIBCMT:new_scalar.obj
 0001:00005580       ??3@YAXPEAX_K@Z            0000000180006580 f   LIBCMT:delete_scalar_size.obj
 0001:000058b8       _DllMainCRTStartup         00000001800068b8 f   LIBCMT:dll_dllmain.obj
 0001:000058f8       ??_Gtype_info@@UEAAPEAXI@Z 00000001800068f8 f i LIBCMT:std_type_info_static.obj
 0001:000058f8       ??_Etype_info@@UEAAPEAXI@Z 00000001800068f8 f i LIBCMT:std_type_info_static.obj
 0001:00005924       __raise_securityfailure    0000000180006924 f   LIBCMT:gs_report.obj
 0001:00005958       __report_gsfailure         0000000180006958 f   LIBCMT:gs_report.obj
 0001:00005a2c       __report_rangecheckfailure 0000000180006a2c f   LIBCMT:gs_report.obj
 0001:00005a40       __report_securityfailure   0000000180006a40 f   LIBCMT:gs_report.obj
 0001:00005bc0       ??0bad_array_new_length@std@@QEAA@AEBV01@@Z 0000000180006bc0 f i LIBCMT:throw_bad_alloc.obj
 0001:00005c00       ??0bad_array_new_length@std@@QEAA@XZ 0000000180006c00 f i LIBCMT:throw_bad_alloc.obj
 0001:00005c20       ?__scrt_throw_std_bad_alloc@@YAXXZ 0000000180006c20 f   LIBCMT:throw_bad_alloc.obj
 0001:00005c40       ?__scrt_throw_std_bad_array_new_length@@YAXXZ 0000000180006c40 f   LIBCMT:throw_bad_alloc.obj
 0001:00005c60       ??3@YAXPEAX@Z              0000000180006c60 f   LIBCMT:delete_scalar.obj
 0001:00005c68       __security_init_cookie     0000000180006c68 f   LIBCMT:gs_support.obj
 0001:00005d14       DllMain                    0000000180006d14 f   LIBCMT:dll_dllmain_stub.obj
 0001:00005d14       _get_startup_argv_mode     0000000180006d14 f   LIBCMT:argv_mode.obj
 0001:00005d1c       ?__scrt_initialize_type_info@@YAXXZ 0000000180006d1c f   LIBCMT:tncleanup.obj
 0001:00005d2c       ?__scrt_uninitialize_type_info@@YAXXZ 0000000180006d2c f   LIBCMT:tncleanup.obj
 0001:00005d38       __scrt_initialize_default_local_stdio_options 0000000180006d38 f   LIBCMT:default_local_stdio_options.obj
 0001:00005d54       __scrt_acquire_startup_lock 0000000180006d54 f   LIBCMT:utility.obj
 0001:00005d90       __scrt_dllmain_after_initialize_c 0000000180006d90 f   LIBCMT:utility.obj
 0001:00005dc4       __scrt_dllmain_before_initialize_c 0000000180006dc4 f   LIBCMT:utility.obj
 0001:00005ddc       __scrt_dllmain_crt_thread_attach 0000000180006ddc f   LIBCMT:utility.obj
 0001:00005e04       __scrt_dllmain_crt_thread_detach 0000000180006e04 f   LIBCMT:utility.obj
 0001:00005e1c       __scrt_dllmain_exception_filter 0000000180006e1c f   LIBCMT:utility.obj
 0001:00005e7c       __scrt_dllmain_uninitialize_c 0000000180006e7c f   LIBCMT:utility.obj
 0001:00005eac       __scrt_dllmain_uninitialize_critical 0000000180006eac f   LIBCMT:utility.obj
 0001:00005ec0       __scrt_initialize_crt      0000000180006ec0 f   LIBCMT:utility.obj
 0001:00005f0c       __scrt_initialize_onexit_tables 0000000180006f0c f   LIBCMT:utility.obj
 0001:00005fe4       __scrt_is_nonwritable_in_current_image 0000000180006fe4 f   LIBCMT:utility.obj
 0001:00006080       __scrt_release_startup_lock 0000000180007080 f   LIBCMT:utility.obj
 0001:000060a4       __scrt_uninitialize_crt    00000001800070a4 f   LIBCMT:utility.obj
 0001:000060d0       __scrt_get_dyn_tls_init_callback 00000001800070d0 f   LIBCMT:dyn_tls_init.obj
 0001:000060d8       __crt_debugger_hook        00000001800070d8 f   LIBCMT:utility_desktop.obj
 0001:000060e0       __scrt_fastfail            00000001800070e0 f   LIBCMT:utility_desktop.obj
 0001:0000622c       _RTC_Initialize            000000018000722c f   LIBCMT:_initsect_.obj
 0001:00006268       _RTC_Terminate             0000000180007268 f   LIBCMT:_initsect_.obj
 0001:000062a4       _guard_check_icall_nop     00000001800072a4 f i LIBCMT:guard_support.obj
 0001:000062a8       __isa_available_init       00000001800072a8 f   LIBCMT:_cpu_disp_.obj
 0001:00006464       __scrt_is_ucrt_dll_in_use  0000000180007464 f   LIBCMT:ucrt_detection.obj
 0001:00006470       __std_exception_copy       0000000180007470 f   libvcruntime:std_exception.obj
 0001:00006500       __std_exception_destroy    0000000180007500 f   libvcruntime:std_exception.obj
 0001:00006528       _CxxThrowException         0000000180007528 f   libvcruntime:throw.obj
 0001:000065e8       __C_specific_handler       00000001800075e8 f   libvcruntime:_riscchandler_.obj
 0001:000067f4       __std_type_info_compare    00000001800077f4 f   libvcruntime:std_type_info.obj
 0001:0000681c       __std_type_info_destroy_list 000000018000781c f   libvcruntime:std_type_info.obj
 0001:00006848       __vcrt_initialize          0000000180007848 f   libvcruntime:initialization.obj
 0001:0000687c       __vcrt_thread_attach       000000018000787c f   libvcruntime:initialization.obj
 0001:00006890       __vcrt_thread_detach       0000000180007890 f   libvcruntime:initialization.obj
 0001:000068a4       __vcrt_uninitialize        00000001800078a4 f   libvcruntime:initialization.obj
 0001:000068c4       __vcrt_uninitialize_critical 00000001800078c4 f   libvcruntime:initialization.obj
 0001:000068f0       memset_repmovs             00000001800078f0 f   libvcruntime:memset.obj
 0001:00006910       memset                     0000000180007910 f   libvcruntime:memset.obj
 0001:00006ab0       _NLG_Notify                0000000180007ab0 f   libvcruntime:_notify_.obj
 0001:00006ad0       __NLG_Dispatch2            0000000180007ad0 f   libvcruntime:_notify_.obj
 0001:00006ae0       __NLG_Return2              0000000180007ae0 f   libvcruntime:_notify_.obj
 0001:00006ae4       __except_validate_context_record 0000000180007ae4 f   libvcruntime:jbcxrval.obj
 0001:00006b1c       __DestructExceptionObject  0000000180007b1c f   libvcruntime:ehhelpers.obj
 0001:00006b90       ?_CallMemberFunction0@@YAXQEAX0@Z 0000000180007b90 f i libvcruntime:ehhelpers.obj
 0001:00006b94       _IsExceptionObjectToBeDestroyed 0000000180007b94 f   libvcruntime:ehhelpers.obj
 0001:00006bc4       __AdjustPointer            0000000180007bc4 f   libvcruntime:ehhelpers.obj
 0001:00006be8       __FrameUnwindFilter        0000000180007be8 f   libvcruntime:ehhelpers.obj
 0001:00006c34       __vcrt_freefls             0000000180007c34 f   libvcruntime:per_thread_data.obj
 0001:00006c54       __vcrt_freeptd             0000000180007c54 f   libvcruntime:per_thread_data.obj
 0001:00006ca4       __vcrt_getptd              0000000180007ca4 f   libvcruntime:per_thread_data.obj
 0001:00006cc0       __vcrt_getptd_noexit       0000000180007cc0 f   libvcruntime:per_thread_data.obj
 0001:00006d8c       __vcrt_initialize_ptd      0000000180007d8c f   libvcruntime:per_thread_data.obj
 0001:00006de0       __vcrt_uninitialize_ptd    0000000180007de0 f   libvcruntime:per_thread_data.obj
 0001:00006e04       __vcrt_initialize_locks    0000000180007e04 f   libvcruntime:locks.obj
 0001:00006e4c       __vcrt_uninitialize_locks  0000000180007e4c f   libvcruntime:locks.obj
 0001:0000705c       __vcrt_FlsAlloc            000000018000805c f   libvcruntime:winapi_downlevel.obj
 0001:000070a4       __vcrt_FlsFree             00000001800080a4 f   libvcruntime:winapi_downlevel.obj
 0001:000070ec       __vcrt_FlsGetValue         00000001800080ec f   libvcruntime:winapi_downlevel.obj
 0001:00007134       __vcrt_FlsSetValue         0000000180008134 f   libvcruntime:winapi_downlevel.obj
 0001:00007188       __vcrt_InitializeCriticalSectionEx 0000000180008188 f   libvcruntime:winapi_downlevel.obj
 0001:000071ec       __vcrt_initialize_winapi_thunks 00000001800081ec f   libvcruntime:winapi_downlevel.obj
 0001:0000721c       __vcrt_uninitialize_winapi_thunks 000000018000821c f   libvcruntime:winapi_downlevel.obj
 0001:0000725c       __vcrt_initialize_pure_virtual_call_handler 000000018000825c f   libvcruntime:purevirt_data.obj
 0001:0000726c       ??$_CallSETranslator@V__FrameHandler3@@@@YAHPEAUEHExceptionRecord@@PEA_KPEAU_CONTEXT@@PEAU_xDISPATCHER_CONTEXT@@PEBU_s_FuncInfo@@K1@Z 000000018000826c f i libvcruntime:risctrnsctrl.obj
 0001:000072c0       ?CatchTryBlock@__FrameHandler3@@SAPEBU_s_TryBlockMapEntry@@PEBU_s_FuncInfo@@H@Z 00000001800082c0 f   libvcruntime:risctrnsctrl.obj
 0001:00007318       ?ExecutionInCatch@__FrameHandler3@@SA_NPEAU_xDISPATCHER_CONTEXT@@PEBU_s_FuncInfo@@@Z 0000000180008318 f   libvcruntime:risctrnsctrl.obj
 0001:00007344       ?FrameUnwindToEmptyState@__FrameHandler3@@SAXPEA_KPEAU_xDISPATCHER_CONTEXT@@PEBU_s_FuncInfo@@@Z 0000000180008344 f   libvcruntime:risctrnsctrl.obj
 0001:000073a8       ?GetEstablisherFrame@__FrameHandler3@@SAPEA_KPEA_KPEAU_xDISPATCHER_CONTEXT@@PEBU_s_FuncInfo@@0@Z 00000001800083a8 f   libvcruntime:risctrnsctrl.obj
 0001:00007474       ?GetRangeOfTrysToCheck@__FrameHandler3@@SA?AU?$pair@Viterator@TryBlockMap@__FrameHandler3@@V123@@std@@AEAVTryBlockMap@1@HH@Z 0000000180008474 f   libvcruntime:risctrnsctrl.obj
 0001:000075d0       ?UnwindNestedFrames@__FrameHandler3@@SAXPEA_KPEAUEHExceptionRecord@@PEAU_CONTEXT@@0PEAXPEBU_s_FuncInfo@@HHPEBU_s_HandlerType@@PEAU_xDISPATCHER_CONTEXT@@E@Z 00000001800085d0 f   libvcruntime:risctrnsctrl.obj
 0001:000076f4       _CreateFrameInfo           00000001800086f4 f   libvcruntime:risctrnsctrl.obj
 0001:00007730       _FindAndUnlinkFrame        0000000180008730 f   libvcruntime:risctrnsctrl.obj
 0001:00007784       _GetImageBase              0000000180008784 f   libvcruntime:risctrnsctrl.obj
 0001:00007798       _GetThrowImageBase         0000000180008798 f   libvcruntime:risctrnsctrl.obj
 0001:000077ac       _SetImageBase              00000001800087ac f   libvcruntime:risctrnsctrl.obj
 0001:000077c4       _SetThrowImageBase         00000001800087c4 f   libvcruntime:risctrnsctrl.obj
 0001:000077dc       __CxxFrameHandler3         00000001800087dc f   libvcruntime:risctrnsctrl.obj
 0001:00007870       memcpy_repmovs             0000000180008870 f   libvcruntime:memcpy.obj
 0001:00007890       memmove                    0000000180008890 f   libvcruntime:memcpy.obj
 0001:00007890       memcpy                     0000000180008890 f   libvcruntime:memcpy.obj
 0001:00007cc8       ?GetCurrentState@__FrameHandler3@@SAHPEA_KPEAU_xDISPATCHER_CONTEXT@@PEBU_s_FuncInfo@@@Z 0000000180008cc8 f   libvcruntime:ehstate.obj
 0001:00007cf0       ?GetUnwindTryBlock@__FrameHandler3@@SAHPEA_KPEAU_xDISPATCHER_CONTEXT@@PEBU_s_FuncInfo@@@Z 0000000180008cf0 f   libvcruntime:ehstate.obj
 0001:00007d1c       ?SetState@__FrameHandler3@@SAXPEA_KPEBU_s_FuncInfo@@H@Z 0000000180008d1c f   libvcruntime:ehstate.obj
 0001:00007d28       ?SetUnwindTryBlock@__FrameHandler3@@SAXPEA_KPEAU_xDISPATCHER_CONTEXT@@PEBU_s_FuncInfo@@H@Z 0000000180008d28 f   libvcruntime:ehstate.obj
 0001:00007d64       ?StateFromControlPc@__FrameHandler3@@SAHPEBU_s_FuncInfo@@PEAU_xDISPATCHER_CONTEXT@@@Z 0000000180008d64 f   libvcruntime:ehstate.obj
 0001:00007d6c       ?StateFromIp@__FrameHandler3@@SAHPEBU_s_FuncInfo@@PEAU_xDISPATCHER_CONTEXT@@_K@Z 0000000180008d6c f   libvcruntime:ehstate.obj
 0001:000087f8       ??$TypeMatchHelper@$$CBU_s_HandlerType@@@@YAHPEBU_s_HandlerType@@PEBU_s_CatchableType@@PEBU_s_ThrowInfo@@@Z 00000001800097f8 f i libvcruntime:frame.obj
 0001:0000893c       ??$__InternalCxxFrameHandler@V__FrameHandler3@@@@YA?AW4_EXCEPTION_DISPOSITION@@PEAUEHExceptionRecord@@PEA_KPEAU_CONTEXT@@PEAU_xDISPATCHER_CONTEXT@@PEBU_s_FuncInfo@@H1E@Z 000000018000993c f i libvcruntime:frame.obj
 0001:00008b84       ??0bad_exception@std@@QEAA@AEBV01@@Z 0000000180009b84 f i libvcruntime:frame.obj
 0001:00008bc4       ??0bad_exception@std@@QEAA@XZ 0000000180009bc4 f i libvcruntime:frame.obj
 0001:00008be4       ?CxxCallCatchBlock@__FrameHandler3@@SAPEAXPEAU_EXCEPTION_RECORD@@@Z 0000000180009be4 f   libvcruntime:frame.obj
 0001:00008e58       ?FrameUnwindToState@__FrameHandler3@@SAXPEA_KPEAU_xDISPATCHER_CONTEXT@@PEBU_s_FuncInfo@@H@Z 0000000180009e58 f   libvcruntime:frame.obj
 0001:00008fec       ?GetHandlerSearchState@__FrameHandler3@@SAHPEA_KPEAU_xDISPATCHER_CONTEXT@@PEBU_s_FuncInfo@@@Z 0000000180009fec f i libvcruntime:frame.obj
 0001:000091f0       ?_CallMemberFunction1@@YAXQEAX00@Z 000000018000a1f0 f i libvcruntime:frame.obj
 0001:000091fc       ?_CallMemberFunction2@@YAXQEAX00H@Z 000000018000a1fc f i libvcruntime:frame.obj
 0001:00009220       _CallSettingFrame          000000018000a220 f   libvcruntime:handlers.obj
 0001:00009270       _CallSettingFrameEncoded   000000018000a270 f   libvcruntime:handlers.obj
 0001:00009370       fopen                      000000018000a370 f   libucrt:fopen.obj
 0001:0000937c       __acrt_initialize_stdio    000000018000a37c f   libucrt:_file.obj
 0001:0000949c       __acrt_iob_func            000000018000a49c f   libucrt:_file.obj
 0001:000094b0       __acrt_uninitialize_stdio  000000018000a4b0 f   libucrt:_file.obj
 0001:0000950c       _lock_file                 000000018000a50c f   libucrt:_file.obj
 0001:00009518       _unlock_file               000000018000a518 f   libucrt:_file.obj
 0001:00009524       realloc                    000000018000a524 f   libucrt:realloc.obj
 0001:00009904       ??$ensure_buffer_is_big_enough@D@formatting_buffer@__crt_stdio_output@@QEAA_N_K@Z 000000018000a904 f i libucrt:output.obj
 0001:000099ac       ??$type_case_integer_parse_into_buffer@I@?$output_processor@DV?$string_output_adapter@D@__crt_stdio_output@@V?$format_validation_base@DV?$string_output_adapter@D@__crt_stdio_output@@@2@@__crt_stdio_output@@AEAAXII_N@Z 000000018000a9ac f i libucrt:output.obj
 0001:000099ac       ??$type_case_integer_parse_into_buffer@I@?$output_processor@DV?$stream_output_adapter@D@__crt_stdio_output@@V?$standard_base@DV?$stream_output_adapter@D@__crt_stdio_output@@@2@@__crt_stdio_output@@AEAAXII_N@Z 000000018000a9ac f i libucrt:output.obj
 0001:000099ac       ??$type_case_integer_parse_into_buffer@I@?$output_processor@DV?$string_output_adapter@D@__crt_stdio_output@@V?$standard_base@DV?$string_output_adapter@D@__crt_stdio_output@@@2@@__crt_stdio_output@@AEAAXII_N@Z 000000018000a9ac f i libucrt:output.obj
 0001:00009a3c       ??$type_case_integer_parse_into_buffer@_K@?$output_processor@DV?$string_output_adapter@D@__crt_stdio_output@@V?$format_validation_base@DV?$string_output_adapter@D@__crt_stdio_output@@@2@@__crt_stdio_output@@AEAAX_KI_N@Z 000000018000aa3c f i libucrt:output.obj
 0001:00009a3c       ??$type_case_integer_parse_into_buffer@_K@?$output_processor@DV?$stream_output_adapter@D@__crt_stdio_output@@V?$standard_base@DV?$stream_output_adapter@D@__crt_stdio_output@@@2@@__crt_stdio_output@@AEAAX_KI_N@Z 000000018000aa3c f i libucrt:output.obj
 0001:00009a3c       ??$type_case_integer_parse_into_buffer@_K@?$output_processor@DV?$string_output_adapter@D@__crt_stdio_output@@V?$standard_base@DV?$string_output_adapter@D@__crt_stdio_output@@@2@@__crt_stdio_output@@AEAAX_KI_N@Z 000000018000aa3c f i libucrt:output.obj
 0001:00009ad0       ??$write_multiple_characters@V?$stream_output_adapter@D@__crt_stdio_output@@D@__crt_stdio_output@@YAXAEBV?$stream_output_adapter@D@0@DHQEAH@Z 000000018000aad0 f i libucrt:output.obj
 0001:00009b5c       ??$write_multiple_characters@V?$string_output_adapter@D@__crt_stdio_output@@D@__crt_stdio_output@@YAXAEBV?$string_output_adapter@D@0@DHQEAH@Z 000000018000ab5c f i libucrt:output.obj
 0001:00009bd4       ??0_LocaleUpdate@@QEAA@QEAU__crt_locale_pointers@@@Z 000000018000abd4 f i libucrt:output.obj
 0001:00009c70       ??1_LocaleUpdate@@QEAA@XZ  000000018000ac70 f i libucrt:output.obj
 0001:00009db4       ?crop_zeroes@__crt_stdio_output@@YAXPEADQEAU__crt_locale_pointers@@@Z 000000018000adb4 f i libucrt:output.obj
 0001:00009e20       ?force_decimal_point@__crt_stdio_output@@YAXPEADQEAU__crt_locale_pointers@@@Z 000000018000ae20 f i libucrt:output.obj
 0001:00009e90       ?parse_int_from_format_string@?$output_processor@DV?$string_output_adapter@D@__crt_stdio_output@@V?$format_validation_base@DV?$string_output_adapter@D@__crt_stdio_output@@@2@@__crt_stdio_output@@AEAA_NQEAH@Z 000000018000ae90 f i libucrt:output.obj
 0001:00009e90       ?parse_int_from_format_string@?$output_processor@DV?$string_output_adapter@D@__crt_stdio_output@@V?$standard_base@DV?$string_output_adapter@D@__crt_stdio_output@@@2@@__crt_stdio_output@@AEAA_NQEAH@Z 000000018000ae90 f i libucrt:output.obj
 0001:00009e90       ?parse_int_from_format_string@?$output_processor@DV?$stream_output_adapter@D@__crt_stdio_output@@V?$standard_base@DV?$stream_output_adapter@D@__crt_stdio_output@@@2@@__crt_stdio_output@@AEAA_NQEAH@Z 000000018000ae90 f i libucrt:output.obj
 0001:00009f34       ?process@?$output_processor@DV?$stream_output_adapter@D@__crt_stdio_output@@V?$standard_base@DV?$stream_output_adapter@D@__crt_stdio_output@@@2@@__crt_stdio_output@@QEAAHXZ 000000018000af34 f i libucrt:output.obj
 0001:0000a148       ?process@?$output_processor@DV?$string_output_adapter@D@__crt_stdio_output@@V?$format_validation_base@DV?$string_output_adapter@D@__crt_stdio_output@@@2@@__crt_stdio_output@@QEAAHXZ 000000018000b148 f i libucrt:output.obj
 0001:0000a35c       ?process@?$output_processor@DV?$string_output_adapter@D@__crt_stdio_output@@V?$standard_base@DV?$string_output_adapter@D@__crt_stdio_output@@@2@@__crt_stdio_output@@QEAAHXZ 000000018000b35c f i libucrt:output.obj
 0001:0000a560       ?state_case_normal@?$output_processor@DV?$stream_output_adapter@D@__crt_stdio_output@@V?$standard_base@DV?$stream_output_adapter@D@__crt_stdio_output@@@2@@__crt_stdio_output@@AEAA_NXZ 000000018000b560 f i libucrt:output.obj
 0001:0000a5d0       ?state_case_normal@?$output_processor@DV?$string_output_adapter@D@__crt_stdio_output@@V?$format_validation_base@DV?$string_output_adapter@D@__crt_stdio_output@@@2@@__crt_stdio_output@@AEAA_NXZ 000000018000b5d0 f i libucrt:output.obj
 0001:0000a5d0       ?state_case_normal@?$output_processor@DV?$string_output_adapter@D@__crt_stdio_output@@V?$standard_base@DV?$string_output_adapter@D@__crt_stdio_output@@@2@@__crt_stdio_output@@AEAA_NXZ 000000018000b5d0 f i libucrt:output.obj
 0001:0000a644       ?state_case_normal_tchar@?$output_processor@DV?$stream_output_adapter@D@__crt_stdio_output@@V?$standard_base@DV?$stream_output_adapter@D@__crt_stdio_output@@@2@@__crt_stdio_output@@AEAA_ND@Z 000000018000b644 f i libucrt:output.obj
 0001:0000a6e0       ?state_case_normal_tchar@?$output_processor@DV?$string_output_adapter@D@__crt_stdio_output@@V?$standard_base@DV?$string_output_adapter@D@__crt_stdio_output@@@2@@__crt_stdio_output@@AEAA_ND@Z 000000018000b6e0 f i libucrt:output.obj
 0001:0000a6e0       ?state_case_normal_tchar@?$output_processor@DV?$string_output_adapter@D@__crt_stdio_output@@V?$format_validation_base@DV?$string_output_adapter@D@__crt_stdio_output@@@2@@__crt_stdio_output@@AEAA_ND@Z 000000018000b6e0 f i libucrt:output.obj
 0001:0000a778       ?state_case_size@?$output_processor@DV?$stream_output_adapter@D@__crt_stdio_output@@V?$standard_base@DV?$stream_output_adapter@D@__crt_stdio_output@@@2@@__crt_stdio_output@@AEAA_NXZ 000000018000b778 f i libucrt:output.obj
 0001:0000a8ec       ?state_case_size@?$output_processor@DV?$string_output_adapter@D@__crt_stdio_output@@V?$format_validation_base@DV?$string_output_adapter@D@__crt_stdio_output@@@2@@__crt_stdio_output@@AEAA_NXZ 000000018000b8ec f i libucrt:output.obj
 0001:0000a8ec       ?state_case_size@?$output_processor@DV?$string_output_adapter@D@__crt_stdio_output@@V?$standard_base@DV?$string_output_adapter@D@__crt_stdio_output@@@2@@__crt_stdio_output@@AEAA_NXZ 000000018000b8ec f i libucrt:output.obj
 0001:0000aa60       ?state_case_type@?$output_processor@DV?$stream_output_adapter@D@__crt_stdio_output@@V?$standard_base@DV?$stream_output_adapter@D@__crt_stdio_output@@@2@@__crt_stdio_output@@AEAA_NXZ 000000018000ba60 f i libucrt:output.obj
 0001:0000acf0       ?state_case_type@?$output_processor@DV?$string_output_adapter@D@__crt_stdio_output@@V?$format_validation_base@DV?$string_output_adapter@D@__crt_stdio_output@@@2@@__crt_stdio_output@@AEAA_NXZ 000000018000bcf0 f i libucrt:output.obj
 0001:0000acf0       ?state_case_type@?$output_processor@DV?$string_output_adapter@D@__crt_stdio_output@@V?$standard_base@DV?$string_output_adapter@D@__crt_stdio_output@@@2@@__crt_stdio_output@@AEAA_NXZ 000000018000bcf0 f i libucrt:output.obj
 0001:0000af5c       ?type_case_Z@?$output_processor@DV?$string_output_adapter@D@__crt_stdio_output@@V?$standard_base@DV?$string_output_adapter@D@__crt_stdio_output@@@2@@__crt_stdio_output@@AEAA_NXZ 000000018000bf5c f i libucrt:output.obj
 0001:0000af5c       ?type_case_Z@?$output_processor@DV?$string_output_adapter@D@__crt_stdio_output@@V?$format_validation_base@DV?$string_output_adapter@D@__crt_stdio_output@@@2@@__crt_stdio_output@@AEAA_NXZ 000000018000bf5c f i libucrt:output.obj
 0001:0000af5c       ?type_case_Z@?$output_processor@DV?$stream_output_adapter@D@__crt_stdio_output@@V?$standard_base@DV?$stream_output_adapter@D@__crt_stdio_output@@@2@@__crt_stdio_output@@AEAA_NXZ 000000018000bf5c f i libucrt:output.obj
 0001:0000afd4       ?type_case_a@?$output_processor@DV?$stream_output_adapter@D@__crt_stdio_output@@V?$standard_base@DV?$stream_output_adapter@D@__crt_stdio_output@@@2@@__crt_stdio_output@@AEAA_NXZ 000000018000bfd4 f i libucrt:output.obj
 0001:0000afd4       ?type_case_a@?$output_processor@DV?$string_output_adapter@D@__crt_stdio_output@@V?$format_validation_base@DV?$string_output_adapter@D@__crt_stdio_output@@@2@@__crt_stdio_output@@AEAA_NXZ 000000018000bfd4 f i libucrt:output.obj
 0001:0000afd4       ?type_case_a@?$output_processor@DV?$string_output_adapter@D@__crt_stdio_output@@V?$standard_base@DV?$string_output_adapter@D@__crt_stdio_output@@@2@@__crt_stdio_output@@AEAA_NXZ 000000018000bfd4 f i libucrt:output.obj
 0001:0000b190       ?type_case_c_tchar@?$output_processor@DV?$stream_output_adapter@D@__crt_stdio_output@@V?$standard_base@DV?$stream_output_adapter@D@__crt_stdio_output@@@2@@__crt_stdio_output@@AEAA_ND@Z 000000018000c190 f i libucrt:output.obj
 0001:0000b190       ?type_case_c_tchar@?$output_processor@DV?$string_output_adapter@D@__crt_stdio_output@@V?$format_validation_base@DV?$string_output_adapter@D@__crt_stdio_output@@@2@@__crt_stdio_output@@AEAA_ND@Z 000000018000c190 f i libucrt:output.obj
 0001:0000b190       ?type_case_c_tchar@?$output_processor@DV?$string_output_adapter@D@__crt_stdio_output@@V?$standard_base@DV?$string_output_adapter@D@__crt_stdio_output@@@2@@__crt_stdio_output@@AEAA_ND@Z 000000018000c190 f i libucrt:output.obj
 0001:0000b254       ?type_case_integer@?$output_processor@DV?$stream_output_adapter@D@__crt_stdio_output@@V?$standard_base@DV?$stream_output_adapter@D@__crt_stdio_output@@@2@@__crt_stdio_output@@AEAA_NI_N@Z 000000018000c254 f i libucrt:output.obj
 0001:0000b254       ?type_case_integer@?$output_processor@DV?$string_output_adapter@D@__crt_stdio_output@@V?$standard_base@DV?$string_output_adapter@D@__crt_stdio_output@@@2@@__crt_stdio_output@@AEAA_NI_N@Z 000000018000c254 f i libucrt:output.obj
 0001:0000b254       ?type_case_integer@?$output_processor@DV?$string_output_adapter@D@__crt_stdio_output@@V?$format_validation_base@DV?$string_output_adapter@D@__crt_stdio_output@@@2@@__crt_stdio_output@@AEAA_NI_N@Z 000000018000c254 f i libucrt:output.obj
 0001:0000b41c       ?type_case_n@?$output_processor@DV?$string_output_adapter@D@__crt_stdio_output@@V?$standard_base@DV?$string_output_adapter@D@__crt_stdio_output@@@2@@__crt_stdio_output@@AEAA_NXZ 000000018000c41c f i libucrt:output.obj
 0001:0000b41c       ?type_case_n@?$output_processor@DV?$string_output_adapter@D@__crt_stdio_output@@V?$format_validation_base@DV?$string_output_adapter@D@__crt_stdio_output@@@2@@__crt_stdio_output@@AEAA_NXZ 000000018000c41c f i libucrt:output.obj
 0001:0000b41c       ?type_case_n@?$output_processor@DV?$stream_output_adapter@D@__crt_stdio_output@@V?$standard_base@DV?$stream_output_adapter@D@__crt_stdio_output@@@2@@__crt_stdio_output@@AEAA_NXZ 000000018000c41c f i libucrt:output.obj
 0001:0000b4f8       ?type_case_s@?$output_processor@DV?$string_output_adapter@D@__crt_stdio_output@@V?$format_validation_base@DV?$string_output_adapter@D@__crt_stdio_output@@@2@@__crt_stdio_output@@AEAA_NXZ 000000018000c4f8 f i libucrt:output.obj
 0001:0000b4f8       ?type_case_s@?$output_processor@DV?$string_output_adapter@D@__crt_stdio_output@@V?$standard_base@DV?$string_output_adapter@D@__crt_stdio_output@@@2@@__crt_stdio_output@@AEAA_NXZ 000000018000c4f8 f i libucrt:output.obj
 0001:0000b4f8       ?type_case_s@?$output_processor@DV?$stream_output_adapter@D@__crt_stdio_output@@V?$standard_base@DV?$stream_output_adapter@D@__crt_stdio_output@@@2@@__crt_stdio_output@@AEAA_NXZ 000000018000c4f8 f i libucrt:output.obj
 0001:0000b590       ?validate_stream_is_ansi_if_required@?$__acrt_stdio_char_traits@D@@SA_NQEAU_iobuf@@@Z 000000018000c590 f i libucrt:output.obj
 0001:0000b624       ?write_stored_string_tchar@?$output_processor@DV?$stream_output_adapter@D@__crt_stdio_output@@V?$standard_base@DV?$stream_output_adapter@D@__crt_stdio_output@@@2@@__crt_stdio_output@@AEAA_ND@Z 000000018000c624 f i libucrt:output.obj
 0001:0000b748       ?write_stored_string_tchar@?$output_processor@DV?$string_output_adapter@D@__crt_stdio_output@@V?$format_validation_base@DV?$string_output_adapter@D@__crt_stdio_output@@@2@@__crt_stdio_output@@AEAA_ND@Z 000000018000c748 f i libucrt:output.obj
 0001:0000b748       ?write_stored_string_tchar@?$output_processor@DV?$string_output_adapter@D@__crt_stdio_output@@V?$standard_base@DV?$string_output_adapter@D@__crt_stdio_output@@@2@@__crt_stdio_output@@AEAA_ND@Z 000000018000c748 f i libucrt:output.obj
 0001:0000b820       ?write_string@?$string_output_adapter@D@__crt_stdio_output@@QEBAXQEBDHQEAHAEAV__crt_deferred_errno_cache@@@Z 000000018000c820 f i libucrt:output.obj
 0001:0000b8c4       ?write_string_impl@?$output_adapter_common@DV?$stream_output_adapter@D@__crt_stdio_output@@@__crt_stdio_output@@IEBAXQEBDHQEAHAEAV__crt_deferred_errno_cache@@@Z 000000018000c8c4 f i libucrt:output.obj
 0001:0000b9bc       __stdio_common_vfprintf    000000018000c9bc f   libucrt:output.obj
 0001:0000ba48       __stdio_common_vsprintf    000000018000ca48 f   libucrt:output.obj
 0001:0000ba50       __stdio_common_vsprintf_s  000000018000ca50 f   libucrt:output.obj
 0001:0000bac0       qsort                      000000018000cac0 f   libucrt:qsort.obj
 0001:0000be80       strncmp                    000000018000ce80 f   libucrt:strncmp.obj
 0001:0000bfa4       _fwrite_nolock             000000018000cfa4 f   libucrt:fwrite.obj
 0001:0000c14c       fwrite                     000000018000d14c f   libucrt:fwrite.obj
 0001:0000c1d0       free                       000000018000d1d0 f   libucrt:free.obj
 0001:0000c1e4       ??$is_overflow_condition@_K@__crt_strtox@@YA_NI_K@Z 000000018000d1e4 f i libucrt:atox.obj
 0001:0000c214       ??$parse_integer@KV?$c_string_character_source@D@__crt_strtox@@@__crt_strtox@@YAKQEAU__crt_locale_pointers@@V?$c_string_character_source@D@0@H_N@Z 000000018000d214 f i libucrt:atox.obj
 0001:0000c550       ??$parse_integer@_KV?$c_string_character_source@D@__crt_strtox@@@__crt_strtox@@YA_KQEAU__crt_locale_pointers@@V?$c_string_character_source@D@0@H_N@Z 000000018000d550 f i libucrt:atox.obj
 0001:0000c884       atoi                       000000018000d884 f   libucrt:atox.obj
 0001:0000c8b0       feof                       000000018000d8b0 f   libucrt:feoferr.obj
 0001:0000c8dc       _fread_nolock_s            000000018000d8dc f   libucrt:fread.obj
 0001:0000cb6c       fread                      000000018000db6c f   libucrt:fread.obj
 0001:0000cb8c       fread_s                    000000018000db8c f   libucrt:fread.obj
 0001:0000cc34       ??$parse_floating_point@V?$input_adapter_character_source@V?$string_input_adapter@D@__crt_stdio_input@@@__crt_strtox@@M@__crt_strtox@@YA?AW4SLD_STATUS@@QEAU__crt_locale_pointers@@V?$input_adapter_character_source@V?$string_input_adapter@D@__crt_stdio_input@@@0@QEAM@Z 000000018000dc34 f i libucrt:input.obj
 0001:0000ccdc       ??$parse_floating_point@V?$input_adapter_character_source@V?$string_input_adapter@D@__crt_stdio_input@@@__crt_strtox@@N@__crt_strtox@@YA?AW4SLD_STATUS@@QEAU__crt_locale_pointers@@V?$input_adapter_character_source@V?$string_input_adapter@D@__crt_stdio_input@@@0@QEAN@Z 000000018000dcdc f i libucrt:input.obj
 0001:0000cd84       ??$parse_floating_point_from_source@V?$input_adapter_character_source@V?$string_input_adapter@D@__crt_stdio_input@@@__crt_strtox@@@__crt_strtox@@YA?AW4floating_point_parse_result@0@QEAU__crt_locale_pointers@@AEAV?$input_adapter_character_source@V?$string_input_adapter@D@__crt_stdio_input@@@0@AEAUfloating_point_string@0@@Z 000000018000dd84 f i libucrt:input.obj
 0001:0000d658       ??$parse_floating_point_possible_infinity@DV?$input_adapter_character_source@V?$string_input_adapter@D@__crt_stdio_input@@@__crt_strtox@@_K@__crt_strtox@@YA?AW4floating_point_parse_result@0@AEADAEAV?$input_adapter_character_source@V?$string_input_adapter@D@__crt_stdio_input@@@0@_K@Z 000000018000e658 f i libucrt:input.obj
 0001:0000d8a4       ??$parse_floating_point_possible_nan@DV?$input_adapter_character_source@V?$string_input_adapter@D@__crt_stdio_input@@@__crt_strtox@@_K@__crt_strtox@@YA?AW4floating_point_parse_result@0@AEADAEAV?$input_adapter_character_source@V?$string_input_adapter@D@__crt_stdio_input@@@0@_K@Z 000000018000e8a4 f i libucrt:input.obj
 0001:0000dbd8       ??$parse_floating_point_possible_nan_is_ind@DV?$input_adapter_character_source@V?$string_input_adapter@D@__crt_stdio_input@@@__crt_strtox@@@__crt_strtox@@YA_NAEADAEAV?$input_adapter_character_source@V?$string_input_adapter@D@__crt_stdio_input@@@0@@Z 000000018000ebd8 f i libucrt:input.obj
 0001:0000dc54       ??$parse_floating_point_possible_nan_is_snan@DV?$input_adapter_character_source@V?$string_input_adapter@D@__crt_stdio_input@@@__crt_strtox@@@__crt_strtox@@YA_NAEADAEAV?$input_adapter_character_source@V?$string_input_adapter@D@__crt_stdio_input@@@0@@Z 000000018000ec54 f i libucrt:input.obj
 0001:0000dcd0       ??$parse_floating_point_write_result@M@__crt_strtox@@YA?AW4SLD_STATUS@@W4floating_point_parse_result@0@AEBUfloating_point_string@0@QEAM@Z 000000018000ecd0 f i libucrt:input.obj
 0001:0000de40       ??$parse_floating_point_write_result@N@__crt_strtox@@YA?AW4SLD_STATUS@@W4floating_point_parse_result@0@AEBUfloating_point_string@0@QEAN@Z 000000018000ee40 f i libucrt:input.obj
 0001:0000e020       ??$parse_integer@_KV?$input_adapter_character_source@V?$string_input_adapter@D@__crt_stdio_input@@@__crt_strtox@@@__crt_strtox@@YA_KQEAU__crt_locale_pointers@@V?$input_adapter_character_source@V?$string_input_adapter@D@__crt_stdio_input@@@0@H_N@Z 000000018000f020 f i libucrt:input.obj
 0001:0000e474       ??$process_floating_point_specifier_t@M@?$input_processor@DV?$string_input_adapter@D@__crt_stdio_input@@@__crt_stdio_input@@AEAA_NXZ 000000018000f474 f i libucrt:input.obj
 0001:0000e518       ??$process_floating_point_specifier_t@N@?$input_processor@DV?$string_input_adapter@D@__crt_stdio_input@@@__crt_stdio_input@@AEAA_NXZ 000000018000f518 f i libucrt:input.obj
 0001:0000e5c0       ??$process_string_specifier_tchar@D@?$input_processor@DV?$string_input_adapter@D@__crt_stdio_input@@@__crt_stdio_input@@AEAA_NW4conversion_mode@1@D@Z 000000018000f5c0 f i libucrt:input.obj
 0001:0000e778       ??$process_string_specifier_tchar@_W@?$input_processor@DV?$string_input_adapter@D@__crt_stdio_input@@@__crt_stdio_input@@AEAA_NW4conversion_mode@1@_W@Z 000000018000f778 f i libucrt:input.obj
 0001:0000e970       ??$skip_whitespace@Vstring_input_adapter@__crt_stdio_input@@D@__crt_stdio_input@@YAHAEAV?$string_input_adapter@D@0@QEAU__crt_locale_pointers@@@Z 000000018000f970 f i libucrt:input.obj
 0001:0000ea0c       ?advance@?$format_string_parser@D@__crt_stdio_input@@QEAA_NXZ 000000018000fa0c f i libucrt:input.obj
 0001:0000ebd4       ?as_double@floating_point_value@__crt_strtox@@QEBAAEANXZ 000000018000fbd4 f i libucrt:input.obj
 0001:0000ec10       ?as_float@floating_point_value@__crt_strtox@@QEBAAEAMXZ 000000018000fc10 f i libucrt:input.obj
 0001:0000ec4c       ?assemble_floating_point_value@__crt_strtox@@YA?AW4SLD_STATUS@@_KH_N1AEBVfloating_point_value@1@@Z 000000018000fc4c f i libucrt:input.obj
 0001:0000eff8       ?assemble_floating_point_value_from_big_integer@__crt_strtox@@YA?AW4SLD_STATUS@@AEBUbig_integer@1@I_N1AEBVfloating_point_value@1@@Z 000000018000fff8 f i libucrt:input.obj
 0001:0000f15c       ?convert_decimal_string_to_floating_type_common@__crt_strtox@@YA?AW4SLD_STATUS@@AEBUfloating_point_string@1@AEBVfloating_point_value@1@@Z 000000018001015c f i libucrt:input.obj
 0001:00010ee0       ?convert_hexadecimal_string_to_floating_type_common@__crt_strtox@@YA?AW4SLD_STATUS@@AEBUfloating_point_string@1@AEBVfloating_point_value@1@@Z 0000000180011ee0 f i libucrt:input.obj
 0001:00010f90       ?divide@__crt_strtox@@YA_KAEAUbig_integer@1@AEBU21@@Z 0000000180011f90 f i libucrt:input.obj
 0001:00011420       ?length@?$format_string_parser@D@__crt_stdio_input@@QEBA_KXZ 0000000180012420 f i libucrt:input.obj
 0001:000114bc       ?process@?$input_processor@DV?$string_input_adapter@D@__crt_stdio_input@@@__crt_stdio_input@@QEAAHXZ 00000001800124bc f i libucrt:input.obj
 0001:000115a8       ?process_conversion_specifier@?$input_processor@DV?$string_input_adapter@D@__crt_stdio_input@@@__crt_stdio_input@@AEAA_NXZ 00000001800125a8 f i libucrt:input.obj
 0001:000116c8       ?process_floating_point_specifier@?$input_processor@DV?$string_input_adapter@D@__crt_stdio_input@@@__crt_stdio_input@@AEAA_NXZ 00000001800126c8 f i libucrt:input.obj
 0001:00011738       ?process_integer_specifier@?$input_processor@DV?$string_input_adapter@D@__crt_stdio_input@@@__crt_stdio_input@@AEAA_NI_N@Z 0000000180012738 f i libucrt:input.obj
 0001:000117f0       ?process_literal_character_tchar@?$input_processor@DV?$string_input_adapter@D@__crt_stdio_input@@@__crt_stdio_input@@AEAA_ND@Z 00000001800127f0 f i libucrt:input.obj
 0001:00011874       ?process_state@?$input_processor@DV?$string_input_adapter@D@__crt_stdio_input@@@__crt_stdio_input@@AEAA_NXZ 0000000180012874 f i libucrt:input.obj
 0001:00011930       ?process_string_specifier@?$input_processor@DV?$string_input_adapter@D@__crt_stdio_input@@@__crt_stdio_input@@AEAA_NW4conversion_mode@2@@Z 0000000180012930 f i libucrt:input.obj
 0001:000119bc       ?scan_conversion_specifier@?$format_string_parser@D@__crt_stdio_input@@AEAA_NXZ 00000001800129bc f i libucrt:input.obj
 0001:00011b84       ?scan_optional_field_width@?$format_string_parser@D@__crt_stdio_input@@AEAA_NXZ 0000000180012b84 f i libucrt:input.obj
 0001:00011c2c       ?scan_optional_length_modifier@?$format_string_parser@D@__crt_stdio_input@@AEAAXXZ 0000000180012c2c f i libucrt:input.obj
 0001:00011d68       ?scan_scanset_range@?$format_string_parser@D@__crt_stdio_input@@AEAA_NXZ 0000000180012d68 f i libucrt:input.obj
 0001:00011f10       ?write_character@?$input_processor@DV?$string_input_adapter@D@__crt_stdio_input@@@__crt_stdio_input@@AEAA_NQEFA_W_KAEAPEFA_WAEA_KD@Z 0000000180012f10 f i libucrt:input.obj
 0001:00011fa8       ?write_integer@?$input_processor@DV?$string_input_adapter@D@__crt_stdio_input@@@__crt_stdio_input@@AEAA_N_K@Z 0000000180012fa8 f i libucrt:input.obj
 0001:00012020       __stdio_common_vsscanf     0000000180013020 f   libucrt:input.obj
 0001:000121d0       __acrt_call_reportfault    00000001800131d0 f   libucrt:invalid_parameter.obj
 0001:0001232c       __acrt_initialize_invalid_parameter_handler 000000018001332c f   libucrt:invalid_parameter.obj
 0001:00012334       _invalid_parameter         0000000180013334 f   libucrt:invalid_parameter.obj
 0001:000123e4       _invalid_parameter_noinfo  00000001800133e4 f   libucrt:invalid_parameter.obj
 0001:00012404       _invalid_parameter_noinfo_noreturn 0000000180013404 f   libucrt:invalid_parameter.obj
 0001:00012434       _invoke_watson             0000000180013434 f   libucrt:invalid_parameter.obj
 0001:0001247c       malloc                     000000018001347c f   libucrt:malloc.obj
 0001:00012484       __acrt_initialize_new_handler 0000000180013484 f   libucrt:new_handler.obj
 0001:0001248c       _callnewh                  000000018001348c f   libucrt:new_handler.obj
 0001:000124bc       _query_new_handler         00000001800134bc f   libucrt:new_handler.obj
 0001:000124f0       _initterm                  00000001800134f0 f   libucrt:initterm.obj
 0001:00012554       _initterm_e                0000000180013554 f   libucrt:initterm.obj
 0001:00012594       _seh_filter_dll            0000000180013594 f   libucrt:exception_filter.obj
 0001:000125a8       _seh_filter_exe            00000001800135a8 f   libucrt:exception_filter.obj
 0001:000129a0       __acrt_initialize_thread_local_exit_callback 00000001800139a0 f   libucrt:exit.obj
 0001:000129a8       _cexit                     00000001800139a8 f   libucrt:exit.obj
 0001:000129b8       _exit                      00000001800139b8 f   libucrt:exit.obj
 0001:000129c4       _is_c_termination_complete 00000001800139c4 f   libucrt:exit.obj
 0001:00012b90       __acrt_allocate_buffer_for_argv 0000000180013b90 f   libucrt:argv_parsing.obj
 0001:00012bf0       _configure_narrow_argv     0000000180013bf0 f   libucrt:argv_parsing.obj
 0001:00012f68       __dcrt_uninitialize_environments_nolock 0000000180013f68 f   libucrt:environment_initialization.obj
 0001:00012fa0       _initialize_narrow_environment 0000000180013fa0 f   libucrt:environment_initialization.obj
 0001:00013130       _execute_onexit_table      0000000180014130 f   libucrt:onexit.obj
 0001:0001316c       _initialize_onexit_table   000000018001416c f   libucrt:onexit.obj
 0001:000131e4       __acrt_uninitialize_command_line 00000001800141e4 f   libucrt:argv_data.obj
 0001:000132f0       __acrt_initialize          00000001800142f0 f   libucrt:initialization.obj
 0001:00013304       __acrt_thread_attach       0000000180014304 f   libucrt:initialization.obj
 0001:00013318       __acrt_thread_detach       0000000180014318 f   libucrt:initialization.obj
 0001:00013328       __acrt_uninitialize        0000000180014328 f   libucrt:initialization.obj
 0001:00013360       __acrt_uninitialize_critical 0000000180014360 f   libucrt:initialization.obj
 0001:00013370       terminate                  0000000180014370 f   libucrt:terminate.obj
 0001:00013390       strcpy_s                   0000000180014390 f   libucrt:strcpy_s.obj
 0001:00013400       abort                      0000000180014400 f   libucrt:abort.obj
 0001:00013458       calloc                     0000000180014458 f   libucrt:calloc.obj
 0001:00013460       wcsncmp                    0000000180014460 f   libucrt:wcsncmp.obj
 0001:0001348c       __acrt_errno_from_os_error 000000018001448c f   libucrt:errno.obj
 0001:000134d4       __acrt_errno_map_os_error  00000001800144d4 f   libucrt:errno.obj
 0001:00013524       __doserrno                 0000000180014524 f   libucrt:errno.obj
 0001:00013544       _errno                     0000000180014544 f   libucrt:errno.obj
 0001:00013564       ?__acrt_stdio_allocate_stream@@YA?AV__crt_stdio_stream@@XZ 0000000180014564 f   libucrt:stream.obj
 0001:000135bc       ?__acrt_stdio_free_stream@@YAXV__crt_stdio_stream@@@Z 00000001800145bc f   libucrt:stream.obj
 0001:000136c4       ??$__acrt_stdio_parse_mode@D@@YA?AU__acrt_stdio_stream_mode@@QEBD@Z 00000001800146c4 f i libucrt:openfile.obj
 0001:00013988       _openfile                  0000000180014988 f   libucrt:openfile.obj
 0001:00013a24       _calloc_base               0000000180014a24 f   libucrt:calloc_base.obj
 0001:00013a9c       _free_base                 0000000180014a9c f   libucrt:free_base.obj
 0001:00013cb4       __acrt_AppPolicyGetProcessTerminationMethodInternal 0000000180014cb4 f   libucrt:winapi_thunks.obj
 0001:00013d04       __acrt_AreFileApisANSI     0000000180014d04 f   libucrt:winapi_thunks.obj
 0001:00013d40       __acrt_FlsAlloc            0000000180014d40 f   libucrt:winapi_thunks.obj
 0001:00013d88       __acrt_FlsFree             0000000180014d88 f   libucrt:winapi_thunks.obj
 0001:00013dd0       __acrt_FlsGetValue         0000000180014dd0 f   libucrt:winapi_thunks.obj
 0001:00013e18       __acrt_FlsSetValue         0000000180014e18 f   libucrt:winapi_thunks.obj
 0001:00013e6c       __acrt_InitializeCriticalSectionEx 0000000180014e6c f   libucrt:winapi_thunks.obj
 0001:00013ed0       __acrt_LCMapStringEx       0000000180014ed0 f   libucrt:winapi_thunks.obj
 0001:00013fac       __acrt_LocaleNameToLCID    0000000180014fac f   libucrt:winapi_thunks.obj
 0001:00013ffc       __acrt_initialize_winapi_thunks 0000000180014ffc f   libucrt:winapi_thunks.obj
 0001:00014044       __acrt_uninitialize_winapi_thunks 0000000180015044 f   libucrt:winapi_thunks.obj
 0001:00014088       _fcloseall                 0000000180015088 f   libucrt:closeall.obj
 0001:00014318       __acrt_stdio_flush_nolock  0000000180015318 f   libucrt:fflush.obj
 0001:00014394       _fflush_nolock             0000000180015394 f   libucrt:fflush.obj
 0001:000143e0       _flushall                  00000001800153e0 f   libucrt:fflush.obj
 0001:000143e8       __acrt_stdio_free_buffer_nolock 00000001800153e8 f   libucrt:_freebuf.obj
 0001:00014610       __acrt_initialize_lowio    0000000180015610 f   libucrt:ioinit.obj
 0001:0001464c       __acrt_uninitialize_lowio  000000018001564c f   libucrt:ioinit.obj
 0001:0001468c       _realloc_base              000000018001568c f   libucrt:realloc_base.obj
 0001:00014708       isdigit                    0000000180015708 f i libucrt:_ctype.obj
 0001:00014780       isspace                    0000000180015780 f i libucrt:_ctype.obj
 0001:00014848       _tolower_l                 0000000180015848 f   libucrt:tolower_toupper.obj
 0001:00014988       tolower                    0000000180015988 f   libucrt:tolower_toupper.obj
 0001:000149b4       _malloc_base               00000001800159b4 f   libucrt:malloc_base.obj
 0001:00014a14       strtol                     0000000180015a14 f   libucrt:strtox.obj
 0001:00014a40       strtoull                   0000000180015a40 f   libucrt:strtox.obj
 0001:00014a6c       _mbtowc_l                  0000000180015a6c f   libucrt:mbtowc.obj
 0001:00014be8       mbtowc                     0000000180015be8 f   libucrt:mbtowc.obj
 0001:00014bf0       _wctomb_s_l                0000000180015bf0 f   libucrt:wctomb.obj
 0001:00014d74       wctomb_s                   0000000180015d74 f   libucrt:wctomb.obj
 0001:00014d88       strnlen                    0000000180015d88 f   libucrt:strnlen.obj
 0001:00014ed8       wcsnlen                    0000000180015ed8 f   libucrt:strnlen.obj
 0001:00015428       __acrt_freeptd             0000000180016428 f   libucrt:per_thread_data.obj
 0001:0001546c       __acrt_getptd              000000018001646c f   libucrt:per_thread_data.obj
 0001:00015530       __acrt_getptd_head         0000000180016530 f   libucrt:per_thread_data.obj
 0001:000155d8       __acrt_getptd_noexit       00000001800165d8 f   libucrt:per_thread_data.obj
 0001:00015690       __acrt_initialize_ptd      0000000180016690 f   libucrt:per_thread_data.obj
 0001:000156cc       __acrt_uninitialize_ptd    00000001800166cc f   libucrt:per_thread_data.obj
 0001:000156f0       __acrt_update_locale_info  00000001800166f0 f   libucrt:locale_update.obj
 0001:00015724       __acrt_update_multibyte_info 0000000180016724 f   libucrt:locale_update.obj
 0001:00016128       __acrt_fp_format           0000000180017128 f   libucrt:cvt.obj
 0001:000163b0       _fileno                    00000001800173b0 f   libucrt:fileno.obj
 0001:000163d8       _fputc_nolock              00000001800173d8 f   libucrt:fputc.obj
 0001:000163f0       _get_printf_count_output   00000001800173f0 f   libucrt:printf_count_output.obj
 0001:00016408       __acrt_stdio_begin_temporary_buffering_nolock 0000000180017408 f   libucrt:_sftbuf.obj
 0001:000164d8       __acrt_stdio_end_temporary_buffering_nolock 00000001800174d8 f   libucrt:_sftbuf.obj
 0001:00016584       __acrt_set_locale_changed  0000000180017584 f   libucrt:wsetlocale.obj
 0001:00016590       __acrt_uninitialize_locale 0000000180017590 f   libucrt:wsetlocale.obj
 0001:00016b68       _write                     0000000180017b68 f   libucrt:write.obj
 0001:00016c54       _write_nolock              0000000180017c54 f   libucrt:write.obj
 0001:00017014       __acrt_stdio_flush_and_write_narrow_nolock 0000000180018014 f   libucrt:_flsbuf.obj
 0001:000170fc       __pctype_func              00000001800180fc f   libucrt:ctype.obj
 0001:0001712c       _isctype_l                 000000018001812c f   libucrt:isctype.obj
 0001:00017820       _read                      0000000180018820 f   libucrt:read.obj
 0001:0001793c       _read_nolock               000000018001893c f   libucrt:read.obj
 0001:00017d98       __acrt_stdio_refill_and_read_narrow_nolock 0000000180018d98 f   libucrt:_filbuf.obj
 0001:00017f04       fegetround                 0000000180018f04 f   libucrt:fegetround.obj
 0001:00017f18       __acrt_initialize_locks    0000000180018f18 f   libucrt:locks.obj
 0001:00017f60       __acrt_lock                0000000180018f60 f   libucrt:locks.obj
 0001:00017f7c       __acrt_uninitialize_locks  0000000180018f7c f   libucrt:locks.obj
 0001:00017fb4       __acrt_unlock              0000000180018fb4 f   libucrt:locks.obj
 0001:00017fd0       __acrt_get_process_end_policy 0000000180018fd0 f   libucrt:win_policies.obj
 0001:00018574       __acrt_expand_narrow_argv_wildcards 0000000180019574 f   libucrt:argv_wildcards.obj
 0001:0001857c       __acrt_GetModuleFileNameA  000000018001957c f   libucrt:getmodulefilenamea.obj
 0001:00018d24       __acrt_initialize_multibyte 0000000180019d24 f   libucrt:mbctype.obj
 0001:00018d84       __acrt_update_thread_multibyte_data 0000000180019d84 f   libucrt:mbctype.obj
 0001:00018da0       _setmbcp_nolock            0000000180019da0 f   libucrt:mbctype.obj
 0001:000190d0       _ismbblead                 000000018001a0d0 f   libucrt:ismbbyte.obj
 0001:000190e4       __acrt_initialize_command_line 000000018001a0e4 f   libucrt:argv_data.obj
 0001:0001910c       __acrt_MultiByteToWideChar 000000018001a10c f   libucrt:multibytetowidechar.obj
 0001:00019168       __acrt_WideCharToMultiByte 000000018001a168 f   libucrt:widechartomultibyte.obj
 0001:00019200       __dcrt_get_narrow_environment_from_os 000000018001a200 f   libucrt:get_environment_from_os.obj
 0001:00019304       _recalloc                  000000018001a304 f   libucrt:recalloc.obj
 0001:0001930c       _recalloc_base             000000018001a30c f   libucrt:recalloc.obj
 0001:000193a4       __acrt_initialize_heap     000000018001a3a4 f   libucrt:heap_handle.obj
 0001:000193c0       __acrt_uninitialize_heap   000000018001a3c0 f   libucrt:heap_handle.obj
 0001:000193cc       __acrt_execute_initializers 000000018001a3cc f   libucrt:shared_initialization.obj
 0001:0001944c       __acrt_execute_uninitializers 000000018001a44c f   libucrt:shared_initialization.obj
 0001:000194d0       __acrt_get_sigabrt_handler 000000018001a4d0 f   libucrt:signal.obj
 0001:00019500       __acrt_initialize_signal_handlers 000000018001a500 f   libucrt:signal.obj
 0001:00019520       raise                      000000018001a520 f   libucrt:signal.obj
 0001:000197a0       __acrt_has_user_matherr    000000018001a7a0 f   libucrt:matherr.obj
 0001:000197c0       __acrt_initialize_user_matherr 000000018001a7c0 f   libucrt:matherr.obj
 0001:000197c8       __acrt_invoke_user_matherr 000000018001a7c8 f   libucrt:matherr.obj
 0001:000197f8       __ascii_strnicmp           000000018001a7f8 f   libucrt:strnicmp.obj
 0001:00019854       _strnicmp                  000000018001a854 f   libucrt:strnicmp.obj
 0001:000198a4       _strnicmp_l                000000018001a8a4 f   libucrt:strnicmp.obj
 0001:00019980       ??$__acrt_mbs_to_wcs_cp@U__crt_win32_buffer_internal_dynamic_resizing@@@@YAHQEBDAEAV?$__crt_win32_buffer@_WU__crt_win32_buffer_internal_dynamic_resizing@@@@I@Z 000000018001a980 f i libucrt:open.obj
 0001:0001a090       _sopen_nolock              000000018001b090 f   libucrt:open.obj
 0001:0001a1a8       _sopen_s                   000000018001b1a8 f   libucrt:open.obj
 0001:0001a1dc       _wsopen_nolock             000000018001b1dc f   libucrt:open.obj
 0001:0001a5c4       _query_new_mode            000000018001b5c4 f   libucrt:new_mode.obj
 0001:0001a6b4       __acrt_DownlevelLocaleNameToLCID 000000018001b6b4 f   libucrt:lcidtoname_downlevel.obj
 0001:0001a6e8       _fclose_nolock             000000018001b6e8 f   libucrt:fclose.obj
 0001:0001a76c       fclose                     000000018001b76c f   libucrt:fclose.obj
 0001:0001a85c       _commit                    000000018001b85c f   libucrt:commit.obj
 0001:0001a8f0       __acrt_lowio_create_handle_array 000000018001b8f0 f   libucrt:osfinfo.obj
 0001:0001a988       __acrt_lowio_destroy_handle_array 000000018001b988 f   libucrt:osfinfo.obj
 0001:0001a9d8       __acrt_lowio_ensure_fh_exists 000000018001b9d8 f   libucrt:osfinfo.obj
 0001:0001aa80       __acrt_lowio_lock_fh       000000018001ba80 f   libucrt:osfinfo.obj
 0001:0001aaa4       __acrt_lowio_set_os_handle 000000018001baa4 f   libucrt:osfinfo.obj
 0001:0001ab64       __acrt_lowio_unlock_fh     000000018001bb64 f   libucrt:osfinfo.obj
 0001:0001ab88       _alloc_osfhnd              000000018001bb88 f   libucrt:osfinfo.obj
 0001:0001acac       _free_osfhnd               000000018001bcac f   libucrt:osfinfo.obj
 0001:0001ad68       _get_osfhandle             000000018001bd68 f   libucrt:osfinfo.obj
 0001:0001ade0       _isleadbyte_l              000000018001bde0 f i libucrt:_wctype.obj
 0001:0001b138       __acrt_LCMapStringA        000000018001c138 f   libucrt:lcmapstringa.obj
 0001:0001b1d0       ?__mbrtowc_utf8@__crt_mbstring@@YA_KPEA_WPEBD_KPEAU_Mbstatet@@@Z 000000018001c1d0 f   libucrt:mbrtowc.obj
 0001:0001b20c       ?__mbsrtowcs_utf8@__crt_mbstring@@YA_KPEA_WPEAPEBD_KPEAU_Mbstatet@@@Z 000000018001c20c f   libucrt:mbrtowc.obj
 0001:0001b384       __acrt_add_locale_ref      000000018001c384 f   libucrt:locale_refcounting.obj
 0001:0001b410       __acrt_free_locale         000000018001c410 f   libucrt:locale_refcounting.obj
 0001:0001b588       __acrt_locale_add_lc_time_reference 000000018001c588 f   libucrt:locale_refcounting.obj
 0001:0001b5b0       __acrt_locale_free_lc_time_if_unreferenced 000000018001c5b0 f   libucrt:locale_refcounting.obj
 0001:0001b5e8       __acrt_locale_release_lc_time_reference 000000018001c5e8 f   libucrt:locale_refcounting.obj
 0001:0001b610       __acrt_release_locale_ref  000000018001c610 f   libucrt:locale_refcounting.obj
 0001:0001b6b8       __acrt_update_thread_locale_data 000000018001c6b8 f   libucrt:locale_refcounting.obj
 0001:0001b728       _updatetlocinfoEx_nolock   000000018001c728 f   libucrt:locale_refcounting.obj
 0001:0001b790       __acrt_fp_strflt_to_string 000000018001c790 f   libucrt:_fptostr.obj
 0001:0001b874       __acrt_fltout              000000018001c874 f   libucrt:cfout.obj
 0001:0001cb4c       _isatty                    000000018001db4c f   libucrt:isatty.obj
 0001:0001cbac       __acrt_locale_free_monetary 000000018001dbac f   libucrt:initmon.obj
 0001:0001ccb8       __acrt_locale_free_numeric 000000018001dcb8 f   libucrt:initnum.obj
 0001:0001cd78       __acrt_locale_free_time    000000018001dd78 f   libucrt:inittime.obj
 0001:0001ce80       __acrt_GetStringTypeA      000000018001de80 f   libucrt:getstringtypea.obj
 0001:0001d19c       _lseeki64                  000000018001e19c f   libucrt:lseek.obj
 0001:0001d1a4       _lseeki64_nolock           000000018001e1a4 f   libucrt:lseek.obj
 0001:0001d1ac       _putwch_nolock             000000018001e1ac f   libucrt:putwch.obj
 0001:0001d1e8       __acrt_stdio_allocate_buffer_nolock 000000018001e1e8 f   libucrt:_getbuf.obj
 0001:0001d250       __acrt_fenv_get_common_round_control 000000018001e250 f   libucrt:_fenvutils.obj
 0001:0001d25c       __acrt_fenv_get_control    000000018001e25c f   libucrt:_fenvutils.obj
 0001:0001d35c       __acrt_fenv_get_status     000000018001e35c f   libucrt:_fenvutils.obj
 0001:0001d3b4       __acrt_fenv_set_control    000000018001e3b4 f   libucrt:_fenvutils.obj
 0001:0001d4fc       __acrt_fenv_set_status     000000018001e4fc f   libucrt:_fenvutils.obj
 0001:0001d580       strncpy_s                  000000018001e580 f   libucrt:strncpy_s.obj
 0001:0001d710       strpbrk                    000000018001e710 f   libucrt:strpbrk.obj
 0001:0001daf0       ??$__acrt_convert_wcs_mbs@D_W$$A6A_KPEA_WPEBD_KPEAU__crt_locale_pointers@@@ZU__crt_win32_buffer_internal_dynamic_resizing@@@@YAHQEBDAEAV?$__crt_win32_buffer@_WU__crt_win32_buffer_internal_dynamic_resizing@@@@A6A_KPEA_WPEBD_KPEAU__crt_locale_pointers@@@Z5@Z 000000018001eaf0 f i libucrt:findfirstfileexa.obj
 0001:0001dbf8       __acrt_FindFirstFileExA    000000018001ebf8 f   libucrt:findfirstfileexa.obj
 0001:0001dc9c       ??$__acrt_convert_wcs_mbs@_WD$$A6A_KPEADPEB_W_KPEAU__crt_locale_pointers@@@ZU__crt_win32_buffer_no_resizing@@@@YAHQEB_WAEAV?$__crt_win32_buffer@DU__crt_win32_buffer_no_resizing@@@@A6A_KPEADPEB_W_KPEAU__crt_locale_pointers@@@Z5@Z 000000018001ec9c f i libucrt:findnextfilea.obj
 0001:0001dd68       __acrt_FindNextFileA       000000018001ed68 f   libucrt:findnextfilea.obj
 0001:0001de9c       _mbsdec                    000000018001ee9c f   libucrt:mbsdec.obj
 0001:0001dea4       _mbsdec_l                  000000018001eea4 f   libucrt:mbsdec.obj
 0001:0001e13c       _mbstowcs_l                000000018001f13c f   libucrt:mbstowcs.obj
 0001:0001e144       mbstowcs                   000000018001f144 f   libucrt:mbstowcs.obj
 0001:0001e178       _msize                     000000018001f178 f   libucrt:msize.obj
 0001:0001e180       _msize_base                000000018001f180 f   libucrt:msize.obj
 0001:0001e1bc       _get_fmode                 000000018001f1bc f   libucrt:setmode.obj
 0001:0001e1ec       _setmode_nolock            000000018001f1ec f   libucrt:setmode.obj
 0001:0001e2cc       _chsize_nolock             000000018001f2cc f   libucrt:chsize.obj
 0001:0001e4bc       _close                     000000018001f4bc f   libucrt:close.obj
 0001:0001e560       _close_nolock              000000018001f560 f   libucrt:close.obj
 0001:0001e61c       _query_app_type            000000018001f61c f   libucrt:report_runtime_error.obj
 0001:0001e624       __strncnt                  000000018001f624 f   libucrt:strncnt.obj
 0001:0001e63c       ?__mbrtoc32_utf8@__crt_mbstring@@YA_KPEA_UPEBD_KPEAU_Mbstatet@@@Z 000000018001f63c f   libucrt:mbrtoc32.obj
 0001:0001e818       fegetenv                   000000018001f818 f   libucrt:fegetenv.obj
 0001:0001e838       fesetenv                   000000018001f838 f   libucrt:fesetenv.obj
 0001:0001e888       feholdexcept               000000018001f888 f   libucrt:feholdexcept.obj
 0001:0001e8d8       ceil                       000000018001f8d8 f   libucrt:ceil.obj
 0001:0001e9a0       log10                      000000018001f9a0 f   libucrt:log10.obj
 0001:0001ef4c       __dcrt_lowio_ensure_console_output_initialized 000000018001ff4c f   libucrt:initcon.obj
 0001:0001efa0       __dcrt_terminate_console_output 000000018001ffa0 f   libucrt:initcon.obj
 0001:0001efbc       __dcrt_write_console       000000018001ffbc f   libucrt:initcon.obj
 0001:0001f3e4       _wcstombs_l                00000001800203e4 f   libucrt:wcstombs.obj
 0001:0001f3ec       _clearfp                   00000001800203ec f   libucrt:ieee.obj
 0001:0001f580       _handle_error              0000000180020580 f   libucrt:libm_error.obj
 0001:0001f6a8       _handle_nan                00000001800206a8 f   libucrt:libm_error.obj
 0001:0001f6c4       _handle_nanf               00000001800206c4 f   libucrt:libm_error.obj
 0001:0001f6e0       __acrt_initialize_fma3     00000001800206e0 f   libucrt:fma3_available.obj
 0001:0001f750       _log10_special             0000000180020750 f   libucrt:log_special.obj
 0001:0001f770       _log_special               0000000180020770 f   libucrt:log_special.obj
 0001:0001f828       ?__wcsrtombs_utf8@__crt_mbstring@@YA_KPEADPEAPEB_W_KPEAU_Mbstatet@@@Z 0000000180020828 f   libucrt:wcrtomb.obj
 0001:0001f960       _get_fpsr                  0000000180020960 f   libucrt:fpsr.obj
 0001:0001f970       _set_fpsr                  0000000180020970 f   libucrt:fpsr.obj
 0001:0001f97a       _fclrf                     000000018002097a f   libucrt:fpsr.obj
 0001:0001f98e       _frnd                      000000018002098e f   libucrt:fpsr.obj
 0001:0001f9b0       _raise_exc                 00000001800209b0 f   libucrt:fpexcept.obj
 0001:0001f9d8       _raise_exc_ex              00000001800209d8 f   libucrt:fpexcept.obj
 0001:0001fce8       _set_errno_from_matherr    0000000180020ce8 f   libucrt:fpexcept.obj
 0001:0001fd18       _clrfp                     0000000180020d18 f   libucrt:fpctrl.obj
 0001:0001fd38       _ctrlfp                    0000000180020d38 f   libucrt:fpctrl.obj
 0001:0001fdb4       _set_statfp                0000000180020db4 f   libucrt:fpctrl.obj
 0001:0001fdd4       _statfp                    0000000180020dd4 f   libucrt:fpctrl.obj
 0001:0001fde8       ?__c16rtomb_utf8@__crt_mbstring@@YA_KPEAD_SPEAU_Mbstatet@@@Z 0000000180020de8 f   libucrt:c16rtomb.obj
 0001:0001fe90       ?__c32rtomb_utf8@__crt_mbstring@@YA_KPEAD_UPEAU_Mbstatet@@@Z 0000000180020e90 f   libucrt:c32rtomb.obj
 0001:0001ff48       c32rtomb                   0000000180020f48 f   libucrt:c32rtomb.obj
 0001:0001ff4d       IsProcessorFeaturePresent  0000000180020f4d f   kernel32:KERNEL32.dll
 0001:0001ff60       _FindPESection             0000000180020f60 f   LIBCMT:pesect.obj
 0001:0001ffb0       _IsNonwritableInCurrentImage 0000000180020fb0 f   LIBCMT:pesect.obj
 0001:00020000       _ValidateImageBase         0000000180021000 f   LIBCMT:pesect.obj
 0001:00020030       __GSHandlerCheck           0000000180021030 f   LIBCMT:_gshandler_.obj
 0001:00020050       __GSHandlerCheckCommon     0000000180021050 f   LIBCMT:_gshandler_.obj
 0001:000200c0       __chkstk                   00000001800210c0 f   LIBCMT:_chkstk_.obj
 0001:000200c0       _alloca_probe              00000001800210c0 f   LIBCMT:_chkstk_.obj
 0001:00020114       __GSHandlerCheck_EH        0000000180021114 f   LIBCMT:gshandlereh.obj
 0001:00020194       strrchr                    0000000180021194 f   libvcruntime:strrchr.obj
 0001:000202f0       memcmp                     00000001800212f0 f   libvcruntime:memcmp.obj
 0001:000203b8       ceilf                      00000001800213b8 f   libucrt:ceilf.obj
 0001:00020448       fmod                       0000000180021448 f   libucrt:fmod.obj
 0001:00020920       log                        0000000180021920 f   libucrt:log.obj
 0001:00020e50       pow                        0000000180021e50 f   libucrt:pow.obj
 0001:000224e4       sqrt                       00000001800234e4 f   libucrt:sqrt.obj
 0001:000225c0       strcmp                     00000001800235c0 f   libucrt:strcmp.obj
 0001:00022630       _pow_special               0000000180023630 f   libucrt:pow_special.obj
 0001:00022770       _guard_dispatch_icall_nop  0000000180023770 f   LIBCMT:_guard_dispatch_.obj
 0002:00000000       __imp_WriteConsoleW        0000000180024000     kernel32:KERNEL32.dll
 0002:00000008       __imp_SetEndOfFile         0000000180024008     kernel32:KERNEL32.dll
 0002:00000010       __imp_HeapSize             0000000180024010     kernel32:KERNEL32.dll
 0002:00000018       __imp_SetFilePointerEx     0000000180024018     kernel32:KERNEL32.dll
 0002:00000020       __imp_GetStringTypeW       0000000180024020     kernel32:KERNEL32.dll
 0002:00000028       __imp_SetStdHandle         0000000180024028     kernel32:KERNEL32.dll
 0002:00000030       __imp_FlushFileBuffers     0000000180024030     kernel32:KERNEL32.dll
 0002:00000038       __imp_CloseHandle          0000000180024038     kernel32:KERNEL32.dll
 0002:00000040       __imp_CreateFileW          0000000180024040     kernel32:KERNEL32.dll
 0002:00000048       __imp_GetProcessHeap       0000000180024048     kernel32:KERNEL32.dll
 0002:00000050       __imp_FreeEnvironmentStringsW 0000000180024050     kernel32:KERNEL32.dll
 0002:00000058       __imp_GetEnvironmentStringsW 0000000180024058     kernel32:KERNEL32.dll
 0002:00000060       __imp_WideCharToMultiByte  0000000180024060     kernel32:KERNEL32.dll
 0002:00000068       __imp_MultiByteToWideChar  0000000180024068     kernel32:KERNEL32.dll
 0002:00000070       __imp_GetCommandLineW      0000000180024070     kernel32:KERNEL32.dll
 0002:00000078       __imp_GetCommandLineA      0000000180024078     kernel32:KERNEL32.dll
 0002:00000080       __imp_GetCPInfo            0000000180024080     kernel32:KERNEL32.dll
 0002:00000088       __imp_RtlCaptureContext    0000000180024088     kernel32:KERNEL32.dll
 0002:00000090       __imp_RtlLookupFunctionEntry 0000000180024090     kernel32:KERNEL32.dll
 0002:00000098       __imp_RtlVirtualUnwind     0000000180024098     kernel32:KERNEL32.dll
 0002:000000a0       __imp_UnhandledExceptionFilter 00000001800240a0     kernel32:KERNEL32.dll
 0002:000000a8       __imp_SetUnhandledExceptionFilter 00000001800240a8     kernel32:KERNEL32.dll
 0002:000000b0       __imp_GetCurrentProcess    00000001800240b0     kernel32:KERNEL32.dll
 0002:000000b8       __imp_TerminateProcess     00000001800240b8     kernel32:KERNEL32.dll
 0002:000000c0       __imp_IsProcessorFeaturePresent 00000001800240c0     kernel32:KERNEL32.dll
 0002:000000c8       __imp_QueryPerformanceCounter 00000001800240c8     kernel32:KERNEL32.dll
 0002:000000d0       __imp_GetCurrentProcessId  00000001800240d0     kernel32:KERNEL32.dll
 0002:000000d8       __imp_GetCurrentThreadId   00000001800240d8     kernel32:KERNEL32.dll
 0002:000000e0       __imp_GetSystemTimeAsFileTime 00000001800240e0     kernel32:KERNEL32.dll
 0002:000000e8       __imp_InitializeSListHead  00000001800240e8     kernel32:KERNEL32.dll
 0002:000000f0       __imp_IsDebuggerPresent    00000001800240f0     kernel32:KERNEL32.dll
 0002:000000f8       __imp_GetStartupInfoW      00000001800240f8     kernel32:KERNEL32.dll
 0002:00000100       __imp_GetModuleHandleW     0000000180024100     kernel32:KERNEL32.dll
 0002:00000108       __imp_RtlPcToFileHeader    0000000180024108     kernel32:KERNEL32.dll
 0002:00000110       __imp_RaiseException       0000000180024110     kernel32:KERNEL32.dll
 0002:00000118       __imp_RtlUnwindEx          0000000180024118     kernel32:KERNEL32.dll
 0002:00000120       __imp_InterlockedFlushSList 0000000180024120     kernel32:KERNEL32.dll
 0002:00000128       __imp_GetLastError         0000000180024128     kernel32:KERNEL32.dll
 0002:00000130       __imp_SetLastError         0000000180024130     kernel32:KERNEL32.dll
 0002:00000138       __imp_EnterCriticalSection 0000000180024138     kernel32:KERNEL32.dll
 0002:00000140       __imp_LeaveCriticalSection 0000000180024140     kernel32:KERNEL32.dll
 0002:00000148       __imp_DeleteCriticalSection 0000000180024148     kernel32:KERNEL32.dll
 0002:00000150       __imp_InitializeCriticalSectionAndSpinCount 0000000180024150     kernel32:KERNEL32.dll
 0002:00000158       __imp_TlsAlloc             0000000180024158     kernel32:KERNEL32.dll
 0002:00000160       __imp_TlsGetValue          0000000180024160     kernel32:KERNEL32.dll
 0002:00000168       __imp_TlsSetValue          0000000180024168     kernel32:KERNEL32.dll
 0002:00000170       __imp_TlsFree              0000000180024170     kernel32:KERNEL32.dll
 0002:00000178       __imp_FreeLibrary          0000000180024178     kernel32:KERNEL32.dll
 0002:00000180       __imp_GetProcAddress       0000000180024180     kernel32:KERNEL32.dll
 0002:00000188       __imp_LoadLibraryExW       0000000180024188     kernel32:KERNEL32.dll
 0002:00000190       __imp_EncodePointer        0000000180024190     kernel32:KERNEL32.dll
 0002:00000198       __imp_ExitProcess          0000000180024198     kernel32:KERNEL32.dll
 0002:000001a0       __imp_GetModuleHandleExW   00000001800241a0     kernel32:KERNEL32.dll
 0002:000001a8       __imp_GetModuleFileNameW   00000001800241a8     kernel32:KERNEL32.dll
 0002:000001b0       __imp_HeapAlloc            00000001800241b0     kernel32:KERNEL32.dll
 0002:000001b8       __imp_HeapFree             00000001800241b8     kernel32:KERNEL32.dll
 0002:000001c0       __imp_LCMapStringW         00000001800241c0     kernel32:KERNEL32.dll
 0002:000001c8       __imp_GetStdHandle         00000001800241c8     kernel32:KERNEL32.dll
 0002:000001d0       __imp_GetFileType          00000001800241d0     kernel32:KERNEL32.dll
 0002:000001d8       __imp_HeapReAlloc          00000001800241d8     kernel32:KERNEL32.dll
 0002:000001e0       __imp_WriteFile            00000001800241e0     kernel32:KERNEL32.dll
 0002:000001e8       __imp_GetConsoleCP         00000001800241e8     kernel32:KERNEL32.dll
 0002:000001f0       __imp_GetConsoleMode       00000001800241f0     kernel32:KERNEL32.dll
 0002:000001f8       __imp_ReadFile             00000001800241f8     kernel32:KERNEL32.dll
 0002:00000200       __imp_ReadConsoleW         0000000180024200     kernel32:KERNEL32.dll
 0002:00000208       __imp_FindClose            0000000180024208     kernel32:KERNEL32.dll
 0002:00000210       __imp_FindFirstFileExW     0000000180024210     kernel32:KERNEL32.dll
 0002:00000218       __imp_FindNextFileW        0000000180024218     kernel32:KERNEL32.dll
 0002:00000220       __imp_IsValidCodePage      0000000180024220     kernel32:KERNEL32.dll
 0002:00000228       __imp_GetACP               0000000180024228     kernel32:KERNEL32.dll
 0002:00000230       __imp_GetOEMCP             0000000180024230     kernel32:KERNEL32.dll
 0002:00000238       \177KERNEL32_NULL_THUNK_DATA 0000000180024238     kernel32:KERNEL32.dll
 0002:00000240       __imp_?ToString@Value@v8@@QEBA?AV?$Local@VString@v8@@@2@XZ 0000000180024240     iojs:node.dll
 0002:00000248       __imp_node_module_register 0000000180024248     iojs:node.dll
 0002:00000250       __imp_?SetName@Function@v8@@QEAAXV?$Local@VString@v8@@@2@@Z 0000000180024250     iojs:node.dll
 0002:00000258       __imp_?Set@Object@v8@@QEAA_NIV?$Local@VValue@v8@@@2@@Z 0000000180024258     iojs:node.dll
 0002:00000260       __imp_?Set@Object@v8@@QEAA_NV?$Local@VValue@v8@@@2@0@Z 0000000180024260     iojs:node.dll
 0002:00000268       __imp_?New@Number@v8@@SA?AV?$Local@VNumber@v8@@@2@PEAVIsolate@2@N@Z 0000000180024268     iojs:node.dll
 0002:00000270       __imp_?NewFromUtf8@String@v8@@SA?AV?$Local@VString@v8@@@2@PEAVIsolate@2@PEBDW4NewStringType@12@H@Z 0000000180024270     iojs:node.dll
 0002:00000278       __imp_??1Utf8Value@String@v8@@QEAA@XZ 0000000180024278     iojs:node.dll
 0002:00000280       __imp_?NumberValue@Value@v8@@QEBANXZ 0000000180024280     iojs:node.dll
 0002:00000288       __imp_?New@FunctionTemplate@v8@@SA?AV?$Local@VFunctionTemplate@v8@@@2@PEAVIsolate@2@P6AXAEBV?$FunctionCallbackInfo@VValue@v8@@@2@@ZV?$Local@VValue@v8@@@2@V?$Local@VSignature@v8@@@2@HW4ConstructorBehavior@2@@Z 0000000180024288     iojs:node.dll
 0002:00000290       __imp_?GetFunction@FunctionTemplate@v8@@QEAA?AV?$Local@VFunction@v8@@@2@XZ 0000000180024290     iojs:node.dll
 0002:00000298       __imp_?New@Array@v8@@SA?AV?$Local@VArray@v8@@@2@PEAVIsolate@2@H@Z 0000000180024298     iojs:node.dll
 0002:000002a0       __imp_??0HandleScope@v8@@QEAA@PEAVIsolate@1@@Z 00000001800242a0     iojs:node.dll
 0002:000002a8       __imp_??1HandleScope@v8@@QEAA@XZ 00000001800242a8     iojs:node.dll
 0002:000002b0       __imp_?GetCurrent@Isolate@v8@@SAPEAV12@XZ 00000001800242b0     iojs:node.dll
 0002:000002b8       __imp_??0Utf8Value@String@v8@@QEAA@V?$Local@VValue@v8@@@2@@Z 00000001800242b8     iojs:node.dll
 0002:000002c0       \177node_NULL_THUNK_DATA   00000001800242c0     iojs:node.dll
 0002:000002c8       __guard_check_icall_fptr   00000001800242c8     LIBCMT:guard_support.obj
 0002:000002d0       __guard_dispatch_icall_fptr 00000001800242d0     LIBCMT:guard_support.obj
 0002:000002d8       __xc_a                     00000001800242d8     LIBCMT:initializers.obj
 0002:000002e0       _register_addon_           00000001800242e0     main.obj
 0002:000002e8       __xc_z                     00000001800242e8     LIBCMT:initializers.obj
 0002:000002f0       __xi_a                     00000001800242f0     LIBCMT:initializers.obj
 0002:000002f8       __acrt_stdio_initializer   00000001800242f8     libucrt:stdio_initializer.obj
 0002:00000300       __acrt_multibyte_initializer 0000000180024300     libucrt:multibyte_initializer.obj
 0002:00000308       __acrt_tran_fma3_initializer 0000000180024308     libucrt:fma3_initializer.obj
 0002:00000310       __xi_z                     0000000180024310     LIBCMT:initializers.obj
 0002:00000318       __xp_a                     0000000180024318     LIBCMT:initializers.obj
 0002:00000320       __acrt_locale_terminator   0000000180024320     libucrt:locale_initializer.obj
 0002:00000328       __dcrt_console_output_terminator 0000000180024328     libucrt:console_output_initializer.obj
 0002:00000330       __acrt_stdio_terminator    0000000180024330     libucrt:stdio_initializer.obj
 0002:00000338       __xp_z                     0000000180024338     LIBCMT:initializers.obj
 0002:00000340       __xt_a                     0000000180024340     LIBCMT:initializers.obj
 0002:00000348       __xt_z                     0000000180024348     LIBCMT:initializers.obj
 0002:00000358       ??_7exception@std@@6B@     0000000180024358     libcpmt:xthrow.obj
 0002:00000368       ??_C@_0BC@EOODALEL@Unknown?5exception@ 0000000180024368     libcpmt:xthrow.obj
 0002:00000388       ??_7bad_alloc@std@@6B@     0000000180024388     libcpmt:xthrow.obj
 0002:00000398       ??_C@_0P@GHFPNOJB@bad?5allocation@ 0000000180024398     libcpmt:xthrow.obj
 0002:000003b0       ??_7logic_error@std@@6B@   00000001800243b0     libcpmt:xthrow.obj
 0002:000003c8       ??_7length_error@std@@6B@  00000001800243c8     libcpmt:xthrow.obj
 0002:000003d8       _pDefaultRawDllMain        00000001800243d8     LIBCMT:dll_dllmain.obj
 0002:000003d8       _pRawDllMain               00000001800243d8     LIBCMT:dll_dllmain.obj
 0002:000003e8       ??_7type_info@@6B@         00000001800243e8     LIBCMT:std_type_info_static.obj
 0002:00000408       ??_7bad_array_new_length@std@@6B@ 0000000180024408     LIBCMT:throw_bad_alloc.obj
 0002:00000418       ??_C@_0BF@KINCDENJ@bad?5array?5new?5length@ 0000000180024418     LIBCMT:throw_bad_alloc.obj
 0002:00000470       _pDestructExceptionObject  0000000180024470     libvcruntime:ehhelpers.obj
 0002:000007b8       ??_C@_08EHJDFFNH@__based?$CI@ 00000001800247b8     libvcruntime:undname.obj
 0002:000007c8       ??_C@_07KOLFKCDI@__cdecl@  00000001800247c8     libvcruntime:undname.obj
 0002:000007d0       ??_C@_08GHMPAG@__pascal@   00000001800247d0     libvcruntime:undname.obj
 0002:000007e0       ??_C@_09IFJBGAPI@__stdcall@ 00000001800247e0     libvcruntime:undname.obj
 0002:000007f0       ??_C@_0L@NPHFGOKO@__thiscall@ 00000001800247f0     libvcruntime:undname.obj
 0002:00000800       ??_C@_0L@JMKHOMEK@__fastcall@ 0000000180024800     libvcruntime:undname.obj
 0002:00000810       ??_C@_0N@BCKKPABJ@__vectorcall@ 0000000180024810     libvcruntime:undname.obj
 0002:00000820       ??_C@_09HIJEGCPM@__clrcall@ 0000000180024820     libvcruntime:undname.obj
 0002:0000082c       ??_C@_06GHPCKEAG@__eabi@   000000018002482c     libvcruntime:undname.obj
 0002:00000838       ??_C@_09IOPIDJLG@__swift_1@ 0000000180024838     libvcruntime:undname.obj
 0002:00000848       ??_C@_09KFNFGKHF@__swift_2@ 0000000180024848     libvcruntime:undname.obj
 0002:00000858       ??_C@_07JOMMBBKO@__ptr64@  0000000180024858     libvcruntime:undname.obj
 0002:00000860       ??_C@_0L@PILCLIHE@__restrict@ 0000000180024860     libvcruntime:undname.obj
 0002:00000870       ??_C@_0M@GFIIJFMG@__unaligned@ 0000000180024870     libvcruntime:undname.obj
 0002:00000880       ??_C@_09DHDLOLLB@restrict?$CI@ 0000000180024880     libvcruntime:undname.obj
 0002:0000088a       ??_C@_00CNPNBAHC@@         000000018002488a     libvcruntime:undname.obj
 0002:0000088c       ??_C@_04NIHEBCM@?5new@     000000018002488c     libvcruntime:undname.obj
 0002:00000898       ??_C@_07FPCDHGMM@?5delete@ 0000000180024898     libvcruntime:undname.obj
 0002:000008a0       ??_C@_01NEMOKFLO@?$DN@     00000001800248a0     libvcruntime:undname.obj
 0002:000008a4       ??_C@_02GPIOPFAK@?$DO?$DO@ 00000001800248a4     libvcruntime:undname.obj
 0002:000008a8       ??_C@_02FODMEDOG@?$DM?$DM@ 00000001800248a8     libvcruntime:undname.obj
[...]
 0004:000014c4       $pdata$?truncate_ctrl_z_if_present@@YAHH@Z 00000001800364c4     libucrt:open.obj
 0004:000014d0       $pdata$_sopen_nolock       00000001800364d0     libucrt:open.obj
 0004:000014dc       $pdata$_sopen_s            00000001800364dc     libucrt:open.obj
 0004:000014e8       $pdata$_wsopen_nolock      00000001800364e8     libucrt:open.obj
 0004:000014f4       $pdata$?GetTableIndexFromLocaleName@@YAHPEB_W@Z 00000001800364f4     libucrt:lcidtoname_downlevel.obj
 0004:00001500       $pdata$__acrt_DownlevelLocaleNameToLCID 0000000180036500     libucrt:lcidtoname_downlevel.obj
 0004:0000150c       $pdata$_fclose_nolock      000000018003650c     libucrt:fclose.obj
 0004:00001518       $pdata$fclose              0000000180036518     libucrt:fclose.obj
 0004:00001524       $pdata$??$?RV<lambda_a37b2b86f63e897a80ea819b0eb08c01>@@AEAV<lambda_38ce7e780aa69e748d6df282ebc68efe>@@V<lambda_99fb1378e971ab6e7edea83e3a7a83a2>@@@?$__crt_seh_guarded_call@H@@QEAAH$$QEAV<lambda_a37b2b86f63e897a80ea819b0eb08c01>@@AEAV<lambda_38ce7e780aa69e748d6df282ebc68efe>@@$$QEAV<lambda_99fb1378e971ab6e7edea83e3a7a83a2>@@@Z 0000000180036524     libucrt:commit.obj
 0004:00001530       $pdata$_commit             0000000180036530     libucrt:commit.obj
 0004:0000153c       $pdata$__acrt_lowio_create_handle_array 000000018003653c     libucrt:osfinfo.obj
 0004:00001548       $pdata$__acrt_lowio_destroy_handle_array 0000000180036548     libucrt:osfinfo.obj
 0004:00001554       $pdata$__acrt_lowio_ensure_fh_exists 0000000180036554     libucrt:osfinfo.obj
 0004:00001560       $pdata$__acrt_lowio_set_os_handle 0000000180036560     libucrt:osfinfo.obj
 0004:0000156c       $pdata$_alloc_osfhnd       000000018003656c     libucrt:osfinfo.obj
 0004:00001578       $pdata$_free_osfhnd        0000000180036578     libucrt:osfinfo.obj
 0004:00001584       $pdata$_get_osfhandle      0000000180036584     libucrt:osfinfo.obj
 0004:00001590       $pdata$_isleadbyte_l       0000000180036590     libucrt:_wctype.obj
 0004:0000159c       $pdata$?__acrt_LCMapStringA_stat@@YAHPEAU__crt_locale_pointers@@PEB_WKPEBDHPEADHHH@Z 000000018003659c     libucrt:lcmapstringa.obj
 0004:000015a8       $pdata$__acrt_LCMapStringA 00000001800365a8     libucrt:lcmapstringa.obj
 0004:000015b4       $pdata$?__mbrtowc_utf8@__crt_mbstring@@YA_KPEA_WPEBD_KPEAU_Mbstatet@@@Z 00000001800365b4     libucrt:mbrtowc.obj
 0004:000015c0       $pdata$?__mbsrtowcs_utf8@__crt_mbstring@@YA_KPEA_WPEAPEBD_KPEAU_Mbstatet@@@Z 00000001800365c0     libucrt:mbrtowc.obj
 0004:000015cc       $pdata$__acrt_free_locale  00000001800365cc     libucrt:locale_refcounting.obj
 0004:000015d8       $pdata$__acrt_locale_free_lc_time_if_unreferenced 00000001800365d8     libucrt:locale_refcounting.obj
 0004:000015e4       $pdata$__acrt_release_locale_ref 00000001800365e4     libucrt:locale_refcounting.obj
 0004:000015f0       $pdata$__acrt_update_thread_locale_data 00000001800365f0     libucrt:locale_refcounting.obj
 0004:000015fc       $pdata$_updatetlocinfoEx_nolock 00000001800365fc     libucrt:locale_refcounting.obj
 0004:00001608       $pdata$__acrt_fp_strflt_to_string 0000000180036608     libucrt:_fptostr.obj
 0004:00001614       $pdata$__acrt_fltout       0000000180036614     libucrt:cfout.obj
 0004:00001620       $pdata$_isatty             0000000180036620     libucrt:isatty.obj
 0004:0000162c       $pdata$__acrt_locale_free_monetary 000000018003662c     libucrt:initmon.obj
 0004:00001638       $pdata$__acrt_locale_free_numeric 0000000180036638     libucrt:initnum.obj
 0004:00001644       $pdata$?free_crt_array_internal@@YAXQEAPEBX_K@Z 0000000180036644     libucrt:inittime.obj
 0004:00001650       $pdata$__acrt_locale_free_time 0000000180036650     libucrt:inittime.obj
 0004:0000165c       $pdata$__acrt_GetStringTypeA 000000018003665c     libucrt:getstringtypea.obj
 0004:00001668       $pdata$??$common_lseek@_J@@YA_JH_JH@Z 0000000180036668     libucrt:lseek.obj
 0004:00001674       $pdata$??$common_lseek_nolock@_J@@YA_JH_JH@Z 0000000180036674     libucrt:lseek.obj
 0004:00001680       $pdata$_putwch_nolock      0000000180036680     libucrt:putwch.obj
 0004:0000168c       $pdata$__acrt_stdio_allocate_buffer_nolock 000000018003668c     libucrt:_getbuf.obj
 0004:00001698       $pdata$__acrt_fenv_set_control 0000000180036698     libucrt:_fenvutils.obj
 0004:000016a4       $pdata$strncpy_s           00000001800366a4     libucrt:strncpy_s.obj
 0004:000016b0       $pdata$fallbackMethod      00000001800366b0     libucrt:strpbrk.obj
 0004:000016bc       $pdata$strpbrk             00000001800366bc     libucrt:strpbrk.obj
 0004:000016c8       $pdata$??$__acrt_convert_wcs_mbs@D_W$$A6A_KPEA_WPEBD_KPEAU__crt_locale_pointers@@@ZU__crt_win32_buffer_internal_dynamic_resizing@@@@YAHQEBDAEAV?$__crt_win32_buffer@_WU__crt_win32_buffer_internal_dynamic_resizing@@@@A6A_KPEA_WPEBD_KPEAU__crt_locale_pointers@@@Z5@Z 00000001800366c8     libucrt:findfirstfileexa.obj
 0004:000016d4       $pdata$__acrt_FindFirstFileExA 00000001800366d4     libucrt:findfirstfileexa.obj
 0004:000016e0       $pdata$??$__acrt_convert_wcs_mbs@_WD$$A6A_KPEADPEB_W_KPEAU__crt_locale_pointers@@@ZU__crt_win32_buffer_no_resizing@@@@YAHQEB_WAEAV?$__crt_win32_buffer@DU__crt_win32_buffer_no_resizing@@@@A6A_KPEADPEB_W_KPEAU__crt_locale_pointers@@@Z5@Z 00000001800366e0     libucrt:findnextfilea.obj
 0004:000016ec       $pdata$__acrt_FindNextFileA 00000001800366ec     libucrt:findnextfilea.obj
 0004:000016f8       $pdata$_mbsdec_l           00000001800366f8     libucrt:mbsdec.obj
 0004:00001704       $pdata$?_mbstowcs_l_helper@@YA_KPEA_WPEBD_KPEAU__crt_locale_pointers@@@Z 0000000180036704     libucrt:mbstowcs.obj
 0004:00001710       $pdata$?initialize_multibyte@@YAHXZ 0000000180036710     libucrt:multibyte_initializer.obj
 0004:0000171c       $pdata$_msize_base         000000018003671c     libucrt:msize.obj
 0004:00001728       $pdata$_get_fmode          0000000180036728     libucrt:setmode.obj
 0004:00001734       $pdata$_setmode_nolock     0000000180036734     libucrt:setmode.obj
 0004:00001740       $pdata$_chsize_nolock      0000000180036740     libucrt:chsize.obj
 0004:0000174c       $pdata$??$?RV<lambda_751a882b2c74d4b022dec766aa51a29a>@@AEAV<lambda_628dfdc04ba53c8bfc02c9951375f3f5>@@V<lambda_f6c7be5f7998530c34de24c7437d6b54>@@@?$__crt_seh_guarded_call@H@@QEAAH$$QEAV<lambda_751a882b2c74d4b022dec766aa51a29a>@@AEAV<lambda_628dfdc04ba53c8bfc02c9951375f3f5>@@$$QEAV<lambda_f6c7be5f7998530c34de24c7437d6b54>@@@Z 000000018003674c     libucrt:close.obj
 0004:00001758       $pdata$_close              0000000180036758     libucrt:close.obj
 0004:00001764       $pdata$_close_nolock       0000000180036764     libucrt:close.obj
 0004:00001770       $pdata$?__mbrtoc32_utf8@__crt_mbstring@@YA_KPEA_UPEBD_KPEAU_Mbstatet@@@Z 0000000180036770     libucrt:mbrtoc32.obj
 0004:0000177c       $pdata$fegetenv            000000018003677c     libucrt:fegetenv.obj
 0004:00001788       $pdata$fesetenv            0000000180036788     libucrt:fesetenv.obj
 0004:00001794       $pdata$feholdexcept        0000000180036794     libucrt:feholdexcept.obj
 0004:000017ac       $pdata$__dcrt_lowio_ensure_console_output_initialized 00000001800367ac     libucrt:initcon.obj
 0004:000017b8       $pdata$__dcrt_terminate_console_output 00000001800367b8     libucrt:initcon.obj
 0004:000017c4       $pdata$__dcrt_write_console 00000001800367c4     libucrt:initcon.obj
 0004:000017d0       $pdata$?_wcstombs_l_helper@@YA_KPEADPEB_W_KPEAU__crt_locale_pointers@@@Z 00000001800367d0     libucrt:wcstombs.obj
 0004:000017dc       $pdata$_clearfp            00000001800367dc     libucrt:ieee.obj
 0004:000017e8       $pdata$_call_matherr       00000001800367e8     libucrt:libm_error.obj
 0004:000017f4       $pdata$_exception_enabled  00000001800367f4     libucrt:libm_error.obj
 0004:00001800       $pdata$_handle_error       0000000180036800     libucrt:libm_error.obj
 0004:0000180c       $pdata$__acrt_initialize_fma3 000000018003680c     libucrt:fma3_available.obj
 0004:00001818       $pdata$_log10_special      0000000180036818     libucrt:log_special.obj
 0004:00001824       $pdata$_log_special        0000000180036824     libucrt:log_special.obj
 0004:00001830       $pdata$_log_special_common 0000000180036830     libucrt:log_special.obj
 0004:0000183c       $pdata$?__wcsrtombs_utf8@__crt_mbstring@@YA_KPEADPEAPEB_W_KPEAU_Mbstatet@@@Z 000000018003683c     libucrt:wcrtomb.obj
 0004:00001854       $pdata$_raise_exc          0000000180036854     libucrt:fpexcept.obj
 0004:00001860       $pdata$_raise_exc_ex       0000000180036860     libucrt:fpexcept.obj
 0004:0000186c       $pdata$_set_errno_from_matherr 000000018003686c     libucrt:fpexcept.obj
 0004:00001878       $pdata$_clrfp              0000000180036878     libucrt:fpctrl.obj
 0004:00001884       $pdata$_ctrlfp             0000000180036884     libucrt:fpctrl.obj
 0004:00001890       $pdata$_set_statfp         0000000180036890     libucrt:fpctrl.obj
 0004:0000189c       $pdata$_statfp             000000018003689c     libucrt:fpctrl.obj
 0004:000018a8       $pdata$?__c16rtomb_utf8@__crt_mbstring@@YA_KPEAD_SPEAU_Mbstatet@@@Z 00000001800368a8     libucrt:c16rtomb.obj
 0004:000018b4       $pdata$?__c32rtomb_utf8@__crt_mbstring@@YA_KPEAD_UPEAU_Mbstatet@@@Z 00000001800368b4     libucrt:c32rtomb.obj
 0004:000018c0       $pdata$_IsNonwritableInCurrentImage 00000001800368c0     LIBCMT:pesect.obj
 0004:000018cc       $pdata$__GSHandlerCheck    00000001800368cc     LIBCMT:_gshandler_.obj
 0004:000018d8       $pdata$__GSHandlerCheckCommon 00000001800368d8     LIBCMT:_gshandler_.obj
 0004:000018f0       $pdata$__GSHandlerCheck_EH 00000001800368f0     LIBCMT:gshandlereh.obj
 0004:000018fc       $pdata$strrchr             00000001800368fc     libvcruntime:strrchr.obj
 0004:00001914       $pdata$fmod                0000000180036914     libucrt:fmod.obj
 0004:00001938       $pdata$sqrt                0000000180036938     libucrt:sqrt.obj
 0004:00001950       $pdata$_pow_special        0000000180036950     libucrt:pow_special.obj
 0004:00001968       $pdata$?fin$0@?0??dllmain_crt_process_attach@@YAHQEAUHINSTANCE__@@QEAX@Z@4HA 0000000180036968     LIBCMT:dll_dllmain.obj
 0004:00001974       $pdata$?fin$0@?0??dllmain_crt_process_detach@@YAH_N@Z@4HA 0000000180036974     LIBCMT:dll_dllmain.obj
 0004:00001980       $pdata$?filt$0@?0??dllmain_dispatch@@YAHQEAUHINSTANCE__@@KQEAX@Z@4HA 0000000180036980     LIBCMT:dll_dllmain.obj
 0004:0000198c       $pdata$__scrt_is_nonwritable_in_current_image$filt$0 000000018003698c     LIBCMT:utility.obj
 0004:00001998       $pdata$__DestructExceptionObject$filt$0 0000000180036998     libvcruntime:ehhelpers.obj
 0004:000019a4       $pdata$?filt$0@?0???$_CallSETranslator@V__FrameHandler3@@@@YAHPEAUEHExceptionRecord@@PEA_KPEAU_CONTEXT@@PEAU_xDISPATCHER_CONTEXT@@PEBU_s_FuncInfo@@K1@Z@4HA 00000001800369a4     libvcruntime:risctrnsctrl.obj
 0004:000019b0       $pdata$?filt$0@?0??CxxCallCatchBlock@__FrameHandler3@@SAPEAXPEAU_EXCEPTION_RECORD@@@Z@4HA 00000001800369b0     libvcruntime:frame.obj
 0004:000019bc       $pdata$?fin$1@?0??CxxCallCatchBlock@__FrameHandler3@@SAPEAXPEAU_EXCEPTION_RECORD@@@Z@4HA 00000001800369bc     libvcruntime:frame.obj
 0004:000019c8       $pdata$?filt$0@?0??FrameUnwindToState@__FrameHandler3@@SAXPEA_KPEAU_xDISPATCHER_CONTEXT@@PEBU_s_FuncInfo@@H@Z@4HA 00000001800369c8     libvcruntime:frame.obj
 0004:000019d4       $pdata$?fin$1@?0??FrameUnwindToState@__FrameHandler3@@SAXPEA_KPEAU_xDISPATCHER_CONTEXT@@PEBU_s_FuncInfo@@H@Z@4HA 00000001800369d4     libvcruntime:frame.obj
 0004:000019e0       $pdata$?fin$0@?0???$common_fsopen@D@@YAPEAU_iobuf@@QEBD0H@Z@4HA 00000001800369e0     libucrt:fopen.obj
 0004:000019ec       $pdata$?fin$0@?0???$?RV<lambda_bdbcead8b570fa3d5ec6d9679862a6e5>@@AEAV<lambda_96f4279ff90247a4c5c5d9824f56f8c1>@@V<lambda_4606be27f17b5e5579e09050fab91818>@@@?$__crt_seh_guarded_call@_K@@QEAA_K$$QEAV<lambda_bdbcead8b570fa3d5ec6d9679862a6e5>@@AEAV<lambda_96f4279ff90247a4c5c5d9824f56f8c1>@@$$QEAV<lambda_4606be27f17b5e5579e09050fab91818>@@@Z@4HA 00000001800369ec     libucrt:fwrite.obj
 0004:000019ec       $pdata$?fin$0@?0???$?RV<lambda_842d9ff0dc9ef11c61343bbaebe7f885>@@AEAV<lambda_c5860995281e5c4ce005b3de8f5874ee>@@V<lambda_d90129c13df834fdcbf8d2b88dafcf2d>@@@?$__crt_seh_guarded_call@X@@QEAAX$$QEAV<lambda_842d9ff0dc9ef11c61343bbaebe7f885>@@AEAV<lambda_c5860995281e5c4ce005b3de8f5874ee>@@$$QEAV<lambda_d90129c13df834fdcbf8d2b88dafcf2d>@@@Z@4HA 00000001800369ec     libucrt:fflush.obj
 0004:000019ec       $pdata$?fin$0@?0???$?RV<lambda_a62c933ada0517137acf5807a1eeac1f>@@AEAV<lambda_a31071773b9a94e445cbd5d04ef99106>@@V<lambda_56065050dbf3ada7e59a83db45153de3>@@@?$__crt_seh_guarded_call@H@@QEAAH$$QEAV<lambda_a62c933ada0517137acf5807a1eeac1f>@@AEAV<lambda_a31071773b9a94e445cbd5d04ef99106>@@$$QEAV<lambda_56065050dbf3ada7e59a83db45153de3>@@@Z@4HA 00000001800369ec     libucrt:output.obj
 0004:000019f8       $pdata$fread_s$fin$0       00000001800369f8     libucrt:fread.obj
 0004:00001a04       $pdata$_query_new_handler$fin$0 0000000180036a04     libucrt:new_handler.obj
 0004:00001a10       $pdata$?fin$0@?0???$?RV<lambda_2d41944a1d46af3157314b8a01080d33>@@AEAV<lambda_8f455de75cd7d7f24b4096f044d8b9e6>@@V<lambda_aa500f224e6afead328df44964fe2772>@@@?$__crt_seh_guarded_call@X@@QEAAX$$QEAV<lambda_2d41944a1d46af3157314b8a01080d33>@@AEAV<lambda_8f455de75cd7d7f24b4096f044d8b9e6>@@$$QEAV<lambda_aa500f224e6afead328df44964fe2772>@@@Z@4HA 0000000180036a10     libucrt:per_thread_data.obj
 0004:00001a10       $pdata$?fin$0@?0???$?RV<lambda_efdfa57d1f175319df784efa44bb7b81>@@AEAV<lambda_5f0a4c1567f8adc6734073e5d1e1b35c>@@V<lambda_2e8a7d3640ea6ccb4c2413664c2db6fd>@@@?$__crt_seh_guarded_call@X@@QEAAX$$QEAV<lambda_efdfa57d1f175319df784efa44bb7b81>@@AEAV<lambda_5f0a4c1567f8adc6734073e5d1e1b35c>@@$$QEAV<lambda_2e8a7d3640ea6ccb4c2413664c2db6fd>@@@Z@4HA 0000000180036a10     libucrt:mbctype.obj
 0004:00001a10       $pdata$?fin$0@?0???$?RV<lambda_aa87e3671a710a21b5dc78c0bdf72e11>@@AEAV<lambda_92619d2358a28f41a33ba319515a20b9>@@V<lambda_6992ecaafeb10aed2b74cb1fae11a551>@@@?$__crt_seh_guarded_call@X@@QEAAX$$QEAV<lambda_aa87e3671a710a21b5dc78c0bdf72e11>@@AEAV<lambda_92619d2358a28f41a33ba319515a20b9>@@$$QEAV<lambda_6992ecaafeb10aed2b74cb1fae11a551>@@@Z@4HA 0000000180036a10     libucrt:per_thread_data.obj
 0004:00001a10       $pdata$?fin$0@?0???$?RV<lambda_0ae27a3a962d80f24befdcbee591983d>@@AEAV<lambda_8d0ee55de4b1038c4002e0adecdf1839>@@V<lambda_dc504788e8f1664fe9b84e20bfb512f2>@@@?$__crt_seh_guarded_call@X@@QEAAX$$QEAV<lambda_0ae27a3a962d80f24befdcbee591983d>@@AEAV<lambda_8d0ee55de4b1038c4002e0adecdf1839>@@$$QEAV<lambda_dc504788e8f1664fe9b84e20bfb512f2>@@@Z@4HA 0000000180036a10     libucrt:per_thread_data.obj
 0004:00001a10       $pdata$?fin$0@?0???$?RV<lambda_450d765d439847d4c735a33c368b5fc0>@@AEAV<lambda_44731a7d0e6d81c3e6aa82d741081786>@@V<lambda_601a2a7da3b7a96e9554ac7215c4b07c>@@@?$__crt_seh_guarded_call@P6AXH@Z@@QEAAP6AXH@Z$$QEAV<lambda_450d765d439847d4c735a33c368b5fc0>@@AEAV<lambda_44731a7d0e6d81c3e6aa82d741081786>@@$$QEAV<lambda_601a2a7da3b7a96e9554ac7215c4b07c>@@@Z@4HA 0000000180036a10     libucrt:signal.obj
 0004:00001a10       $pdata$?fin$0@?0???$?RV<lambda_d80eeec6fff315bfe5c115232f3240e3>@@AEAV<lambda_6e4b09c48022b2350581041d5f6b0c4c>@@V<lambda_2358e3775559c9db80273638284d5e45>@@@?$__crt_seh_guarded_call@X@@QEAAX$$QEAV<lambda_d80eeec6fff315bfe5c115232f3240e3>@@AEAV<lambda_6e4b09c48022b2350581041d5f6b0c4c>@@$$QEAV<lambda_2358e3775559c9db80273638284d5e45>@@@Z@4HA 0000000180036a10     libucrt:exit.obj
 0004:00001a10       $pdata$?fin$0@?0???$?RV<lambda_f2e299630e499de9f9a165e60fcd3db5>@@AEAV<lambda_2ae9d31cdba2644fcbeaf08da7c24588>@@V<lambda_40d01ff24d0e7b3814fdbdcee8eab3c7>@@@?$__crt_seh_guarded_call@X@@QEAAX$$QEAV<lambda_f2e299630e499de9f9a165e60fcd3db5>@@AEAV<lambda_2ae9d31cdba2644fcbeaf08da7c24588>@@$$QEAV<lambda_40d01ff24d0e7b3814fdbdcee8eab3c7>@@@Z@4HA 0000000180036a10     libucrt:per_thread_data.obj
 0004:00001a10       $pdata$?fin$0@?0???$?RV<lambda_7777bce6b2f8c936911f934f8298dc43>@@AEAV<lambda_f03950bc5685219e0bcd2087efbe011e>@@V<lambda_3883c3dff614d5e0c5f61bb1ac94921c>@@@?$__crt_seh_guarded_call@H@@QEAAH$$QEAV<lambda_7777bce6b2f8c936911f934f8298dc43>@@AEAV<lambda_f03950bc5685219e0bcd2087efbe011e>@@$$QEAV<lambda_3883c3dff614d5e0c5f61bb1ac94921c>@@@Z@4HA 0000000180036a10     libucrt:onexit.obj
 0004:00001a1c       $pdata$?filt$0@?0???R<lambda_6e4b09c48022b2350581041d5f6b0c4c>@@QEBA@XZ@4HA 0000000180036a1c     libucrt:exit.obj
 0004:00001a28       $pdata$?fin$0@?0??__acrt_stdio_allocate_stream@@YA?AV__crt_stdio_stream@@XZ@4HA 0000000180036a28     libucrt:stream.obj
 0004:00001a28       $pdata$_fcloseall$fin$0    0000000180036a28     libucrt:closeall.obj
 0004:00001a34       $pdata$?fin$0@?0???$?RV<lambda_886d6c58226a84441f68b9f2b8217b83>@@AEAV<lambda_ab61a845afdef5b7c387490eaf3616ee>@@V<lambda_f7f22ab5edc0698d5f6905b0d3f44752>@@@?$__crt_seh_guarded_call@X@@QEAAX$$QEAV<lambda_886d6c58226a84441f68b9f2b8217b83>@@AEAV<lambda_ab61a845afdef5b7c387490eaf3616ee>@@$$QEAV<lambda_f7f22ab5edc0698d5f6905b0d3f44752>@@@Z@4HA 0000000180036a34     libucrt:fflush.obj
 0004:00001a40       $pdata$__acrt_lowio_ensure_fh_exists$fin$0 0000000180036a40     libucrt:osfinfo.obj
 0004:00001a40       $pdata$_alloc_osfhnd$fin$0 0000000180036a40     libucrt:osfinfo.obj
 0004:00001a40       $pdata$__acrt_initialize_lowio$fin$0 0000000180036a40     libucrt:ioinit.obj
 0004:00001a4c       $pdata$?fin$0@?0???$?RV<lambda_410d79af7f07d98d83a3f525b3859a53>@@AEAV<lambda_3e16ef9562a7dcce91392c22ab16ea36>@@V<lambda_38119f0e861e05405d8a144b9b982f0a>@@@?$__crt_seh_guarded_call@X@@QEAAX$$QEAV<lambda_410d79af7f07d98d83a3f525b3859a53>@@AEAV<lambda_3e16ef9562a7dcce91392c22ab16ea36>@@$$QEAV<lambda_38119f0e861e05405d8a144b9b982f0a>@@@Z@4HA 0000000180036a4c     libucrt:wsetlocale.obj
 0004:00001a58       $pdata$?fin$0@?0???$common_lseek@_J@@YA_JH_JH@Z@4HA 0000000180036a58     libucrt:lseek.obj
 0004:00001a58       $pdata$_write$fin$0        0000000180036a58     libucrt:write.obj
 0004:00001a64       $pdata$_read$fin$0         0000000180036a64     libucrt:read.obj
 0004:00001a70       $pdata$?fin$0@?0??update_thread_multibyte_data_internal@@YAPEAU__crt_multibyte_data@@QEAU__acrt_ptd@@QEAPEAU1@@Z@4HA 0000000180036a70     libucrt:mbctype.obj
 0004:00001a7c       $pdata$raise$fin$0         0000000180036a7c     libucrt:signal.obj
 0004:00001a88       $pdata$?fin$0@?0???$common_sopen_dispatch@D@@YAHQEBDHHHQEAHH@Z@4HA 0000000180036a88     libucrt:open.obj
 0004:00001a94       $pdata$fclose$fin$0        0000000180036a94     libucrt:fclose.obj
 0004:00001aa0       $pdata$?fin$0@?0???$?RV<lambda_751a882b2c74d4b022dec766aa51a29a>@@AEAV<lambda_628dfdc04ba53c8bfc02c9951375f3f5>@@V<lambda_f6c7be5f7998530c34de24c7437d6b54>@@@?$__crt_seh_guarded_call@H@@QEAAH$$QEAV<lambda_751a882b2c74d4b022dec766aa51a29a>@@AEAV<lambda_628dfdc04ba53c8bfc02c9951375f3f5>@@$$QEAV<lambda_f6c7be5f7998530c34de24c7437d6b54>@@@Z@4HA 0000000180036aa0     libucrt:close.obj
 0004:00001aa0       $pdata$?fin$0@?0???$?RV<lambda_a37b2b86f63e897a80ea819b0eb08c01>@@AEAV<lambda_38ce7e780aa69e748d6df282ebc68efe>@@V<lambda_99fb1378e971ab6e7edea83e3a7a83a2>@@@?$__crt_seh_guarded_call@H@@QEAAH$$QEAV<lambda_a37b2b86f63e897a80ea819b0eb08c01>@@AEAV<lambda_38ce7e780aa69e748d6df282ebc68efe>@@$$QEAV<lambda_99fb1378e971ab6e7edea83e3a7a83a2>@@@Z@4HA 0000000180036aa0     libucrt:commit.obj
 0004:00001aac       $pdata$__acrt_update_thread_locale_data$fin$0 0000000180036aac     libucrt:locale_refcounting.obj
 0004:00001ab8       $pdata$_ctrlfp$filt$0      0000000180036ab8     libucrt:fpctrl.obj
 0004:00001ac4       $pdata$_IsNonwritableInCurrentImage$filt$0 0000000180036ac4     LIBCMT:pesect.obj
 0005:00000060       $R000000                   0000000180037060     * linker generated manifest res *

 Exports

  ordinal    name

        1    _register_addon_
